06-07 19:45:06.768 24564 24611 E gralloc4: Empty SMPTE 2094-40 data
06-07 19:45:06.786 24564 24611 E gralloc4: Empty SMPTE 2094-40 data
06-07 19:45:06.804 24564 24611 E gralloc4: Empty SMPTE 2094-40 data
06-07 19:45:06.819 24564 24611 E gralloc4: Empty SMPTE 2094-40 data
06-07 19:45:06.838 24564 24611 E gralloc4: Empty SMPTE 2094-40 data
06-07 19:45:06.852 24564 24611 E gralloc4: Empty SMPTE 2094-40 data
06-07 19:45:06.868 24564 24611 E gralloc4: Empty SMPTE 2094-40 data
06-07 19:45:06.887 24564 24611 E gralloc4: Empty SMPTE 2094-40 data
06-07 19:45:06.904 24564 24611 E gralloc4: Empty SMPTE 2094-40 data
06-07 19:45:06.920 24564 24611 E gralloc4: Empty SMPTE 2094-40 data
06-07 19:45:06.936 24564 24611 E gralloc4: Empty SMPTE 2094-40 data
06-07 19:45:06.952 24564 24611 E gralloc4: Empty SMPTE 2094-40 data
06-07 19:45:06.970 24564 24611 E gralloc4: Empty SMPTE 2094-40 data
06-07 19:45:06.986 24564 24611 E gralloc4: Empty SMPTE 2094-40 data
06-07 19:45:07.003 24564 24611 E gralloc4: Empty SMPTE 2094-40 data
06-07 19:45:07.020 24564 24611 E gralloc4: Empty SMPTE 2094-40 data
06-07 19:45:07.036 24564 24611 E gralloc4: Empty SMPTE 2094-40 data
06-07 19:45:07.053 24564 24611 E gralloc4: Empty SMPTE 2094-40 data
06-07 19:45:07.069 24564 24611 E gralloc4: Empty SMPTE 2094-40 data
06-07 19:45:07.085 24564 24611 E gralloc4: Empty SMPTE 2094-40 data
06-07 19:45:07.102 24564 24611 E gralloc4: Empty SMPTE 2094-40 data
06-07 19:45:07.118 24564 24611 E gralloc4: Empty SMPTE 2094-40 data
06-07 19:45:07.135 24564 24611 E gralloc4: Empty SMPTE 2094-40 data
06-07 19:45:07.152 24564 24611 E gralloc4: Empty SMPTE 2094-40 data
06-07 19:45:07.169 24564 24611 E gralloc4: Empty SMPTE 2094-40 data
06-07 19:45:07.185 24564 24611 E gralloc4: Empty SMPTE 2094-40 data
06-07 19:45:07.203 24564 24611 E gralloc4: Empty SMPTE 2094-40 data
06-07 19:45:07.219 24564 24611 E gralloc4: Empty SMPTE 2094-40 data
06-07 19:45:07.234 24564 24611 E gralloc4: Empty SMPTE 2094-40 data
06-07 19:45:07.250 24564 24611 E gralloc4: Empty SMPTE 2094-40 data
06-07 19:45:07.267 24564 24611 E gralloc4: Empty SMPTE 2094-40 data
06-07 19:45:07.285 24564 24611 E gralloc4: Empty SMPTE 2094-40 data
06-07 19:45:07.303 24564 24611 E gralloc4: Empty SMPTE 2094-40 data
06-07 19:45:07.319 24564 24611 E gralloc4: Empty SMPTE 2094-40 data
06-07 19:45:07.335 24564 24611 E gralloc4: Empty SMPTE 2094-40 data
06-07 19:45:07.352 24564 24611 E gralloc4: Empty SMPTE 2094-40 data
06-07 19:45:07.369 24564 24611 E gralloc4: Empty SMPTE 2094-40 data
06-07 19:45:07.385 24564 24611 E gralloc4: Empty SMPTE 2094-40 data
06-07 19:45:07.401 24564 24611 E gralloc4: Empty SMPTE 2094-40 data
06-07 19:45:07.417 24564 24611 E gralloc4: Empty SMPTE 2094-40 data
06-07 19:45:07.435 24564 24611 E gralloc4: Empty SMPTE 2094-40 data
06-07 19:45:07.452 24564 24611 E gralloc4: Empty SMPTE 2094-40 data
06-07 19:45:07.468 24564 24611 E gralloc4: Empty SMPTE 2094-40 data
06-07 19:45:07.484 24564 24611 E gralloc4: Empty SMPTE 2094-40 data
06-07 19:45:07.500 24564 24611 E gralloc4: Empty SMPTE 2094-40 data
06-07 19:45:07.517 24564 24611 E gralloc4: Empty SMPTE 2094-40 data
06-07 19:45:07.534 24564 24611 E gralloc4: Empty SMPTE 2094-40 data
06-07 19:45:07.551 24564 24611 E gralloc4: Empty SMPTE 2094-40 data
06-07 19:45:07.567 24564 24611 E gralloc4: Empty SMPTE 2094-40 data
06-07 19:45:07.586 24564 24611 E gralloc4: Empty SMPTE 2094-40 data
06-07 19:45:07.600 24564 24611 E gralloc4: Empty SMPTE 2094-40 data
06-07 19:45:07.619 24564 24611 E gralloc4: Empty SMPTE 2094-40 data
06-07 19:45:07.637 24564 24611 E gralloc4: Empty SMPTE 2094-40 data
06-07 19:45:07.656 24564 24611 E gralloc4: Empty SMPTE 2094-40 data
06-07 19:45:07.676 24564 24611 E gralloc4: Empty SMPTE 2094-40 data
06-07 19:45:07.696 24564 24611 E gralloc4: Empty SMPTE 2094-40 data
06-07 19:45:07.714 24564 24611 E gralloc4: Empty SMPTE 2094-40 data
06-07 19:45:07.732 24564 24611 E gralloc4: Empty SMPTE 2094-40 data
06-07 19:45:07.750 24564 24611 E gralloc4: Empty SMPTE 2094-40 data
06-07 19:45:07.767 24564 24611 E gralloc4: Empty SMPTE 2094-40 data
06-07 19:45:07.784 24564 24611 E gralloc4: Empty SMPTE 2094-40 data
06-07 19:45:07.800 24564 24611 E gralloc4: Empty SMPTE 2094-40 data
06-07 19:45:07.816 24564 24611 E gralloc4: Empty SMPTE 2094-40 data
06-07 19:45:07.834 24564 24611 E gralloc4: Empty SMPTE 2094-40 data
06-07 19:45:07.849 24564 24611 E gralloc4: Empty SMPTE 2094-40 data
06-07 19:45:07.867 24564 24611 E gralloc4: Empty SMPTE 2094-40 data
06-07 19:45:07.883 24564 24611 E gralloc4: Empty SMPTE 2094-40 data
06-07 19:45:07.899 24564 24611 E gralloc4: Empty SMPTE 2094-40 data
06-07 19:45:07.915 24564 24611 E gralloc4: Empty SMPTE 2094-40 data
06-07 19:45:07.932 24564 24611 E gralloc4: Empty SMPTE 2094-40 data
06-07 19:45:07.948 24564 24611 E gralloc4: Empty SMPTE 2094-40 data
06-07 19:45:07.966 24564 24611 E gralloc4: Empty SMPTE 2094-40 data
06-07 19:45:07.982 24564 24611 E gralloc4: Empty SMPTE 2094-40 data
06-07 19:45:07.998 24564 24611 E gralloc4: Empty SMPTE 2094-40 data
06-07 19:45:08.016 24564 24611 E gralloc4: Empty SMPTE 2094-40 data
06-07 19:45:08.032 24564 24611 E gralloc4: Empty SMPTE 2094-40 data
06-07 19:45:08.047 24564 24611 E gralloc4: Empty SMPTE 2094-40 data
06-07 19:45:08.064 24564 24611 E gralloc4: Empty SMPTE 2094-40 data
06-07 19:45:08.081 24564 24611 E gralloc4: Empty SMPTE 2094-40 data
06-07 19:45:08.098 24564 24611 E gralloc4: Empty SMPTE 2094-40 data
06-07 19:45:08.115 24564 24611 E gralloc4: Empty SMPTE 2094-40 data
06-07 19:45:08.132 24564 24611 E gralloc4: Empty SMPTE 2094-40 data
06-07 19:45:08.148 24564 24611 E gralloc4: Empty SMPTE 2094-40 data
06-07 19:45:08.165 24564 24611 E gralloc4: Empty SMPTE 2094-40 data
06-07 19:45:08.181 24564 24611 E gralloc4: Empty SMPTE 2094-40 data
06-07 19:45:08.198 24564 24611 E gralloc4: Empty SMPTE 2094-40 data
06-07 19:45:08.215 24564 24611 E gralloc4: Empty SMPTE 2094-40 data
06-07 19:45:08.231 24564 24611 E gralloc4: Empty SMPTE 2094-40 data
06-07 19:45:08.248 24564 24611 E gralloc4: Empty SMPTE 2094-40 data
06-07 19:45:08.264 24564 24611 E gralloc4: Empty SMPTE 2094-40 data
06-07 19:45:08.281 24564 24611 E gralloc4: Empty SMPTE 2094-40 data
06-07 19:45:08.297 24564 24611 E gralloc4: Empty SMPTE 2094-40 data
06-07 19:45:08.314 24564 24611 E gralloc4: Empty SMPTE 2094-40 data
06-07 19:45:08.330 24564 24611 E gralloc4: Empty SMPTE 2094-40 data
06-07 19:45:08.348 24564 24611 E gralloc4: Empty SMPTE 2094-40 data
06-07 19:45:08.358 24589 24589 D BlackBoxCore: Executing delayed server service start
06-07 19:45:08.363 24589 24589 D BlackBoxCore: Delayed server service start successful
06-07 19:45:08.364 24564 24611 E gralloc4: Empty SMPTE 2094-40 data
06-07 19:45:08.365 24589 24589 D DaemonService: DaemonService onCreate
06-07 19:45:08.366 24589 24589 D DaemonService: Notification channel created successfully
06-07 19:45:08.366 24589 24589 D DaemonService: DaemonService onStartCommand
06-07 19:45:08.373 24589 24589 D DaemonService: Foreground service started successfully
06-07 19:45:08.373 24589 24589 D DaemonService: DaemonService started successfully
06-07 19:45:08.376 24589 24589 I DaemonService: DaemonInnerService -> onCreate
06-07 19:45:08.377 24589 24589 I DaemonService: DaemonInnerService -> onStartCommand
06-07 19:45:08.379 24589 24589 I DaemonService: DaemonInnerService -> onDestroy
06-07 19:45:08.380 24564 24611 E gralloc4: Empty SMPTE 2094-40 data
06-07 19:45:08.396 24564 24611 E gralloc4: Empty SMPTE 2094-40 data
06-07 19:45:08.414 24564 24611 E gralloc4: Empty SMPTE 2094-40 data
06-07 19:45:08.430 24564 24611 E gralloc4: Empty SMPTE 2094-40 data
06-07 19:45:08.446 24564 24611 E gralloc4: Empty SMPTE 2094-40 data
06-07 19:45:08.464 24564 24611 E gralloc4: Empty SMPTE 2094-40 data
06-07 19:45:08.481 24564 24611 E gralloc4: Empty SMPTE 2094-40 data
06-07 19:45:08.496 24564 24611 E gralloc4: Empty SMPTE 2094-40 data
06-07 19:45:08.513 24564 24611 E gralloc4: Empty SMPTE 2094-40 data
06-07 19:45:08.531 24564 24611 E gralloc4: Empty SMPTE 2094-40 data
06-07 19:45:08.546 24564 24611 E gralloc4: Empty SMPTE 2094-40 data
06-07 19:45:08.564 24564 24611 E gralloc4: Empty SMPTE 2094-40 data
06-07 19:45:08.580 24564 24611 E gralloc4: Empty SMPTE 2094-40 data
06-07 19:45:08.596 24564 24611 E gralloc4: Empty SMPTE 2094-40 data
06-07 19:45:08.612 24564 24611 E gralloc4: Empty SMPTE 2094-40 data
06-07 19:45:08.629 24564 24611 E gralloc4: Empty SMPTE 2094-40 data
06-07 19:45:08.645 24564 24611 E gralloc4: Empty SMPTE 2094-40 data
06-07 19:45:08.661 24564 24611 E gralloc4: Empty SMPTE 2094-40 data
06-07 19:45:08.678 24564 24611 E gralloc4: Empty SMPTE 2094-40 data
06-07 19:45:08.696 24564 24611 E gralloc4: Empty SMPTE 2094-40 data
06-07 19:45:08.712 24564 24611 E gralloc4: Empty SMPTE 2094-40 data
06-07 19:45:08.729 24564 24611 E gralloc4: Empty SMPTE 2094-40 data
06-07 19:45:08.746 24564 24611 E gralloc4: Empty SMPTE 2094-40 data
06-07 19:45:08.761 24564 24611 E gralloc4: Empty SMPTE 2094-40 data
06-07 19:45:08.778 24564 24611 E gralloc4: Empty SMPTE 2094-40 data
06-07 19:45:08.794 24564 24611 E gralloc4: Empty SMPTE 2094-40 data
06-07 19:45:08.811 24564 24611 E gralloc4: Empty SMPTE 2094-40 data
06-07 19:45:08.829 24564 24611 E gralloc4: Empty SMPTE 2094-40 data
06-07 19:45:08.845 24564 24611 E gralloc4: Empty SMPTE 2094-40 data
06-07 19:45:08.862 24564 24611 E gralloc4: Empty SMPTE 2094-40 data
06-07 19:45:08.879 24564 24611 E gralloc4: Empty SMPTE 2094-40 data
06-07 19:45:08.895 24564 24611 E gralloc4: Empty SMPTE 2094-40 data
06-07 19:45:08.913 24564 24611 E gralloc4: Empty SMPTE 2094-40 data
06-07 19:45:08.929 24564 24611 E gralloc4: Empty SMPTE 2094-40 data
06-07 19:45:08.945 24564 24611 E gralloc4: Empty SMPTE 2094-40 data
06-07 19:45:08.962 24564 24611 E gralloc4: Empty SMPTE 2094-40 data
06-07 19:45:08.979 24564 24611 E gralloc4: Empty SMPTE 2094-40 data
06-07 19:45:08.996 24564 24611 E gralloc4: Empty SMPTE 2094-40 data
06-07 19:45:09.011 24564 24611 E gralloc4: Empty SMPTE 2094-40 data
06-07 19:45:09.030 24564 24611 E gralloc4: Empty SMPTE 2094-40 data
06-07 19:45:09.050 24564 24611 E gralloc4: Empty SMPTE 2094-40 data
06-07 19:45:09.070 24564 24611 E gralloc4: Empty SMPTE 2094-40 data
06-07 19:45:09.089 24564 24611 E gralloc4: Empty SMPTE 2094-40 data
06-07 19:45:09.108 24564 24611 E gralloc4: Empty SMPTE 2094-40 data
06-07 19:45:09.127 24564 24611 E gralloc4: Empty SMPTE 2094-40 data
06-07 19:45:09.143 24564 24611 E gralloc4: Empty SMPTE 2094-40 data
06-07 19:45:09.161 24564 24611 E gralloc4: Empty SMPTE 2094-40 data
06-07 19:45:09.179 24564 24611 E gralloc4: Empty SMPTE 2094-40 data
06-07 19:45:09.195 24564 24611 E gralloc4: Empty SMPTE 2094-40 data
06-07 19:45:09.212 24564 24611 E gralloc4: Empty SMPTE 2094-40 data
06-07 19:45:09.229 24564 24611 E gralloc4: Empty SMPTE 2094-40 data
06-07 19:45:09.245 24564 24611 E gralloc4: Empty SMPTE 2094-40 data
06-07 19:45:09.264 24564 24611 E gralloc4: Empty SMPTE 2094-40 data
06-07 19:45:09.284 24564 24611 E gralloc4: Empty SMPTE 2094-40 data
06-07 19:45:09.305 24564 24611 E gralloc4: Empty SMPTE 2094-40 data
06-07 19:45:09.322 24564 24611 E gralloc4: Empty SMPTE 2094-40 data
06-07 19:45:09.341 24564 24611 E gralloc4: Empty SMPTE 2094-40 data
06-07 19:45:09.358 24564 24611 E gralloc4: Empty SMPTE 2094-40 data
06-07 19:45:09.377 24564 24611 E gralloc4: Empty SMPTE 2094-40 data
06-07 19:45:09.395 24564 24611 E gralloc4: Empty SMPTE 2094-40 data
06-07 19:45:09.411 24564 24611 E gralloc4: Empty SMPTE 2094-40 data
06-07 19:45:09.428 24564 24611 E gralloc4: Empty SMPTE 2094-40 data
06-07 19:45:09.445 24564 24611 E gralloc4: Empty SMPTE 2094-40 data
06-07 19:45:09.461 24564 24611 E gralloc4: Empty SMPTE 2094-40 data
06-07 19:45:09.478 24564 24611 E gralloc4: Empty SMPTE 2094-40 data
06-07 19:45:09.494 24564 24611 E gralloc4: Empty SMPTE 2094-40 data
06-07 19:45:09.510 24564 24611 E gralloc4: Empty SMPTE 2094-40 data
06-07 19:45:09.526 24564 24611 E gralloc4: Empty SMPTE 2094-40 data
06-07 19:45:09.527 24564 24668 D ProfileInstaller: Skipping profile installation for com.onecore.loader
06-07 19:45:09.542 24564 24611 E gralloc4: Empty SMPTE 2094-40 data
06-07 19:45:09.560 24564 24611 E gralloc4: Empty SMPTE 2094-40 data
06-07 19:45:09.576 24564 24611 E gralloc4: Empty SMPTE 2094-40 data
06-07 19:45:09.593 24564 24611 E gralloc4: Empty SMPTE 2094-40 data
06-07 19:45:09.611 24564 24611 E gralloc4: Empty SMPTE 2094-40 data
06-07 19:45:09.626 24564 24611 E gralloc4: Empty SMPTE 2094-40 data
06-07 19:45:09.643 24564 24611 E gralloc4: Empty SMPTE 2094-40 data
06-07 19:45:09.659 24564 24611 E gralloc4: Empty SMPTE 2094-40 data
06-07 19:45:09.676 24564 24611 E gralloc4: Empty SMPTE 2094-40 data
06-07 19:45:09.692 24564 24611 E gralloc4: Empty SMPTE 2094-40 data
06-07 19:45:09.708 24564 24611 E gralloc4: Empty SMPTE 2094-40 data
06-07 19:45:09.726 24564 24611 E gralloc4: Empty SMPTE 2094-40 data
06-07 19:45:09.743 24564 24611 E gralloc4: Empty SMPTE 2094-40 data
06-07 19:45:09.759 24564 24611 E gralloc4: Empty SMPTE 2094-40 data
06-07 19:45:09.775 24564 24611 E gralloc4: Empty SMPTE 2094-40 data
06-07 19:45:09.792 24564 24611 E gralloc4: Empty SMPTE 2094-40 data
06-07 19:45:09.808 24564 24611 E gralloc4: Empty SMPTE 2094-40 data
06-07 19:45:09.825 24564 24611 E gralloc4: Empty SMPTE 2094-40 data
06-07 19:45:09.841 24564 24611 E gralloc4: Empty SMPTE 2094-40 data
06-07 19:45:09.858 24564 24611 E gralloc4: Empty SMPTE 2094-40 data
06-07 19:45:09.874 24564 24611 E gralloc4: Empty SMPTE 2094-40 data
06-07 19:45:09.891 24564 24611 E gralloc4: Empty SMPTE 2094-40 data
06-07 19:45:09.909 24564 24611 E gralloc4: Empty SMPTE 2094-40 data
06-07 19:45:09.923 24564 24611 E gralloc4: Empty SMPTE 2094-40 data
06-07 19:45:09.941 24564 24611 E gralloc4: Empty SMPTE 2094-40 data
06-07 19:45:09.958 24564 24611 E gralloc4: Empty SMPTE 2094-40 data
06-07 19:45:09.976 24564 24611 E gralloc4: Empty SMPTE 2094-40 data
06-07 19:45:09.992 24564 24611 E gralloc4: Empty SMPTE 2094-40 data
06-07 19:45:10.008 24564 24611 E gralloc4: Empty SMPTE 2094-40 data
06-07 19:45:10.024 24564 24611 E gralloc4: Empty SMPTE 2094-40 data
06-07 19:45:10.031 24564 24659 I DYNAMIC : Login Success
06-07 19:45:10.042 24564 24611 E gralloc4: Empty SMPTE 2094-40 data
06-07 19:45:10.042 24564 24564 D CompatibilityChangeReporter: Compat change id reported: 147798919; UID 10466; state: DISABLED
06-07 19:45:10.060 24564 24611 E gralloc4: Empty SMPTE 2094-40 data
06-07 19:45:10.074 24564 24564 E BinderMonitor: err open binder_delay errno=2
06-07 19:45:10.074 24564 24564 E FileUtils: err write to mi_exception_log
06-07 19:45:10.076 24564 24611 E gralloc4: Empty SMPTE 2094-40 data
06-07 19:45:10.078 24564 24564 I ForceDarkHelperStubImpl: setViewRootImplForceDark: false for com.onecore.loader.activity.LoginActivity@f9bc0ae, reason: AppDarkModeEnable
06-07 19:45:10.078 24564 24564 D VRI[Toast]: hardware acceleration = true, forceHwAccelerated = false
06-07 19:45:10.092 24564 24611 E gralloc4: Empty SMPTE 2094-40 data
06-07 19:45:10.104 24564 24564 D BufferQueueConsumer: [](id:5ff400000002,api:0,p:-1,c:24564) connect: controlledByApp=false
06-07 19:45:10.104 24564 24564 I ForceDarkHelperStubImpl: setViewRootImplForceDark: false for com.onecore.loader.activity.LoginActivity@f9bc0ae, reason: AppDarkModeEnable
06-07 19:45:10.108 24564 24611 E gralloc4: Empty SMPTE 2094-40 data
06-07 19:45:10.120 24564 24611 E gralloc4: Empty SMPTE 2094-40 data
06-07 19:45:10.120 24564 24611 D BLASTBufferQueue: [VRI[Toast]#2](f:0,a:1) acquireNextBufferLocked size=688x236 mFrameNumber=1 applyTransaction=true mTimestamp=961217162168907(auto) mPendingTransactions.size=0 graphicBufferId=105501576658955 transform=0
06-07 19:45:10.120 24564 24611 W Parcel  : Expecting binder but got null!
06-07 19:45:10.122 24564 24672 D libMEOW : meow new tls: 0x769a380640
06-07 19:45:10.122 24564 24672 D libMEOW : applied 1 plugins for [com.onecore.loader]:
06-07 19:45:10.122 24564 24672 D libMEOW :   plugin 1: [libMEOW_gift.so]:
06-07 19:45:10.123 24564 24672 D libMEOW : meow delete tls: 0x769a380640
06-07 19:45:10.127 24564 24564 D MiuiMultiWindowAdapter: MiuiMultiWindowAdapter::getFreeformVideoWhiteListInSystem::LIST_ABOUT_SUPPORT_LANDSCAPE_VIDEO = [com.hunantv.imgo.activity, com.tencent.qqlive, com.qiyi.video, com.hunantv.imgo.activity.inter, com.tencent.qqlivei18n, com.iqiyi.i18n, tv.danmaku.bili]
06-07 19:45:10.129 24564 24564 D AppInstrumentation: callActivityOnCreate: com.onecore.loader.activity.MainActivity
06-07 19:45:10.135 24564 24564 D IS_CTS_MODE: false
06-07 19:45:10.135 24564 24564 D MULTI_WINDOW_ENABLED: false
06-07 19:45:10.136 24564 24564 D DecorView[]: getWindowModeFromSystem  windowmode is 1
06-07 19:45:10.145 24564 24564 D SimpleCrashFix: Simple crash fix already installed
06-07 19:45:10.145 24564 24564 D BlackBoxCore: System hooks installed successfully
06-07 19:45:10.145 24564 24564 I SdkProtectionManager: Initialized
06-07 19:45:10.145 24564 24564 I SdkProtectionManager: setEnabled=false
06-07 19:45:10.145 24564 24564 I BlackBoxCore: SDK Protection initialized in UE4-compatible passive mode
06-07 19:45:10.147 24589 24666 D SystemCallProvider: call: VM, Bundle[mParcelledData.dataSize=64]
06-07 19:45:10.147 24589 24666 D SystemCallProvider: Requesting service: test
06-07 19:45:10.147 24589 24666 W SystemCallProvider: Service test not found
06-07 19:45:10.147 24564 24564 D BlackBoxCore: Black process is running - SystemCallProvider accessible
06-07 19:45:10.147 24564 24564 D BlackBoxCore: Ensuring proper initialization order...
06-07 19:45:10.147 24564 24564 D NativeCore: NativeCore init.
06-07 19:45:10.147 24564 24564 D BlackBoxCore: NativeCore initialized successfully
06-07 19:45:10.147 24564 24564 D BlackBoxCore: ServiceManager initialized successfully
06-07 19:45:10.148 24564 24564 D BActivityThread: Found ActivityThread instrumentation, ensuring it's our AppInstrumentation
06-07 19:45:10.148 24564 24564 D BActivityThread: ActivityThread instrumentation is already our AppInstrumentation
06-07 19:45:10.148 24564 24564 D BlackBoxCore: BActivityThread hooks initialized successfully
06-07 19:45:10.148 24564 24564 D BlackBoxCore: Proper initialization order ensured
06-07 19:45:10.148 24564 24564 D TransactionThrottler: Reset transaction throttler
06-07 19:45:10.148 24564 24564 D BlackManager: Transaction throttler reset
06-07 19:45:10.148 24564 24564 D BlackBoxCore: BlackBox initialization completed in 3ms
06-07 19:45:10.161 24564 24564 I ForceDarkHelperStubImpl: setViewRootImplForceDark: false for com.onecore.loader.activity.MainActivity@73a46fe, reason: AppDarkModeEnable
06-07 19:45:10.161 24564 24564 D VRI[MainActivity]: hardware acceleration = true, forceHwAccelerated = false
06-07 19:45:10.170 24564 24611 E gralloc4: Empty SMPTE 2094-40 data
06-07 19:45:10.178 24564 24564 D BufferQueueConsumer: [](id:5ff400000003,api:0,p:-1,c:24564) connect: controlledByApp=false
06-07 19:45:10.200 24564 24611 E gralloc4: Empty SMPTE 2094-40 data
06-07 19:45:10.200 24564 24611 D BLASTBufferQueue: [VRI[MainActivity]#3](f:0,a:1) acquireNextBufferLocked size=1080x2400 mFrameNumber=1 applyTransaction=true mTimestamp=961217242483061(auto) mPendingTransactions.size=0 graphicBufferId=105501576658957 transform=0
06-07 19:45:10.201 24564 24611 W Parcel  : Expecting binder but got null!
06-07 19:45:10.201 24564 24564 D DecorView[]: onWindowFocusChanged hasWindowFocus false
06-07 19:45:10.211 24564 24611 E gralloc4: Empty SMPTE 2094-40 data
06-07 19:45:10.229 24564 24611 E gralloc4: Empty SMPTE 2094-40 data
06-07 19:45:10.231 24564 24611 E gralloc4: Empty SMPTE 2094-40 data
06-07 19:45:10.234 24564 24611 E gralloc4: Empty SMPTE 2094-40 data
06-07 19:45:10.239 24564 24611 E gralloc4: Empty SMPTE 2094-40 data
06-07 19:45:10.244 24564 24611 E gralloc4: Empty SMPTE 2094-40 data
06-07 19:45:10.246 24564 24564 D DecorView[]: onWindowFocusChanged hasWindowFocus true
06-07 19:45:10.246 24564 24564 I HandWritingStubImpl: refreshLastKeyboardType: 1
06-07 19:45:10.246 24564 24611 E gralloc4: Empty SMPTE 2094-40 data
06-07 19:45:10.246 24564 24564 I HandWritingStubImpl: getCurrentKeyboardType: 1
06-07 19:45:10.257 24564 24611 E gralloc4: Empty SMPTE 2094-40 data
06-07 19:45:10.260 24564 24611 E gralloc4: Empty SMPTE 2094-40 data
06-07 19:45:10.261 24564 24611 E gralloc4: Empty SMPTE 2094-40 data
06-07 19:45:10.269 24564 24611 E gralloc4: Empty SMPTE 2094-40 data
06-07 19:45:10.274 24564 24611 E gralloc4: Empty SMPTE 2094-40 data
06-07 19:45:10.276 24564 24611 E gralloc4: Empty SMPTE 2094-40 data
06-07 19:45:10.287 24564 24611 E gralloc4: Empty SMPTE 2094-40 data
06-07 19:45:10.291 24564 24611 E gralloc4: Empty SMPTE 2094-40 data
06-07 19:45:10.293 24564 24611 E gralloc4: Empty SMPTE 2094-40 data
06-07 19:45:10.303 24564 24611 E gralloc4: Empty SMPTE 2094-40 data
06-07 19:45:10.307 24564 24611 E gralloc4: Empty SMPTE 2094-40 data
06-07 19:45:10.309 24564 24611 E gralloc4: Empty SMPTE 2094-40 data
06-07 19:45:10.320 24564 24611 E gralloc4: Empty SMPTE 2094-40 data
06-07 19:45:10.324 24564 24611 E gralloc4: Empty SMPTE 2094-40 data
06-07 19:45:10.326 24564 24611 E gralloc4: Empty SMPTE 2094-40 data
06-07 19:45:10.337 24564 24611 E gralloc4: Empty SMPTE 2094-40 data
06-07 19:45:10.342 24564 24611 E gralloc4: Empty SMPTE 2094-40 data
06-07 19:45:10.343 24564 24611 E gralloc4: Empty SMPTE 2094-40 data
06-07 19:45:10.353 24564 24611 E gralloc4: Empty SMPTE 2094-40 data
06-07 19:45:10.358 24564 24611 E gralloc4: Empty SMPTE 2094-40 data
06-07 19:45:10.359 24564 24611 E gralloc4: Empty SMPTE 2094-40 data
06-07 19:45:10.370 24564 24611 E gralloc4: Empty SMPTE 2094-40 data
06-07 19:45:10.374 24564 24611 E gralloc4: Empty SMPTE 2094-40 data
06-07 19:45:10.375 24564 24611 E gralloc4: Empty SMPTE 2094-40 data
06-07 19:45:10.387 24564 24611 E gralloc4: Empty SMPTE 2094-40 data
06-07 19:45:10.391 24564 24611 E gralloc4: Empty SMPTE 2094-40 data
06-07 19:45:10.392 24564 24611 E gralloc4: Empty SMPTE 2094-40 data
06-07 19:45:10.404 24564 24611 E gralloc4: Empty SMPTE 2094-40 data
06-07 19:45:10.407 24564 24611 E gralloc4: Empty SMPTE 2094-40 data
06-07 19:45:10.409 24564 24611 E gralloc4: Empty SMPTE 2094-40 data
06-07 19:45:10.420 24564 24611 E gralloc4: Empty SMPTE 2094-40 data
06-07 19:45:10.422 24564 24611 E gralloc4: Empty SMPTE 2094-40 data
06-07 19:45:10.425 24564 24611 E gralloc4: Empty SMPTE 2094-40 data
06-07 19:45:10.437 24564 24611 E gralloc4: Empty SMPTE 2094-40 data
06-07 19:45:10.439 24564 24611 E gralloc4: Empty SMPTE 2094-40 data
06-07 19:45:10.442 24564 24611 E gralloc4: Empty SMPTE 2094-40 data
06-07 19:45:10.453 24564 24611 E gralloc4: Empty SMPTE 2094-40 data
06-07 19:45:10.455 24564 24611 E gralloc4: Empty SMPTE 2094-40 data
06-07 19:45:10.459 24564 24611 E gralloc4: Empty SMPTE 2094-40 data
06-07 19:45:10.470 24564 24611 E gralloc4: Empty SMPTE 2094-40 data
06-07 19:45:10.472 24564 24611 E gralloc4: Empty SMPTE 2094-40 data
06-07 19:45:10.474 24564 24611 E gralloc4: Empty SMPTE 2094-40 data
06-07 19:45:10.486 24564 24611 E gralloc4: Empty SMPTE 2094-40 data
06-07 19:45:10.489 24564 24611 E gralloc4: Empty SMPTE 2094-40 data
06-07 19:45:10.492 24564 24611 E gralloc4: Empty SMPTE 2094-40 data
06-07 19:45:10.503 24564 24611 E gralloc4: Empty SMPTE 2094-40 data
06-07 19:45:10.505 24564 24611 E gralloc4: Empty SMPTE 2094-40 data
06-07 19:45:10.508 24564 24611 E gralloc4: Empty SMPTE 2094-40 data
06-07 19:45:10.520 24564 24611 E gralloc4: Empty SMPTE 2094-40 data
06-07 19:45:10.522 24564 24611 E gralloc4: Empty SMPTE 2094-40 data
06-07 19:45:10.525 24564 24611 E gralloc4: Empty SMPTE 2094-40 data
06-07 19:45:10.537 24564 24611 E gralloc4: Empty SMPTE 2094-40 data
06-07 19:45:10.540 24564 24611 E gralloc4: Empty SMPTE 2094-40 data
06-07 19:45:10.543 24564 24611 E gralloc4: Empty SMPTE 2094-40 data
06-07 19:45:10.553 24564 24611 E gralloc4: Empty SMPTE 2094-40 data
06-07 19:45:10.555 24564 24611 E gralloc4: Empty SMPTE 2094-40 data
06-07 19:45:10.558 24564 24611 E gralloc4: Empty SMPTE 2094-40 data
06-07 19:45:10.569 24564 24611 E gralloc4: Empty SMPTE 2094-40 data
06-07 19:45:10.573 24564 24611 E gralloc4: Empty SMPTE 2094-40 data
06-07 19:45:10.575 24564 24611 E gralloc4: Empty SMPTE 2094-40 data
06-07 19:45:10.586 24564 24611 E gralloc4: Empty SMPTE 2094-40 data
06-07 19:45:10.588 24564 24611 E gralloc4: Empty SMPTE 2094-40 data
06-07 19:45:10.590 24564 24611 E gralloc4: Empty SMPTE 2094-40 data
06-07 19:45:10.603 24564 24611 E gralloc4: Empty SMPTE 2094-40 data
06-07 19:45:10.604 24564 24611 E gralloc4: Empty SMPTE 2094-40 data
06-07 19:45:10.607 24564 24611 E gralloc4: Empty SMPTE 2094-40 data
06-07 19:45:10.619 24564 24611 E gralloc4: Empty SMPTE 2094-40 data
06-07 19:45:10.621 24564 24611 E gralloc4: Empty SMPTE 2094-40 data
06-07 19:45:10.623 24564 24611 E gralloc4: Empty SMPTE 2094-40 data
06-07 19:45:10.636 24564 24611 E gralloc4: Empty SMPTE 2094-40 data
06-07 19:45:10.637 24564 24611 E gralloc4: Empty SMPTE 2094-40 data
06-07 19:45:10.640 24564 24611 E gralloc4: Empty SMPTE 2094-40 data
06-07 19:45:10.652 24564 24611 E gralloc4: Empty SMPTE 2094-40 data
06-07 19:45:10.654 24564 24611 E gralloc4: Empty SMPTE 2094-40 data
06-07 19:45:10.657 24564 24611 E gralloc4: Empty SMPTE 2094-40 data
06-07 19:45:10.669 24564 24611 E gralloc4: Empty SMPTE 2094-40 data
06-07 19:45:10.670 24564 24611 E gralloc4: Empty SMPTE 2094-40 data
06-07 19:45:10.673 24564 24611 E gralloc4: Empty SMPTE 2094-40 data
06-07 19:45:10.687 24564 24611 E gralloc4: Empty SMPTE 2094-40 data
06-07 19:45:10.689 24564 24611 E gralloc4: Empty SMPTE 2094-40 data
06-07 19:45:10.692 24564 24611 E gralloc4: Empty SMPTE 2094-40 data
06-07 19:45:10.702 24564 24611 E gralloc4: Empty SMPTE 2094-40 data
06-07 19:45:10.704 24564 24611 E gralloc4: Empty SMPTE 2094-40 data
06-07 19:45:10.706 24564 24611 E gralloc4: Empty SMPTE 2094-40 data
06-07 19:45:10.718 24564 24611 E gralloc4: Empty SMPTE 2094-40 data
06-07 19:45:10.720 24564 24611 E gralloc4: Empty SMPTE 2094-40 data
06-07 19:45:10.724 24564 24611 E gralloc4: Empty SMPTE 2094-40 data
06-07 19:45:10.736 24564 24611 E gralloc4: Empty SMPTE 2094-40 data
06-07 19:45:10.740 24564 24611 E gralloc4: Empty SMPTE 2094-40 data
06-07 19:45:10.741 24564 24611 E gralloc4: Empty SMPTE 2094-40 data
06-07 19:45:10.746 24564 24564 D View    : [Warning] assignParent to null: this = DecorView@477e494[LoginActivity]
06-07 19:45:10.753 24564 24611 E gralloc4: Empty SMPTE 2094-40 data
06-07 19:45:10.755 24564 24611 E gralloc4: Empty SMPTE 2094-40 data
06-07 19:45:10.758 24564 24575 D BLASTBufferQueue: [VRI[LoginActivity]#1](f:0,a:1) destructor()
06-07 19:45:10.758 24564 24575 D BufferQueueConsumer: [VRI[LoginActivity]#1(BLAST Consumer)1](id:5ff400000001,api:0,p:-1,c:24564) disconnect
06-07 19:45:10.769 24564 24611 E gralloc4: Empty SMPTE 2094-40 data
06-07 19:45:10.770 24564 24611 E gralloc4: Empty SMPTE 2094-40 data
06-07 19:45:10.785 24564 24611 E gralloc4: Empty SMPTE 2094-40 data
06-07 19:45:10.786 24564 24611 E gralloc4: Empty SMPTE 2094-40 data
06-07 19:45:10.802 24564 24611 E gralloc4: Empty SMPTE 2094-40 data
06-07 19:45:10.803 24564 24611 E gralloc4: Empty SMPTE 2094-40 data
06-07 19:45:10.818 24564 24611 E gralloc4: Empty SMPTE 2094-40 data
06-07 19:45:10.820 24564 24611 E gralloc4: Empty SMPTE 2094-40 data
06-07 19:45:10.835 24564 24611 E gralloc4: Empty SMPTE 2094-40 data
06-07 19:45:10.836 24564 24611 E gralloc4: Empty SMPTE 2094-40 data
06-07 19:45:10.852 24564 24611 E gralloc4: Empty SMPTE 2094-40 data
06-07 19:45:10.853 24564 24611 E gralloc4: Empty SMPTE 2094-40 data
06-07 19:45:10.868 24564 24611 E gralloc4: Empty SMPTE 2094-40 data
06-07 19:45:10.870 24564 24611 E gralloc4: Empty SMPTE 2094-40 data
06-07 19:45:10.885 24564 24611 E gralloc4: Empty SMPTE 2094-40 data
06-07 19:45:10.886 24564 24611 E gralloc4: Empty SMPTE 2094-40 data
06-07 19:45:10.901 24564 24611 E gralloc4: Empty SMPTE 2094-40 data
06-07 19:45:10.903 24564 24611 E gralloc4: Empty SMPTE 2094-40 data
06-07 19:45:10.918 24564 24611 E gralloc4: Empty SMPTE 2094-40 data
06-07 19:45:10.920 24564 24611 E gralloc4: Empty SMPTE 2094-40 data
06-07 19:45:10.935 24564 24611 E gralloc4: Empty SMPTE 2094-40 data
06-07 19:45:10.937 24564 24611 E gralloc4: Empty SMPTE 2094-40 data
06-07 19:45:10.952 24564 24611 E gralloc4: Empty SMPTE 2094-40 data
06-07 19:45:10.953 24564 24611 E gralloc4: Empty SMPTE 2094-40 data
06-07 19:45:10.969 24564 24611 E gralloc4: Empty SMPTE 2094-40 data
06-07 19:45:10.970 24564 24611 E gralloc4: Empty SMPTE 2094-40 data
06-07 19:45:10.985 24564 24611 E gralloc4: Empty SMPTE 2094-40 data
06-07 19:45:10.987 24564 24611 E gralloc4: Empty SMPTE 2094-40 data
06-07 19:45:11.002 24564 24611 E gralloc4: Empty SMPTE 2094-40 data
06-07 19:45:11.003 24564 24611 E gralloc4: Empty SMPTE 2094-40 data
06-07 19:45:11.018 24564 24611 E gralloc4: Empty SMPTE 2094-40 data
06-07 19:45:11.020 24564 24611 E gralloc4: Empty SMPTE 2094-40 data
06-07 19:45:11.035 24564 24611 E gralloc4: Empty SMPTE 2094-40 data
06-07 19:45:11.036 24564 24611 E gralloc4: Empty SMPTE 2094-40 data
06-07 19:45:11.051 24564 24611 E gralloc4: Empty SMPTE 2094-40 data
06-07 19:45:11.052 24564 24611 E gralloc4: Empty SMPTE 2094-40 data
06-07 19:45:11.068 24564 24611 E gralloc4: Empty SMPTE 2094-40 data
06-07 19:45:11.069 24564 24611 E gralloc4: Empty SMPTE 2094-40 data
06-07 19:45:11.084 24564 24611 E gralloc4: Empty SMPTE 2094-40 data
06-07 19:45:11.086 24564 24611 E gralloc4: Empty SMPTE 2094-40 data
06-07 19:45:11.101 24564 24611 E gralloc4: Empty SMPTE 2094-40 data
06-07 19:45:11.102 24564 24611 E gralloc4: Empty SMPTE 2094-40 data
06-07 19:45:11.117 24564 24611 E gralloc4: Empty SMPTE 2094-40 data
06-07 19:45:11.118 24564 24611 E gralloc4: Empty SMPTE 2094-40 data
06-07 19:45:11.134 24564 24611 E gralloc4: Empty SMPTE 2094-40 data
06-07 19:45:11.135 24564 24611 E gralloc4: Empty SMPTE 2094-40 data
06-07 19:45:11.150 24564 24611 E gralloc4: Empty SMPTE 2094-40 data
06-07 19:45:11.151 24564 24611 E gralloc4: Empty SMPTE 2094-40 data
06-07 19:45:11.167 24564 24611 E gralloc4: Empty SMPTE 2094-40 data
06-07 19:45:11.168 24564 24611 E gralloc4: Empty SMPTE 2094-40 data
06-07 19:45:11.184 24564 24611 E gralloc4: Empty SMPTE 2094-40 data
06-07 19:45:11.185 24564 24611 E gralloc4: Empty SMPTE 2094-40 data
06-07 19:45:11.200 24564 24611 E gralloc4: Empty SMPTE 2094-40 data
06-07 19:45:11.202 24564 24611 E gralloc4: Empty SMPTE 2094-40 data
06-07 19:45:11.217 24564 24611 E gralloc4: Empty SMPTE 2094-40 data
06-07 19:45:11.218 24564 24611 E gralloc4: Empty SMPTE 2094-40 data
06-07 19:45:11.234 24564 24611 E gralloc4: Empty SMPTE 2094-40 data
06-07 19:45:11.235 24564 24611 E gralloc4: Empty SMPTE 2094-40 data
06-07 19:45:11.250 24564 24611 E gralloc4: Empty SMPTE 2094-40 data
06-07 19:45:11.251 24564 24611 E gralloc4: Empty SMPTE 2094-40 data
06-07 19:45:11.267 24564 24611 E gralloc4: Empty SMPTE 2094-40 data
06-07 19:45:11.268 24564 24611 E gralloc4: Empty SMPTE 2094-40 data
06-07 19:45:11.284 24564 24611 E gralloc4: Empty SMPTE 2094-40 data
06-07 19:45:11.286 24564 24611 E gralloc4: Empty SMPTE 2094-40 data
06-07 19:45:11.300 24564 24611 E gralloc4: Empty SMPTE 2094-40 data
06-07 19:45:11.302 24564 24611 E gralloc4: Empty SMPTE 2094-40 data
06-07 19:45:11.317 24564 24611 E gralloc4: Empty SMPTE 2094-40 data
06-07 19:45:11.318 24564 24611 E gralloc4: Empty SMPTE 2094-40 data
06-07 19:45:11.333 24564 24611 E gralloc4: Empty SMPTE 2094-40 data
06-07 19:45:11.334 24564 24611 E gralloc4: Empty SMPTE 2094-40 data
06-07 19:45:11.349 24564 24611 E gralloc4: Empty SMPTE 2094-40 data
06-07 19:45:11.351 24564 24611 E gralloc4: Empty SMPTE 2094-40 data
06-07 19:45:11.366 24564 24611 E gralloc4: Empty SMPTE 2094-40 data
06-07 19:45:11.367 24564 24611 E gralloc4: Empty SMPTE 2094-40 data
06-07 19:45:11.383 24564 24611 E gralloc4: Empty SMPTE 2094-40 data
06-07 19:45:11.385 24564 24611 E gralloc4: Empty SMPTE 2094-40 data
06-07 19:45:11.400 24564 24611 E gralloc4: Empty SMPTE 2094-40 data
06-07 19:45:11.401 24564 24611 E gralloc4: Empty SMPTE 2094-40 data
06-07 19:45:11.416 24564 24611 E gralloc4: Empty SMPTE 2094-40 data
06-07 19:45:11.418 24564 24611 E gralloc4: Empty SMPTE 2094-40 data
06-07 19:45:11.432 24564 24611 E gralloc4: Empty SMPTE 2094-40 data
06-07 19:45:11.434 24564 24611 E gralloc4: Empty SMPTE 2094-40 data
06-07 19:45:11.450 24564 24611 E gralloc4: Empty SMPTE 2094-40 data
06-07 19:45:11.451 24564 24611 E gralloc4: Empty SMPTE 2094-40 data
06-07 19:45:11.466 24564 24611 E gralloc4: Empty SMPTE 2094-40 data
06-07 19:45:11.468 24564 24611 E gralloc4: Empty SMPTE 2094-40 data
06-07 19:45:11.483 24564 24611 E gralloc4: Empty SMPTE 2094-40 data
06-07 19:45:11.484 24564 24611 E gralloc4: Empty SMPTE 2094-40 data
06-07 19:45:11.500 24564 24611 E gralloc4: Empty SMPTE 2094-40 data
06-07 19:45:11.502 24564 24611 E gralloc4: Empty SMPTE 2094-40 data
06-07 19:45:11.516 24564 24611 E gralloc4: Empty SMPTE 2094-40 data
06-07 19:45:11.518 24564 24611 E gralloc4: Empty SMPTE 2094-40 data
06-07 19:45:11.533 24564 24611 E gralloc4: Empty SMPTE 2094-40 data
06-07 19:45:11.535 24564 24611 E gralloc4: Empty SMPTE 2094-40 data
06-07 19:45:11.549 24564 24611 E gralloc4: Empty SMPTE 2094-40 data
06-07 19:45:11.550 24564 24611 E gralloc4: Empty SMPTE 2094-40 data
06-07 19:45:11.566 24564 24611 E gralloc4: Empty SMPTE 2094-40 data
06-07 19:45:11.567 24564 24611 E gralloc4: Empty SMPTE 2094-40 data
06-07 19:45:11.583 24564 24611 E gralloc4: Empty SMPTE 2094-40 data
06-07 19:45:11.584 24564 24611 E gralloc4: Empty SMPTE 2094-40 data
06-07 19:45:11.599 24564 24611 E gralloc4: Empty SMPTE 2094-40 data
06-07 19:45:11.601 24564 24611 E gralloc4: Empty SMPTE 2094-40 data
06-07 19:45:11.616 24564 24611 E gralloc4: Empty SMPTE 2094-40 data
06-07 19:45:11.617 24564 24611 E gralloc4: Empty SMPTE 2094-40 data
06-07 19:45:11.633 24564 24611 E gralloc4: Empty SMPTE 2094-40 data
06-07 19:45:11.634 24564 24611 E gralloc4: Empty SMPTE 2094-40 data
06-07 19:45:11.649 24564 24611 E gralloc4: Empty SMPTE 2094-40 data
06-07 19:45:11.650 24564 24611 E gralloc4: Empty SMPTE 2094-40 data
06-07 19:45:11.666 24564 24611 E gralloc4: Empty SMPTE 2094-40 data
06-07 19:45:11.667 24564 24611 E gralloc4: Empty SMPTE 2094-40 data
06-07 19:45:11.683 24564 24611 E gralloc4: Empty SMPTE 2094-40 data
06-07 19:45:11.684 24564 24611 E gralloc4: Empty SMPTE 2094-40 data
06-07 19:45:11.699 24564 24611 E gralloc4: Empty SMPTE 2094-40 data
06-07 19:45:11.700 24564 24611 E gralloc4: Empty SMPTE 2094-40 data
06-07 19:45:11.715 24564 24611 E gralloc4: Empty SMPTE 2094-40 data
06-07 19:45:11.716 24564 24611 E gralloc4: Empty SMPTE 2094-40 data
06-07 19:45:11.731 24564 24611 E gralloc4: Empty SMPTE 2094-40 data
06-07 19:45:11.732 24564 24611 E gralloc4: Empty SMPTE 2094-40 data
06-07 19:45:11.748 24564 24611 E gralloc4: Empty SMPTE 2094-40 data
06-07 19:45:11.749 24564 24611 E gralloc4: Empty SMPTE 2094-40 data
06-07 19:45:11.765 24564 24611 E gralloc4: Empty SMPTE 2094-40 data
06-07 19:45:11.766 24564 24611 E gralloc4: Empty SMPTE 2094-40 data
06-07 19:45:11.782 24564 24611 E gralloc4: Empty SMPTE 2094-40 data
06-07 19:45:11.784 24564 24611 E gralloc4: Empty SMPTE 2094-40 data
06-07 19:45:11.798 24564 24611 E gralloc4: Empty SMPTE 2094-40 data
06-07 19:45:11.799 24564 24611 E gralloc4: Empty SMPTE 2094-40 data
06-07 19:45:11.815 24564 24611 E gralloc4: Empty SMPTE 2094-40 data
06-07 19:45:11.816 24564 24611 E gralloc4: Empty SMPTE 2094-40 data
06-07 19:45:11.832 24564 24611 E gralloc4: Empty SMPTE 2094-40 data
06-07 19:45:11.833 24564 24611 E gralloc4: Empty SMPTE 2094-40 data
06-07 19:45:11.849 24564 24611 E gralloc4: Empty SMPTE 2094-40 data
06-07 19:45:11.850 24564 24611 E gralloc4: Empty SMPTE 2094-40 data
06-07 19:45:11.865 24564 24611 E gralloc4: Empty SMPTE 2094-40 data
06-07 19:45:11.867 24564 24611 E gralloc4: Empty SMPTE 2094-40 data
06-07 19:45:11.884 24564 24611 E gralloc4: Empty SMPTE 2094-40 data
06-07 19:45:11.886 24564 24611 E gralloc4: Empty SMPTE 2094-40 data
06-07 19:45:11.955 24564 24564 E FileUtils: err write to mi_exception_log
06-07 19:45:11.959 24564 24611 E gralloc4: Empty SMPTE 2094-40 data
06-07 19:45:11.960 24564 24611 E gralloc4: Empty SMPTE 2094-40 data
06-07 19:45:11.966 24564 24611 E gralloc4: Empty SMPTE 2094-40 data
06-07 19:45:11.967 24564 24611 E gralloc4: Empty SMPTE 2094-40 data
06-07 19:45:11.981 24564 24611 E gralloc4: Empty SMPTE 2094-40 data
06-07 19:45:11.982 24564 24611 E gralloc4: Empty SMPTE 2094-40 data
06-07 19:45:11.997 24564 24611 E gralloc4: Empty SMPTE 2094-40 data
06-07 19:45:11.998 24564 24611 E gralloc4: Empty SMPTE 2094-40 data
06-07 19:45:12.013 24564 24611 E gralloc4: Empty SMPTE 2094-40 data
06-07 19:45:12.015 24564 24611 E gralloc4: Empty SMPTE 2094-40 data
06-07 19:45:12.031 24564 24611 E gralloc4: Empty SMPTE 2094-40 data
06-07 19:45:12.032 24564 24611 E gralloc4: Empty SMPTE 2094-40 data
06-07 19:45:12.047 24564 24611 E gralloc4: Empty SMPTE 2094-40 data
06-07 19:45:12.049 24564 24611 E gralloc4: Empty SMPTE 2094-40 data
06-07 19:45:12.064 24564 24611 E gralloc4: Empty SMPTE 2094-40 data
06-07 19:45:12.066 24564 24611 E gralloc4: Empty SMPTE 2094-40 data
06-07 19:45:12.072 24564 24564 D View    : [Warning] assignParent to null: this = android.widget.LinearLayout{a07dd56 V.E...... ......ID 0,0-688,236 #7f090250 app:id/root_layout}
06-07 19:45:12.080 24564 24611 E gralloc4: Empty SMPTE 2094-40 data
06-07 19:45:12.084 24564 24574 D BLASTBufferQueue: [VRI[Toast]#2](f:0,a:1) destructor()
06-07 19:45:12.084 24564 24574 D BufferQueueConsumer: [VRI[Toast]#2(BLAST Consumer)2](id:5ff400000002,api:0,p:-1,c:24564) disconnect
06-07 19:45:12.097 24564 24611 E gralloc4: Empty SMPTE 2094-40 data
06-07 19:45:12.113 24564 24611 E gralloc4: Empty SMPTE 2094-40 data
06-07 19:45:12.130 24564 24611 E gralloc4: Empty SMPTE 2094-40 data
06-07 19:45:12.147 24564 24611 E gralloc4: Empty SMPTE 2094-40 data
06-07 19:45:12.164 24564 24611 E gralloc4: Empty SMPTE 2094-40 data
06-07 19:45:12.180 24564 24611 E gralloc4: Empty SMPTE 2094-40 data
06-07 19:45:12.196 24564 24611 E gralloc4: Empty SMPTE 2094-40 data
06-07 19:45:12.213 24564 24611 E gralloc4: Empty SMPTE 2094-40 data
06-07 19:45:12.230 24564 24611 E gralloc4: Empty SMPTE 2094-40 data
06-07 19:45:12.247 24564 24611 E gralloc4: Empty SMPTE 2094-40 data
06-07 19:45:12.262 24564 24564 D IS_CTS_MODE: false
06-07 19:45:12.262 24564 24564 D MULTI_WINDOW_ENABLED: false
06-07 19:45:12.272 24564 24564 I ForceDarkHelperStubImpl: setViewRootImplForceDark: false for com.onecore.loader.activity.MainActivity@73a46fe, reason: AppDarkModeEnable
06-07 19:45:12.272 24564 24564 D VRI[MainActivity]: hardware acceleration = true, forceHwAccelerated = false
06-07 19:45:12.281 24564 24611 E gralloc4: Empty SMPTE 2094-40 data
06-07 19:45:12.286 24564 24564 D BufferQueueConsumer: [](id:5ff400000004,api:0,p:-1,c:24564) connect: controlledByApp=false
06-07 19:45:12.287 24564 24564 I ForceDarkHelperStubImpl: setViewRootImplForceDark: false for com.onecore.loader.activity.MainActivity@73a46fe, reason: AppDarkModeEnable
06-07 19:45:12.290 24564 24611 E gralloc4: Empty SMPTE 2094-40 data
06-07 19:45:12.291 24564 24611 D BLASTBufferQueue: [VRI[MainActivity]#4](f:0,a:1) acquireNextBufferLocked size=1200x567 mFrameNumber=1 applyTransaction=true mTimestamp=961219332774369(auto) mPendingTransactions.size=0 graphicBufferId=105501576658960 transform=0
06-07 19:45:12.291 24564 24611 W Parcel  : Expecting binder but got null!
06-07 19:45:12.299 24564 24611 E gralloc4: Empty SMPTE 2094-40 data
06-07 19:45:12.299 24564 24564 D DecorView[]: onWindowFocusChanged hasWindowFocus false
06-07 19:45:12.313 24564 24611 E gralloc4: Empty SMPTE 2094-40 data
06-07 19:45:12.329 24564 24611 E gralloc4: Empty SMPTE 2094-40 data
06-07 19:45:12.332 24564 24564 D DecorView[]: onWindowFocusChanged hasWindowFocus true
06-07 19:45:12.346 24564 24611 E gralloc4: Empty SMPTE 2094-40 data
06-07 19:45:12.363 24564 24611 E gralloc4: Empty SMPTE 2094-40 data
06-07 19:45:12.380 24564 24611 E gralloc4: Empty SMPTE 2094-40 data
06-07 19:45:12.397 24564 24611 E gralloc4: Empty SMPTE 2094-40 data
06-07 19:45:12.415 24564 24611 E gralloc4: Empty SMPTE 2094-40 data
06-07 19:45:12.431 24564 24611 E gralloc4: Empty SMPTE 2094-40 data
06-07 19:45:12.447 24564 24611 E gralloc4: Empty SMPTE 2094-40 data
06-07 19:45:12.465 24564 24611 E gralloc4: Empty SMPTE 2094-40 data
06-07 19:45:12.481 24564 24611 E gralloc4: Empty SMPTE 2094-40 data
06-07 19:45:12.497 24564 24611 E gralloc4: Empty SMPTE 2094-40 data
06-07 19:45:12.515 24564 24611 E gralloc4: Empty SMPTE 2094-40 data
06-07 19:45:12.531 24564 24611 E gralloc4: Empty SMPTE 2094-40 data
06-07 19:45:12.548 24564 24611 E gralloc4: Empty SMPTE 2094-40 data
06-07 19:45:12.564 24564 24611 E gralloc4: Empty SMPTE 2094-40 data
06-07 19:45:12.581 24564 24611 E gralloc4: Empty SMPTE 2094-40 data
06-07 19:45:12.880 24564 24564 D View    : [Warning] assignParent to null: this = DecorView@e90d7b7[MainActivity]
06-07 19:45:12.880 24564 24564 D BLASTBufferQueue: [VRI[MainActivity]#4](f:0,a:1) destructor()
06-07 19:45:12.880 24564 24564 D BufferQueueConsumer: [VRI[MainActivity]#4(BLAST Consumer)4](id:5ff400000004,api:0,p:-1,c:24564) disconnect
06-07 19:45:12.914 24564 24564 D DecorView[]: onWindowFocusChanged hasWindowFocus true
06-07 19:45:12.914 24564 24564 I HandWritingStubImpl: refreshLastKeyboardType: 1
06-07 19:45:12.914 24564 24564 I HandWritingStubImpl: getCurrentKeyboardType: 1
06-07 19:45:13.182 24564 24564 W BlackManager: Using fallback isInstalled check for com.pubg.imobile due to service failures
06-07 19:45:13.185 24564 24564 W BlackManager: Using fallback isInstalled check for com.pubg.imobile due to service failures
06-07 19:45:13.185 24564 24564 D BlackManager: Creating service for: top.niunaijun.blackbox.core.system.pm.IBPackageManagerService$Stub
06-07 19:45:13.185 24564 24564 D BlackManager: Successfully created service: package_manager
06-07 19:45:13.191 24564 24564 D NativeCore: NativeCore init.
06-07 19:45:13.191 24564 24564 D NativeCore: set hideXposed
06-07 19:45:13.190 24564 24564 W .onecore.loader: type=1400 audit(0.0:5358378): avc: granted { execute } for path="/data/user/0/com.onecore.loader/files/loader/libbgmi.so" dev="dm-41" ino=438275 scontext=u:r:untrusted_app_27:s0:c210,c257,c512,c768 tcontext=u:object_r:app_data_file:s0:c210,c257,c512,c768 tclass=file app=com.onecore.loader
06-07 19:45:13.195 24564 24564 D nativeloader: Load /data/user/0/com.onecore.loader/files/loader/libbgmi.so using class loader ns clns-4 (caller=/data/app/~~RWnGDkVeE8ki_tQwHd2P_w==/com.onecore.loader-BTivvbaOS0a4fWVpHcH3Cw==/base.apk): ok
06-07 19:45:13.198 24564 24564 W System.err: java.io.IOException: Permission denied
06-07 19:45:13.199 24564 24564 W System.err: 	at java.io.UnixFileSystem.createFileExclusively0(Native Method)
06-07 19:45:13.199 24564 24564 W System.err: 	at java.io.UnixFileSystem.createFileExclusively(UnixFileSystem.java:373)
06-07 19:45:13.199 24564 24564 W System.err: 	at java.io.File.createNewFile(File.java:1022)
06-07 19:45:13.199 24564 24564 W System.err: 	at com.blankj.molihuan.utilcode.util.FileUtils.createOrExistsFile(FileUtils.java:217)
06-07 19:45:13.199 24564 24564 W System.err: 	at com.blankj.molihuan.utilcode.util.UtilsBridge.createOrExistsFile(UtilsBridge.java:293)
06-07 19:45:13.199 24564 24564 W System.err: 	at com.blankj.molihuan.utilcode.util.FileIOUtils.writeFileFromIS(FileIOUtils.java:159)
06-07 19:45:13.199 24564 24564 W System.err: 	at com.blankj.molihuan.utilcode.util.FileIOUtils.writeFileFromIS(FileIOUtils.java:56)
06-07 19:45:13.199 24564 24564 W System.err: 	at com.blankj.molihuan.utilcode.util.UtilsBridge.writeFileFromIS(UtilsBridge.java:274)
06-07 19:45:13.199 24564 24564 W System.err: 	at com.blankj.molihuan.utilcode.util.FileUtils.copyOrMoveFile(FileUtils.java:466)
06-07 19:45:13.199 24564 24564 W System.err: 	at com.blankj.molihuan.utilcode.util.FileUtils.copyFile(FileUtils.java:334)
06-07 19:45:13.199 24564 24564 W System.err: 	at com.blankj.molihuan.utilcode.util.FileUtils.copy(FileUtils.java:306)
06-07 19:45:13.199 24564 24564 W System.err: 	at com.blankj.molihuan.utilcode.util.FileUtils.copy(FileUtils.java:262)
06-07 19:45:13.199 24564 24564 W System.err: 	at com.onecore.loader.libhelper.ApkEnv.tryAddLoader(ApkEnv.java:176)
06-07 19:45:13.199 24564 24564 W System.err: 	at com.onecore.loader.activity.MainActivity.lambda$do_Lib_And_Run$4$com-onecore-loader-activity-MainActivity(MainActivity.java:226)
06-07 19:45:13.199 24564 24564 W System.err: 	at com.onecore.loader.activity.MainActivity$$ExternalSyntheticLambda0.run(Unknown Source:4)
06-07 19:45:13.199 24564 24564 W System.err: 	at android.os.Handler.handleCallback(Handler.java:942)
06-07 19:45:13.199 24564 24564 W System.err: 	at android.os.Handler.dispatchMessage(Handler.java:99)
06-07 19:45:13.199 24564 24564 W System.err: 	at android.os.Looper.loopOnce(Looper.java:211)
06-07 19:45:13.199 24564 24564 W System.err: 	at android.os.Looper.loop(Looper.java:300)
06-07 19:45:13.199 24564 24564 W System.err: 	at android.app.ActivityThread.main(ActivityThread.java:8232)
06-07 19:45:13.199 24564 24564 W System.err: 	at java.lang.reflect.Method.invoke(Native Method)
06-07 19:45:13.199 24564 24564 W System.err: 	at com.android.internal.os.RuntimeInit$MethodAndArgsCaller.run(RuntimeInit.java:580)
06-07 19:45:13.199 24564 24564 W System.err: 	at com.android.internal.os.ZygoteInit.main(ZygoteInit.java:1028)
06-07 19:45:13.199 24564 24564 E FileIOUtils: create file </data/app/~~EDi3JEzyXv8aoL66L84bIw==/com.pubg.imobile-ULGjLVZsiQl_IsGyk4JYTA==/lib/arm64/libAkAudioVisiual.so> failed.
06-07 19:45:13.200 24564 24564 I SdkProtectionManager: onGameLaunch: com.pubg.imobile
06-07 19:45:13.200 24564 24564 I BlackBoxCore: SDK Protection kept passive for game: com.pubg.imobile
06-07 19:45:13.202 24564 24564 D TransactionThrottler: Reset transaction throttler
06-07 19:45:13.205 24564 24564 D TransactionThrottler: Reset transaction throttler
06-07 19:45:13.219 24564 24564 D SplashScreen: LauncherActivity.launch() called for package: com.pubg.imobile
06-07 19:45:13.238 24564 24689 D libMEOW : meow new tls: 0x769a3ecfc0
06-07 19:45:13.238 24564 24689 D libMEOW : applied 1 plugins for [com.onecore.loader]:
06-07 19:45:13.238 24564 24689 D libMEOW :   plugin 1: [libMEOW_gift.so]:
06-07 19:45:13.239 24564 24564 D MiuiMultiWindowAdapter: MiuiMultiWindowAdapter::getFreeformVideoWhiteListInSystem::LIST_ABOUT_SUPPORT_LANDSCAPE_VIDEO = [com.hunantv.imgo.activity, com.tencent.qqlive, com.qiyi.video, com.hunantv.imgo.activity.inter, com.tencent.qqlivei18n, com.iqiyi.i18n, tv.danmaku.bili]
06-07 19:45:13.239 24564 24689 D libMEOW : meow delete tls: 0x769a3ecfc0
06-07 19:45:13.241 24564 24564 D AppInstrumentation: callActivityOnCreate: top.niunaijun.blackbox.app.LauncherActivity
06-07 19:45:13.243 24564 24564 E .onecore.loader: Invalid ID 0x00000000.
06-07 19:45:13.243 24564 24564 D SplashScreen: LauncherActivity.onCreate() for package: com.pubg.imobile, userId: 0
06-07 19:45:13.246 24564 24564 D SplashScreen: Successfully retrieved package info for com.pubg.imobile
06-07 19:45:13.256 24690 24690 E libsigchain: Setting SIGSEGV to SIG_DFL
06-07 19:45:13.273 24564 24564 D IS_CTS_MODE: false
06-07 19:45:13.273 24564 24564 D MULTI_WINDOW_ENABLED: false
06-07 19:45:13.274 24564 24564 D DecorView[]: getWindowModeFromSystem  windowmode is 1
06-07 19:45:13.275 24690 24690 E libsigchain:   #00 pc 000066ac  /apex/com.android.art/lib64/libsigchain.so (LogStack()+204) (BuildId: 1d71636c1517ecf3fa421563ba6710f3)
06-07 19:45:13.275 24690 24690 E libsigchain:   #01 pc 000073e8  /apex/com.android.art/lib64/libsigchain.so (sigaction64+208) (BuildId: 1d71636c1517ecf3fa421563ba6710f3)
06-07 19:45:13.275 24690 24690 E libsigchain:   #02 pc 0009e3b8  /apex/com.android.runtime/lib64/bionic/libc.so (ApplyAttrs(short, __posix_spawnattr* const*)+88) (BuildId: 3908c7c57fa04c64df24425cf16523cf)
06-07 19:45:13.275 24690 24690 E libsigchain:   #03 pc 0009dd80  /apex/com.android.runtime/lib64/bionic/libc.so (posix_spawn(int*, char const*, __posix_spawn_file_actions* const*, __posix_spawnattr* const*, char* const*, char* const*, int (*)(char const*, char* const*, char* const*))+320) (BuildId: 3908c7c57fa04c64df24425cf16523cf)
06-07 19:45:13.275 24690 24690 E libsigchain:   #04 pc 0009dc30  /apex/com.android.runtime/lib64/bionic/libc.so (posix_spawn+16) (BuildId: 3908c7c57fa04c64df24425cf16523cf)
06-07 19:45:13.275 24690 24690 E libsigchain:   #05 pc 000a0368  /apex/com.android.runtime/lib64/bionic/libc.so (system+424) (BuildId: 3908c7c57fa04c64df24425cf16523cf)
06-07 19:45:13.276 24690 24690 E libsigchain:   #06 pc 000e4ea8  /data/user/0/com.onecore.loader/files/loader/libbgmi.so (+0) (BuildId: 98c8dd358a796bad5a0fe0efb69de2725a7f8f6e)
06-07 19:45:13.276 24690 24690 E libsigchain:   #07 pc 000e59a0  /data/user/0/com.onecore.loader/files/loader/libbgmi.so (+0) (BuildId: 98c8dd358a796bad5a0fe0efb69de2725a7f8f6e)
06-07 19:45:13.276 24690 24690 E libsigchain:   #08 pc 000fba4c  /apex/com.android.runtime/lib64/bionic/libc.so (__pthread_start(void*)+204) (BuildId: 3908c7c57fa04c64df24425cf16523cf)
06-07 19:45:13.276 24690 24690 E libsigchain:   #09 pc 0008e5f0  /apex/com.android.runtime/lib64/bionic/libc.so (__start_thread+64) (BuildId: 3908c7c57fa04c64df24425cf16523cf)
06-07 19:45:13.279 24564 24691 D SplashScreen: Starting app launch in background thread
06-07 19:45:13.282 24564 24564 I ForceDarkHelperStubImpl: setViewRootImplForceDark: false for top.niunaijun.blackbox.app.LauncherActivity@c971a45, reason: AppDarkModeEnable
06-07 19:45:13.282 24564 24564 D VRI[LauncherActivity]: hardware acceleration = true, forceHwAccelerated = false
06-07 19:45:13.291 24564 24611 E gralloc4: Empty SMPTE 2094-40 data
06-07 19:45:13.303 24564 24564 D BufferQueueConsumer: [](id:5ff400000005,api:0,p:-1,c:24564) connect: controlledByApp=false
06-07 19:45:13.313 24693 24693 E libsigchain: Setting SIGSEGV to SIG_DFL
