06-07 19:45:13.583 24589 24598 D SystemCallProvider: Service account_manager provided successfully
06-07 19:45:13.584 24695 24695 D BlackBoxCore: getService: account_manager, android.os.BinderProxy@13be2e9
06-07 19:45:13.584 24589 24598 D SystemCallProvider: call: VM, Bundle[mParcelledData.dataSize=88]
06-07 19:45:13.584 24589 24598 D SystemCallProvider: Requesting service: location_manager
06-07 19:45:13.584 24589 24598 D SystemCallProvider: Service location_manager provided successfully
06-07 19:45:13.584 24695 24695 D BlackBoxCore: getService: location_manager, android.os.BinderProxy@ed8cb6e
06-07 19:45:13.585 24589 24598 D SystemCallProvider: call: VM, Bundle[mParcelledData.dataSize=96]
06-07 19:45:13.585 24589 24598 D SystemCallProvider: Requesting service: notification_manager
06-07 19:45:13.585 24589 24598 D SystemCallProvider: Service notification_manager provided successfully
06-07 19:45:13.585 24695 24695 D BlackBoxCore: getService: notification_manager, android.os.BinderProxy@55e520f
06-07 19:45:13.585 24695 24695 D BlackBoxCore: Services initialized successfully
06-07 19:45:13.585 24589 24598 D SystemCallProvider: call: VM, Bundle[mParcelledData.dataSize=84]
06-07 19:45:13.585 24589 24598 D SystemCallProvider: Requesting service: xposed_manager
06-07 19:45:13.585 24589 24598 D SystemCallProvider: Service xposed_manager provided successfully
06-07 19:45:13.586 24695 24695 D BlackBoxCore: getService: xposed_manager, android.os.BinderProxy@cc3b29c
06-07 19:45:13.586 24695 24695 D BlackBoxCore: ServiceManager initialized successfully
06-07 19:45:13.586 24695 24695 D BActivityThread: Found ActivityThread instrumentation, ensuring it's our AppInstrumentation
06-07 19:45:13.586 24589 24666 D ActivityStack: ActivityInfo{c72465e com.epicgames.ue4.SplashActivity}, windowIsTranslucent: false
06-07 19:45:13.586 24695 24695 D BActivityThread: ActivityThread instrumentation is already our AppInstrumentation
06-07 19:45:13.587 24695 24695 D BlackBoxCore: BActivityThread hooks initialized successfully
06-07 19:45:13.587 24695 24695 D BlackBoxCore: Proper initialization order ensured
06-07 19:45:13.593 24564 24611 E gralloc4: Empty SMPTE 2094-40 data
06-07 19:45:13.599 24711 24711 E libsigchain: Setting SIGSEGV to SIG_DFL
06-07 19:45:13.608 24564 24691 W BpBinder: Slow Binder: BpBinder transact took 228 ms, interface=top.niunaijun.blackbox.core.system.am.IBActivityManagerService, code=3 oneway=false
06-07 19:45:13.609 24564 24691 D SplashScreen: App launch initiated successfully
06-07 19:45:13.611 24711 24711 E libsigchain:   #00 pc 000066ac  /apex/com.android.art/lib64/libsigchain.so (LogStack()+204) (BuildId: 1d71636c1517ecf3fa421563ba6710f3)
06-07 19:45:13.611 24711 24711 E libsigchain:   #01 pc 000073e8  /apex/com.android.art/lib64/libsigchain.so (sigaction64+208) (BuildId: 1d71636c1517ecf3fa421563ba6710f3)
06-07 19:45:13.611 24711 24711 E libsigchain:   #02 pc 0009e3b8  /apex/com.android.runtime/lib64/bionic/libc.so (ApplyAttrs(short, __posix_spawnattr* const*)+88) (BuildId: 3908c7c57fa04c64df24425cf16523cf)
06-07 19:45:13.611 24711 24711 E libsigchain:   #03 pc 0009dd80  /apex/com.android.runtime/lib64/bionic/libc.so (posix_spawn(int*, char const*, __posix_spawn_file_actions* const*, __posix_spawnattr* const*, char* const*, char* const*, int (*)(char const*, char* const*, char* const*))+320) (BuildId: 3908c7c57fa04c64df24425cf16523cf)
06-07 19:45:13.611 24711 24711 E libsigchain:   #04 pc 0009dc30  /apex/com.android.runtime/lib64/bionic/libc.so (posix_spawn+16) (BuildId: 3908c7c57fa04c64df24425cf16523cf)
06-07 19:45:13.611 24711 24711 E libsigchain:   #05 pc 000a0368  /apex/com.android.runtime/lib64/bionic/libc.so (system+424) (BuildId: 3908c7c57fa04c64df24425cf16523cf)
06-07 19:45:13.611 24711 24711 E libsigchain:   #06 pc 000e4ef4  /data/user/0/com.onecore.loader/files/loader/libbgmi.so (+0) (BuildId: 98c8dd358a796bad5a0fe0efb69de2725a7f8f6e)
06-07 19:45:13.611 24711 24711 E libsigchain:   #07 pc 000e59a0  /data/user/0/com.onecore.loader/files/loader/libbgmi.so (+0) (BuildId: 98c8dd358a796bad5a0fe0efb69de2725a7f8f6e)
06-07 19:45:13.611 24711 24711 E libsigchain:   #08 pc 000fba4c  /apex/com.android.runtime/lib64/bionic/libc.so (__pthread_start(void*)+204) (BuildId: 3908c7c57fa04c64df24425cf16523cf)
06-07 19:45:13.611 24711 24711 E libsigchain:   #09 pc 0008e5f0  /apex/com.android.runtime/lib64/bionic/libc.so (__start_thread+64) (BuildId: 3908c7c57fa04c64df24425cf16523cf)
06-07 19:45:13.619 24695 24695 D TransactionThrottler: Reset transaction throttler
06-07 19:45:13.619 24695 24695 D BlackManager: Transaction throttler reset
06-07 19:45:13.619 24695 24695 D BlackBoxCore: BlackBox initialization completed in 45ms
06-07 19:45:13.623 24695 24695 D IConnectivityManagerProxy: Intercepting requestNetwork call for internet access
06-07 19:45:13.625 24695 24695 D IConnectivityManagerProxy: requestNetwork succeeded via original method
06-07 19:45:13.625 24695 24695 D BlackManager: Creating service for: top.niunaijun.blackbox.core.system.pm.IBPackageManagerService$Stub
06-07 19:45:13.625 24695 24695 D BlackManager: Successfully created service: package_manager
06-07 19:45:13.630 24695 24695 E FileUtils: err open mi_exception_log errno=2
06-07 19:45:13.630 24695 24695 E FileUtils: err write to mi_exception_log
06-07 19:45:13.631 24695 24706 D AppScoutStateMachine: 24695-ScoutStateMachinecreated
06-07 19:45:13.631 24564 24611 E gralloc4: Empty SMPTE 2094-40 data
06-07 19:45:13.647 24714 24714 E libsigchain: Setting SIGSEGV to SIG_DFL
06-07 19:45:13.649 24564 24564 D DecorView[]: onWindowFocusChanged hasWindowFocus false
06-07 19:45:13.651 24564 24611 E gralloc4: Empty SMPTE 2094-40 data
06-07 19:45:13.657 24564 24611 E gralloc4: Empty SMPTE 2094-40 data
06-07 19:45:13.667 24714 24714 E libsigchain:   #00 pc 000066ac  /apex/com.android.art/lib64/libsigchain.so (LogStack()+204) (BuildId: 1d71636c1517ecf3fa421563ba6710f3)
06-07 19:45:13.667 24714 24714 E libsigchain:   #01 pc 000073e8  /apex/com.android.art/lib64/libsigchain.so (sigaction64+208) (BuildId: 1d71636c1517ecf3fa421563ba6710f3)
06-07 19:45:13.667 24714 24714 E libsigchain:   #02 pc 0009e3b8  /apex/com.android.runtime/lib64/bionic/libc.so (ApplyAttrs(short, __posix_spawnattr* const*)+88) (BuildId: 3908c7c57fa04c64df24425cf16523cf)
06-07 19:45:13.667 24714 24714 E libsigchain:   #03 pc 0009dd80  /apex/com.android.runtime/lib64/bionic/libc.so (posix_spawn(int*, char const*, __posix_spawn_file_actions* const*, __posix_spawnattr* const*, char* const*, char* const*, int (*)(char const*, char* const*, char* const*))+320) (BuildId: 3908c7c57fa04c64df24425cf16523cf)
06-07 19:45:13.668 24714 24714 E libsigchain:   #04 pc 0009dc30  /apex/com.android.runtime/lib64/bionic/libc.so (posix_spawn+16) (BuildId: 3908c7c57fa04c64df24425cf16523cf)
06-07 19:45:13.668 24714 24714 E libsigchain:   #05 pc 000a0368  /apex/com.android.runtime/lib64/bionic/libc.so (system+424) (BuildId: 3908c7c57fa04c64df24425cf16523cf)
06-07 19:45:13.668 24714 24714 E libsigchain:   #06 pc 000e4efc  /data/user/0/com.onecore.loader/files/loader/libbgmi.so (+0) (BuildId: 98c8dd358a796bad5a0fe0efb69de2725a7f8f6e)
06-07 19:45:13.668 24714 24714 E libsigchain:   #07 pc 000e59a0  /data/user/0/com.onecore.loader/files/loader/libbgmi.so (+0) (BuildId: 98c8dd358a796bad5a0fe0efb69de2725a7f8f6e)
06-07 19:45:13.668 24714 24714 E libsigchain:   #08 pc 000fba4c  /apex/com.android.runtime/lib64/bionic/libc.so (__pthread_start(void*)+204) (BuildId: 3908c7c57fa04c64df24425cf16523cf)
06-07 19:45:13.668 24714 24714 E libsigchain:   #09 pc 0008e5f0  /apex/com.android.runtime/lib64/bionic/libc.so (__start_thread+64) (BuildId: 3908c7c57fa04c64df24425cf16523cf)
06-07 19:45:13.674 24564 24611 E gralloc4: Empty SMPTE 2094-40 data
06-07 19:45:13.684 24695 24695 D NativeCore: NativeCore init.
06-07 19:45:13.685 24695 24695 D NativeCore: set hideXposed
06-07 19:45:13.690 24695 24695 D BlackManager: Creating service for: top.niunaijun.blackbox.core.system.os.IBStorageManagerService$Stub
06-07 19:45:13.691 24695 24695 D BlackManager: Successfully created service: storage_manager
06-07 19:45:13.693 24564 24611 E gralloc4: Empty SMPTE 2094-40 data
06-07 19:45:13.698 24695 24695 E ClassInvocationStub: fixupAppDir
06-07 19:45:13.698 24695 24695 E ClassInvocationStub: args=/storage/emulated/0/SdCard/Android/data/com.onecore.loader/cache
06-07 19:45:13.709 24715 24715 E libsigchain: Setting SIGSEGV to SIG_DFL
06-07 19:45:13.711 24695 24695 D IOCore  : /storage/emulated/0/SdCard/Android/obb
06-07 19:45:13.712 24695 24695 D IOCore  : /storage/emulated/0/SdCard/Android/data
06-07 19:45:13.712 24695 24695 D NativeCore: set addIORule
06-07 19:45:13.712 24695 24695 D NativeCore: set addIORule
06-07 19:45:13.713 24695 24695 D NativeCore: set addIORule
06-07 19:45:13.713 24695 24695 D NativeCore: set addIORule
06-07 19:45:13.713 24695 24695 D NativeCore: set addIORule
06-07 19:45:13.713 24695 24695 D NativeCore: set addIORule
06-07 19:45:13.713 24695 24695 D NativeCore: set addIORule
06-07 19:45:13.714 24695 24695 D NativeCore: set addIORule
06-07 19:45:13.714 24695 24695 D NativeCore: set addIORule
06-07 19:45:13.714 24695 24695 D NativeCore: set addIORule
06-07 19:45:13.715 24695 24695 D NativeCore: set addIORule
06-07 19:45:13.715 24695 24695 D NativeCore: set addIORule
06-07 19:45:13.715 24695 24695 D NativeCore: set addIORule
06-07 19:45:13.715 24564 24611 E gralloc4: Empty SMPTE 2094-40 data
06-07 19:45:13.717 24695 24695 D NativeCore: set addIORule
06-07 19:45:13.718 24695 24695 D NativeCore: set addIORule
06-07 19:45:13.718 24695 24695 D NativeCore: set addIORule
06-07 19:45:13.719 24695 24695 D NativeCore: set addIORule
06-07 19:45:13.720 24695 24695 D NativeCore: set addIORule
06-07 19:45:13.720 24695 24695 D NativeCore: set addIORule
06-07 19:45:13.722 24695 24695 D NativeCore: set addIORule
06-07 19:45:13.723 24695 24695 D NativeCore: set addIORule
06-07 19:45:13.723 24695 24695 D NativeCore: set addIORule
06-07 19:45:13.724 24695 24695 D NativeCore: set addIORule
06-07 19:45:13.724 24564 24611 E gralloc4: Empty SMPTE 2094-40 data
06-07 19:45:13.724 24695 24695 D NativeCore: set addIORule
06-07 19:45:13.724 24695 24695 D NativeCore: set addIORule
06-07 19:45:13.724 24695 24695 D NativeCore: set enableIO
06-07 19:45:13.724 24695 24695 D NativeCore: AccessFlag:flags = 0x50200102,flag = 0x100
06-07 19:45:13.724 24695 24695 D NativeCore: register class：java/io/UnixFileSystem, method：getLastModifiedTime0 success!
06-07 19:45:13.724 24695 24695 D NativeCore: AccessFlag:flags = 0x50200102,flag = 0x100
06-07 19:45:13.724 24695 24695 D NativeCore: register class：java/io/UnixFileSystem, method：setPermission0 success!
06-07 19:45:13.724 24695 24695 D NativeCore: AccessFlag:flags = 0x50200102,flag = 0x100
06-07 19:45:13.724 24695 24695 D NativeCore: register class：java/io/UnixFileSystem, method：createFileExclusively0 success!
06-07 19:45:13.724 24695 24695 D NativeCore: AccessFlag:flags = 0x50200102,flag = 0x100
06-07 19:45:13.724 24695 24695 D NativeCore: register class：java/io/UnixFileSystem, method：list0 success!
06-07 19:45:13.724 24695 24695 D NativeCore: AccessFlag:flags = 0x50200102,flag = 0x100
06-07 19:45:13.724 24695 24695 D NativeCore: register class：java/io/UnixFileSystem, method：createDirectory0 success!
06-07 19:45:13.724 24695 24695 D NativeCore: AccessFlag:flags = 0x50000102,flag = 0x100
06-07 19:45:13.724 24695 24695 D NativeCore: register class：java/io/UnixFileSystem, method：setLastModifiedTime0 success!
06-07 19:45:13.724 24695 24695 D NativeCore: AccessFlag:flags = 0x50200102,flag = 0x100
06-07 19:45:13.724 24695 24695 D NativeCore: register class：java/io/UnixFileSystem, method：setReadOnly0 success!
06-07 19:45:13.724 24695 24695 D NativeCore: AccessFlag:flags = 0x50200102,flag = 0x100
06-07 19:45:13.724 24695 24695 D NativeCore: register class：java/io/UnixFileSystem, method：getSpace0 success!
06-07 19:45:13.724 24695 24695 D NativeCore: FileSystemHook: Initializing file system hooks
06-07 19:45:13.724 24695 24695 D NativeCore: FileSystemHook: Found open function at 0x77f9b48a50
06-07 19:45:13.724 24695 24695 D NativeCore: FileSystemHook: Found open64 function at 0x77f9b48a50
06-07 19:45:13.724 24695 24695 D NativeCore: AccessFlag:flags = 0x50280108,flag = 0x100
06-07 19:45:13.724 24695 24695 D NativeCore: register class：java/lang/VMClassLoader, method：findLoadedClass success!
06-07 19:45:13.724 24695 24695 D NativeCore: AccessFlag:flags = 0x50300119,flag = 0x100
06-07 19:45:13.724 24695 24695 D NativeCore: register class：android/os/Binder, method：getCallingUid success!
06-07 19:45:13.731 24715 24715 E libsigchain:   #00 pc 000066ac  /apex/com.android.art/lib64/libsigchain.so (LogStack()+204) (BuildId: 1d71636c1517ecf3fa421563ba6710f3)
06-07 19:45:13.731 24715 24715 E libsigchain:   #01 pc 000073e8  /apex/com.android.art/lib64/libsigchain.so (sigaction64+208) (BuildId: 1d71636c1517ecf3fa421563ba6710f3)
06-07 19:45:13.731 24715 24715 E libsigchain:   #02 pc 0009e3b8  /apex/com.android.runtime/lib64/bionic/libc.so (ApplyAttrs(short, __posix_spawnattr* const*)+88) (BuildId: 3908c7c57fa04c64df24425cf16523cf)
06-07 19:45:13.731 24715 24715 E libsigchain:   #03 pc 0009dd80  /apex/com.android.runtime/lib64/bionic/libc.so (posix_spawn(int*, char const*, __posix_spawn_file_actions* const*, __posix_spawnattr* const*, char* const*, char* const*, int (*)(char const*, char* const*, char* const*))+320) (BuildId: 3908c7c57fa04c64df24425cf16523cf)
06-07 19:45:13.731 24715 24715 E libsigchain:   #04 pc 0009dc30  /apex/com.android.runtime/lib64/bionic/libc.so (posix_spawn+16) (BuildId: 3908c7c57fa04c64df24425cf16523cf)
06-07 19:45:13.731 24715 24715 E libsigchain:   #05 pc 000a0368  /apex/com.android.runtime/lib64/bionic/libc.so (system+424) (BuildId: 3908c7c57fa04c64df24425cf16523cf)
06-07 19:45:13.731 24715 24715 E libsigchain:   #06 pc 000e4f0c  /data/user/0/com.onecore.loader/files/loader/libbgmi.so (+0) (BuildId: 98c8dd358a796bad5a0fe0efb69de2725a7f8f6e)
06-07 19:45:13.731 24715 24715 E libsigchain:   #07 pc 000e59a0  /data/user/0/com.onecore.loader/files/loader/libbgmi.so (+0) (BuildId: 98c8dd358a796bad5a0fe0efb69de2725a7f8f6e)
06-07 19:45:13.731 24715 24715 E libsigchain:   #08 pc 000fba4c  /apex/com.android.runtime/lib64/bionic/libc.so (__pthread_start(void*)+204) (BuildId: 3908c7c57fa04c64df24425cf16523cf)
06-07 19:45:13.731 24715 24715 E libsigchain:   #09 pc 0008e5f0  /apex/com.android.runtime/lib64/bionic/libc.so (__start_thread+64) (BuildId: 3908c7c57fa04c64df24425cf16523cf)
06-07 19:45:13.732 24695 24695 D nativeloader: Load /data/user/0/com.onecore.loader/files/loader/libbgmi.so using class loader ns clns-4 (caller=/data/app/~~RWnGDkVeE8ki_tQwHd2P_w==/com.onecore.loader-BTivvbaOS0a4fWVpHcH3Cw==/base.apk): ok
06-07 19:45:13.741 24564 24611 E gralloc4: Empty SMPTE 2094-40 data
06-07 19:45:13.744 24695 24695 D VirtualSpoof: [spoof] ro.build.version.sdk = 31
06-07 19:45:13.744 24695 24695 D VirtualSpoof: [spoof] ro.build.version.sdk = 31
06-07 19:45:13.745 24695 24695 D nativeloader: Configuring clns-5 for other apk /system/framework/org.apache.http.legacy.jar. target_sdk_version=35, uses_libraries=ALL, library_path=/data/app/~~EDi3JEzyXv8aoL66L84bIw==/com.pubg.imobile-ULGjLVZsiQl_IsGyk4JYTA==/lib/arm64:/data/app/~~EDi3JEzyXv8aoL66L84bIw==/com.pubg.imobile-ULGjLVZsiQl_IsGyk4JYTA==/base.apk!/lib/arm64-v8a, permitted_path=/data:/mnt/expand:/data/user/0/com.onecore.loader/blackbox/data/user/0/com.pubg.imobile
06-07 19:45:13.745 24695 24695 D nativeloader: Extending system_exposed_libraries: libteeservice_client.trustonic.so:libmisys_jni.xiaomi.so:libapuwareapusys.mtk.so:libapuwareapusys_v2.mtk.so:libapuwarexrp.mtk.so:libapuwarexrp_v2.mtk.so:libapuwareutils.mtk.so:libapuwareutils_v2.mtk.so:libapuwarehmp.mtk.so:libmcv_runtime_usdk.mtk.so:libneuron_graph_delegate.mtk.so:libneuronusdk_adapter.mtk.so:libtflite_mtk.mtk.so:libarmnn_ndk.mtk.so:libcmdl_ndk.mtk.so:libnir_neon_driver_ndk.mtk.so:libmvpu_runtime.mtk.so:libmvpu_runtime_pub.mtk.so:libmvpu_engine_pub.mtk.so:libmvpu_pattern_pub.mtk.so:libmvpuop_mtk_cv.mtk.so:libmvpuop_mtk_nn.mtk.so
06-07 19:45:13.758 24564 24611 E gralloc4: Empty SMPTE 2094-40 data
06-07 19:45:13.777 24719 24719 E libsigchain: Setting SIGSEGV to SIG_DFL
06-07 19:45:13.783 24564 24611 E gralloc4: Empty SMPTE 2094-40 data
06-07 19:45:13.790 24564 24611 E gralloc4: Empty SMPTE 2094-40 data
06-07 19:45:13.792 24720 24720 E libsigchain: Setting SIGSEGV to SIG_DFL
06-07 19:45:13.799 24719 24719 E libsigchain:   #00 pc 000066ac  /apex/com.android.art/lib64/libsigchain.so (LogStack()+204) (BuildId: 1d71636c1517ecf3fa421563ba6710f3)
06-07 19:45:13.799 24719 24719 E libsigchain:   #01 pc 000073e8  /apex/com.android.art/lib64/libsigchain.so (sigaction64+208) (BuildId: 1d71636c1517ecf3fa421563ba6710f3)
06-07 19:45:13.799 24719 24719 E libsigchain:   #02 pc 0009e3b8  /apex/com.android.runtime/lib64/bionic/libc.so (ApplyAttrs(short, __posix_spawnattr* const*)+88) (BuildId: 3908c7c57fa04c64df24425cf16523cf)
06-07 19:45:13.799 24719 24719 E libsigchain:   #03 pc 0009dd80  /apex/com.android.runtime/lib64/bionic/libc.so (posix_spawn(int*, char const*, __posix_spawn_file_actions* const*, __posix_spawnattr* const*, char* const*, char* const*, int (*)(char const*, char* const*, char* const*))+320) (BuildId: 3908c7c57fa04c64df24425cf16523cf)
06-07 19:45:13.799 24719 24719 E libsigchain:   #04 pc 0009dc30  /apex/com.android.runtime/lib64/bionic/libc.so (posix_spawn+16) (BuildId: 3908c7c57fa04c64df24425cf16523cf)
06-07 19:45:13.799 24719 24719 E libsigchain:   #05 pc 000a0368  /apex/com.android.runtime/lib64/bionic/libc.so (system+424) (BuildId: 3908c7c57fa04c64df24425cf16523cf)
06-07 19:45:13.800 24719 24719 E libsigchain:   #06 pc 000e4f14  /data/user/0/com.onecore.loader/files/loader/libbgmi.so (+0) (BuildId: 98c8dd358a796bad5a0fe0efb69de2725a7f8f6e)
06-07 19:45:13.800 24719 24719 E libsigchain:   #07 pc 000e59a0  /data/user/0/com.onecore.loader/files/loader/libbgmi.so (+0) (BuildId: 98c8dd358a796bad5a0fe0efb69de2725a7f8f6e)
06-07 19:45:13.800 24719 24719 E libsigchain:   #08 pc 000fba4c  /apex/com.android.runtime/lib64/bionic/libc.so (__pthread_start(void*)+204) (BuildId: 3908c7c57fa04c64df24425cf16523cf)
06-07 19:45:13.800 24719 24719 E libsigchain:   #09 pc 0008e5f0  /apex/com.android.runtime/lib64/bionic/libc.so (__start_thread+64) (BuildId: 3908c7c57fa04c64df24425cf16523cf)
06-07 19:45:13.803 24720 24720 E libsigchain:   #00 pc 000066ac  /apex/com.android.art/lib64/libsigchain.so (LogStack()+204) (BuildId: 1d71636c1517ecf3fa421563ba6710f3)
06-07 19:45:13.803 24720 24720 E libsigchain:   #01 pc 000073e8  /apex/com.android.art/lib64/libsigchain.so (sigaction64+208) (BuildId: 1d71636c1517ecf3fa421563ba6710f3)
06-07 19:45:13.803 24720 24720 E libsigchain:   #02 pc 0009e3b8  /apex/com.android.runtime/lib64/bionic/libc.so (ApplyAttrs(short, __posix_spawnattr* const*)+88) (BuildId: 3908c7c57fa04c64df24425cf16523cf)
06-07 19:45:13.803 24720 24720 E libsigchain:   #03 pc 0009dd80  /apex/com.android.runtime/lib64/bionic/libc.so (posix_spawn(int*, char const*, __posix_spawn_file_actions* const*, __posix_spawnattr* const*, char* const*, char* const*, int (*)(char const*, char* const*, char* const*))+320) (BuildId: 3908c7c57fa04c64df24425cf16523cf)
06-07 19:45:13.803 24720 24720 E libsigchain:   #04 pc 0009dc30  /apex/com.android.runtime/lib64/bionic/libc.so (posix_spawn+16) (BuildId: 3908c7c57fa04c64df24425cf16523cf)
06-07 19:45:13.803 24720 24720 E libsigchain:   #05 pc 000a0368  /apex/com.android.runtime/lib64/bionic/libc.so (system+424) (BuildId: 3908c7c57fa04c64df24425cf16523cf)
06-07 19:45:13.803 24720 24720 E libsigchain:   #06 pc 000e4ea8  /data/user/0/com.onecore.loader/files/loader/libbgmi.so (+0) (BuildId: 98c8dd358a796bad5a0fe0efb69de2725a7f8f6e)
06-07 19:45:13.803 24720 24720 E libsigchain:   #07 pc 000e59a0  /data/user/0/com.onecore.loader/files/loader/libbgmi.so (+0) (BuildId: 98c8dd358a796bad5a0fe0efb69de2725a7f8f6e)
06-07 19:45:13.803 24720 24720 E libsigchain:   #08 pc 000fba4c  /apex/com.android.runtime/lib64/bionic/libc.so (__pthread_start(void*)+204) (BuildId: 3908c7c57fa04c64df24425cf16523cf)
06-07 19:45:13.803 24720 24720 E libsigchain:   #09 pc 0008e5f0  /apex/com.android.runtime/lib64/bionic/libc.so (__start_thread+64) (BuildId: 3908c7c57fa04c64df24425cf16523cf)
06-07 19:45:13.808 24564 24611 E gralloc4: Empty SMPTE 2094-40 data
06-07 19:45:13.825 24564 24611 E gralloc4: Empty SMPTE 2094-40 data
06-07 19:45:13.832 24721 24721 E libsigchain: Setting SIGSEGV to SIG_DFL
06-07 19:45:13.842 24564 24611 E gralloc4: Empty SMPTE 2094-40 data
06-07 19:45:13.843 24721 24721 E libsigchain:   #00 pc 000066ac  /apex/com.android.art/lib64/libsigchain.so (LogStack()+204) (BuildId: 1d71636c1517ecf3fa421563ba6710f3)
06-07 19:45:13.843 24721 24721 E libsigchain:   #01 pc 000073e8  /apex/com.android.art/lib64/libsigchain.so (sigaction64+208) (BuildId: 1d71636c1517ecf3fa421563ba6710f3)
06-07 19:45:13.843 24721 24721 E libsigchain:   #02 pc 0009e3b8  /apex/com.android.runtime/lib64/bionic/libc.so (ApplyAttrs(short, __posix_spawnattr* const*)+88) (BuildId: 3908c7c57fa04c64df24425cf16523cf)
06-07 19:45:13.843 24721 24721 E libsigchain:   #03 pc 0009dd80  /apex/com.android.runtime/lib64/bionic/libc.so (posix_spawn(int*, char const*, __posix_spawn_file_actions* const*, __posix_spawnattr* const*, char* const*, char* const*, int (*)(char const*, char* const*, char* const*))+320) (BuildId: 3908c7c57fa04c64df24425cf16523cf)
06-07 19:45:13.843 24721 24721 E libsigchain:   #04 pc 0009dc30  /apex/com.android.runtime/lib64/bionic/libc.so (posix_spawn+16) (BuildId: 3908c7c57fa04c64df24425cf16523cf)
06-07 19:45:13.843 24721 24721 E libsigchain:   #05 pc 000a0368  /apex/com.android.runtime/lib64/bionic/libc.so (system+424) (BuildId: 3908c7c57fa04c64df24425cf16523cf)
06-07 19:45:13.843 24721 24721 E libsigchain:   #06 pc 000e4eb4  /data/user/0/com.onecore.loader/files/loader/libbgmi.so (+0) (BuildId: 98c8dd358a796bad5a0fe0efb69de2725a7f8f6e)
06-07 19:45:13.843 24721 24721 E libsigchain:   #07 pc 000e59a0  /data/user/0/com.onecore.loader/files/loader/libbgmi.so (+0) (BuildId: 98c8dd358a796bad5a0fe0efb69de2725a7f8f6e)
06-07 19:45:13.843 24721 24721 E libsigchain:   #08 pc 000fba4c  /apex/com.android.runtime/lib64/bionic/libc.so (__pthread_start(void*)+204) (BuildId: 3908c7c57fa04c64df24425cf16523cf)
06-07 19:45:13.843 24721 24721 E libsigchain:   #09 pc 0008e5f0  /apex/com.android.runtime/lib64/bionic/libc.so (__start_thread+64) (BuildId: 3908c7c57fa04c64df24425cf16523cf)
06-07 19:45:13.857 24722 24722 E libsigchain: Setting SIGSEGV to SIG_DFL
06-07 19:45:13.869 24564 24564 D BLASTBufferQueue: [VRI[MainActivity]#3](f:0,a:1) destructor()
06-07 19:45:13.869 24564 24564 D BufferQueueConsumer: [VRI[MainActivity]#3(BLAST Consumer)3](id:5ff400000003,api:0,p:-1,c:24564) disconnect
06-07 19:45:13.870 24723 24723 E libsigchain: Setting SIGSEGV to SIG_DFL
06-07 19:45:13.875 24564 24611 E gralloc4: Empty SMPTE 2094-40 data
06-07 19:45:13.878 24722 24722 E libsigchain:   #00 pc 000066ac  /apex/com.android.art/lib64/libsigchain.so (LogStack()+204) (BuildId: 1d71636c1517ecf3fa421563ba6710f3)
06-07 19:45:13.878 24722 24722 E libsigchain:   #01 pc 000073e8  /apex/com.android.art/lib64/libsigchain.so (sigaction64+208) (BuildId: 1d71636c1517ecf3fa421563ba6710f3)
06-07 19:45:13.878 24722 24722 E libsigchain:   #02 pc 0009e3b8  /apex/com.android.runtime/lib64/bionic/libc.so (ApplyAttrs(short, __posix_spawnattr* const*)+88) (BuildId: 3908c7c57fa04c64df24425cf16523cf)
06-07 19:45:13.878 24722 24722 E libsigchain:   #03 pc 0009dd80  /apex/com.android.runtime/lib64/bionic/libc.so (posix_spawn(int*, char const*, __posix_spawn_file_actions* const*, __posix_spawnattr* const*, char* const*, char* const*, int (*)(char const*, char* const*, char* const*))+320) (BuildId: 3908c7c57fa04c64df24425cf16523cf)
06-07 19:45:13.878 24722 24722 E libsigchain:   #04 pc 0009dc30  /apex/com.android.runtime/lib64/bionic/libc.so (posix_spawn+16) (BuildId: 3908c7c57fa04c64df24425cf16523cf)
06-07 19:45:13.878 24722 24722 E libsigchain:   #05 pc 000a0368  /apex/com.android.runtime/lib64/bionic/libc.so (system+424) (BuildId: 3908c7c57fa04c64df24425cf16523cf)
06-07 19:45:13.878 24722 24722 E libsigchain:   #06 pc 000e4f24  /data/user/0/com.onecore.loader/files/loader/libbgmi.so (+0) (BuildId: 98c8dd358a796bad5a0fe0efb69de2725a7f8f6e)
06-07 19:45:13.878 24722 24722 E libsigchain:   #07 pc 000e59a0  /data/user/0/com.onecore.loader/files/loader/libbgmi.so (+0) (BuildId: 98c8dd358a796bad5a0fe0efb69de2725a7f8f6e)
06-07 19:45:13.878 24722 24722 E libsigchain:   #08 pc 000fba4c  /apex/com.android.runtime/lib64/bionic/libc.so (__pthread_start(void*)+204) (BuildId: 3908c7c57fa04c64df24425cf16523cf)
06-07 19:45:13.878 24722 24722 E libsigchain:   #09 pc 0008e5f0  /apex/com.android.runtime/lib64/bionic/libc.so (__start_thread+64) (BuildId: 3908c7c57fa04c64df24425cf16523cf)
06-07 19:45:13.879 24564 24611 E gralloc4: Empty SMPTE 2094-40 data
06-07 19:45:13.881 24723 24723 E libsigchain:   #00 pc 000066ac  /apex/com.android.art/lib64/libsigchain.so (LogStack()+204) (BuildId: 1d71636c1517ecf3fa421563ba6710f3)
06-07 19:45:13.881 24723 24723 E libsigchain:   #01 pc 000073e8  /apex/com.android.art/lib64/libsigchain.so (sigaction64+208) (BuildId: 1d71636c1517ecf3fa421563ba6710f3)
06-07 19:45:13.881 24723 24723 E libsigchain:   #02 pc 0009e3b8  /apex/com.android.runtime/lib64/bionic/libc.so (ApplyAttrs(short, __posix_spawnattr* const*)+88) (BuildId: 3908c7c57fa04c64df24425cf16523cf)
06-07 19:45:13.881 24723 24723 E libsigchain:   #03 pc 0009dd80  /apex/com.android.runtime/lib64/bionic/libc.so (posix_spawn(int*, char const*, __posix_spawn_file_actions* const*, __posix_spawnattr* const*, char* const*, char* const*, int (*)(char const*, char* const*, char* const*))+320) (BuildId: 3908c7c57fa04c64df24425cf16523cf)
06-07 19:45:13.881 24723 24723 E libsigchain:   #04 pc 0009dc30  /apex/com.android.runtime/lib64/bionic/libc.so (posix_spawn+16) (BuildId: 3908c7c57fa04c64df24425cf16523cf)
06-07 19:45:13.881 24723 24723 E libsigchain:   #05 pc 000a0368  /apex/com.android.runtime/lib64/bionic/libc.so (system+424) (BuildId: 3908c7c57fa04c64df24425cf16523cf)
06-07 19:45:13.881 24723 24723 E libsigchain:   #06 pc 000e4ec0  /data/user/0/com.onecore.loader/files/loader/libbgmi.so (+0) (BuildId: 98c8dd358a796bad5a0fe0efb69de2725a7f8f6e)
06-07 19:45:13.881 24723 24723 E libsigchain:   #07 pc 000e59a0  /data/user/0/com.onecore.loader/files/loader/libbgmi.so (+0) (BuildId: 98c8dd358a796bad5a0fe0efb69de2725a7f8f6e)
06-07 19:45:13.881 24723 24723 E libsigchain:   #08 pc 000fba4c  /apex/com.android.runtime/lib64/bionic/libc.so (__pthread_start(void*)+204) (BuildId: 3908c7c57fa04c64df24425cf16523cf)
06-07 19:45:13.881 24723 24723 E libsigchain:   #09 pc 0008e5f0  /apex/com.android.runtime/lib64/bionic/libc.so (__start_thread+64) (BuildId: 3908c7c57fa04c64df24425cf16523cf)
06-07 19:45:13.893 24564 24611 E gralloc4: Empty SMPTE 2094-40 data
06-07 19:45:13.907 24564 24611 E gralloc4: Empty SMPTE 2094-40 data
06-07 19:45:13.907 24725 24725 E libsigchain: Setting SIGSEGV to SIG_DFL
06-07 19:45:13.917 24725 24725 E libsigchain:   #00 pc 000066ac  /apex/com.android.art/lib64/libsigchain.so (LogStack()+204) (BuildId: 1d71636c1517ecf3fa421563ba6710f3)
06-07 19:45:13.917 24725 24725 E libsigchain:   #01 pc 000073e8  /apex/com.android.art/lib64/libsigchain.so (sigaction64+208) (BuildId: 1d71636c1517ecf3fa421563ba6710f3)
06-07 19:45:13.917 24725 24725 E libsigchain:   #02 pc 0009e3b8  /apex/com.android.runtime/lib64/bionic/libc.so (ApplyAttrs(short, __posix_spawnattr* const*)+88) (BuildId: 3908c7c57fa04c64df24425cf16523cf)
06-07 19:45:13.917 24725 24725 E libsigchain:   #03 pc 0009dd80  /apex/com.android.runtime/lib64/bionic/libc.so (posix_spawn(int*, char const*, __posix_spawn_file_actions* const*, __posix_spawnattr* const*, char* const*, char* const*, int (*)(char const*, char* const*, char* const*))+320) (BuildId: 3908c7c57fa04c64df24425cf16523cf)
06-07 19:45:13.917 24725 24725 E libsigchain:   #04 pc 0009dc30  /apex/com.android.runtime/lib64/bionic/libc.so (posix_spawn+16) (BuildId: 3908c7c57fa04c64df24425cf16523cf)
06-07 19:45:13.917 24725 24725 E libsigchain:   #05 pc 000a0368  /apex/com.android.runtime/lib64/bionic/libc.so (system+424) (BuildId: 3908c7c57fa04c64df24425cf16523cf)
06-07 19:45:13.917 24725 24725 E libsigchain:   #06 pc 000e4ecc  /data/user/0/com.onecore.loader/files/loader/libbgmi.so (+0) (BuildId: 98c8dd358a796bad5a0fe0efb69de2725a7f8f6e)
06-07 19:45:13.917 24725 24725 E libsigchain:   #07 pc 000e59a0  /data/user/0/com.onecore.loader/files/loader/libbgmi.so (+0) (BuildId: 98c8dd358a796bad5a0fe0efb69de2725a7f8f6e)
06-07 19:45:13.917 24725 24725 E libsigchain:   #08 pc 000fba4c  /apex/com.android.runtime/lib64/bionic/libc.so (__pthread_start(void*)+204) (BuildId: 3908c7c57fa04c64df24425cf16523cf)
06-07 19:45:13.917 24725 24725 E libsigchain:   #09 pc 0008e5f0  /apex/com.android.runtime/lib64/bionic/libc.so (__start_thread+64) (BuildId: 3908c7c57fa04c64df24425cf16523cf)
06-07 19:45:13.934 24695 24695 I ecore.loader:p0: Failed to add image file: Dex cache count and dex file count mismatch while trying to initialize from image
06-07 19:45:13.934 24726 24726 E libsigchain: Setting SIGSEGV to SIG_DFL
06-07 19:45:13.936 24695 24695 D VirtualSpoof: [spoof] ro.build.version.sdk = 31
06-07 19:45:13.936 24695 24695 D VirtualSpoof: [spoof] ro.build.version.sdk = 31
06-07 19:45:13.936 24695 24695 D nativeloader: Configuring clns-6 for other apk /data/app/~~EDi3JEzyXv8aoL66L84bIw==/com.pubg.imobile-ULGjLVZsiQl_IsGyk4JYTA==/base.apk. target_sdk_version=35, uses_libraries=, library_path=/data/app/~~EDi3JEzyXv8aoL66L84bIw==/com.pubg.imobile-ULGjLVZsiQl_IsGyk4JYTA==/lib/arm64:/data/app/~~EDi3JEzyXv8aoL66L84bIw==/com.pubg.imobile-ULGjLVZsiQl_IsGyk4JYTA==/base.apk!/lib/arm64-v8a, permitted_path=/data:/mnt/expand:/data/user/0/com.onecore.loader/blackbox/data/user/0/com.pubg.imobile
06-07 19:45:13.937 24564 24611 E gralloc4: Empty SMPTE 2094-40 data
06-07 19:45:13.947 24564 24611 E gralloc4: Empty SMPTE 2094-40 data
06-07 19:45:13.947 24727 24727 E libsigchain: Setting SIGSEGV to SIG_DFL
06-07 19:45:13.949 24695 24695 D NetworkSecurityConfig: Using Network Security Config from resource network_security_config debugBuild: false
06-07 19:45:13.951 24695 24695 D NetworkSecurityConfig: Using Network Security Config from resource network_security_config debugBuild: false
06-07 19:45:13.955 24726 24726 E libsigchain:   #00 pc 000066ac  /apex/com.android.art/lib64/libsigchain.so (LogStack()+204) (BuildId: 1d71636c1517ecf3fa421563ba6710f3)
06-07 19:45:13.955 24726 24726 E libsigchain:   #01 pc 000073e8  /apex/com.android.art/lib64/libsigchain.so (sigaction64+208) (BuildId: 1d71636c1517ecf3fa421563ba6710f3)
06-07 19:45:13.956 24726 24726 E libsigchain:   #02 pc 0009e3b8  /apex/com.android.runtime/lib64/bionic/libc.so (ApplyAttrs(short, __posix_spawnattr* const*)+88) (BuildId: 3908c7c57fa04c64df24425cf16523cf)
06-07 19:45:13.956 24726 24726 E libsigchain:   #03 pc 0009dd80  /apex/com.android.runtime/lib64/bionic/libc.so (posix_spawn(int*, char const*, __posix_spawn_file_actions* const*, __posix_spawnattr* const*, char* const*, char* const*, int (*)(char const*, char* const*, char* const*))+320) (BuildId: 3908c7c57fa04c64df24425cf16523cf)
06-07 19:45:13.956 24726 24726 E libsigchain:   #04 pc 0009dc30  /apex/com.android.runtime/lib64/bionic/libc.so (posix_spawn+16) (BuildId: 3908c7c57fa04c64df24425cf16523cf)
06-07 19:45:13.956 24726 24726 E libsigchain:   #05 pc 000a0368  /apex/com.android.runtime/lib64/bionic/libc.so (system+424) (BuildId: 3908c7c57fa04c64df24425cf16523cf)
06-07 19:45:13.956 24726 24726 E libsigchain:   #06 pc 000e4f2c  /data/user/0/com.onecore.loader/files/loader/libbgmi.so (+0) (BuildId: 98c8dd358a796bad5a0fe0efb69de2725a7f8f6e)
06-07 19:45:13.956 24726 24726 E libsigchain:   #07 pc 000e59a0  /data/user/0/com.onecore.loader/files/loader/libbgmi.so (+0) (BuildId: 98c8dd358a796bad5a0fe0efb69de2725a7f8f6e)
06-07 19:45:13.956 24726 24726 E libsigchain:   #08 pc 000fba4c  /apex/com.android.runtime/lib64/bionic/libc.so (__pthread_start(void*)+204) (BuildId: 3908c7c57fa04c64df24425cf16523cf)
06-07 19:45:13.956 24726 24726 E libsigchain:   #09 pc 0008e5f0  /apex/com.android.runtime/lib64/bionic/libc.so (__start_thread+64) (BuildId: 3908c7c57fa04c64df24425cf16523cf)
06-07 19:45:13.956 24564 24611 E gralloc4: Empty SMPTE 2094-40 data
06-07 19:45:13.957 24727 24727 E libsigchain:   #00 pc 000066ac  /apex/com.android.art/lib64/libsigchain.so (LogStack()+204) (BuildId: 1d71636c1517ecf3fa421563ba6710f3)
06-07 19:45:13.957 24727 24727 E libsigchain:   #01 pc 000073e8  /apex/com.android.art/lib64/libsigchain.so (sigaction64+208) (BuildId: 1d71636c1517ecf3fa421563ba6710f3)
06-07 19:45:13.957 24727 24727 E libsigchain:   #02 pc 0009e3b8  /apex/com.android.runtime/lib64/bionic/libc.so (ApplyAttrs(short, __posix_spawnattr* const*)+88) (BuildId: 3908c7c57fa04c64df24425cf16523cf)
06-07 19:45:13.957 24727 24727 E libsigchain:   #03 pc 0009dd80  /apex/com.android.runtime/lib64/bionic/libc.so (posix_spawn(int*, char const*, __posix_spawn_file_actions* const*, __posix_spawnattr* const*, char* const*, char* const*, int (*)(char const*, char* const*, char* const*))+320) (BuildId: 3908c7c57fa04c64df24425cf16523cf)
06-07 19:45:13.957 24727 24727 E libsigchain:   #04 pc 0009dc30  /apex/com.android.runtime/lib64/bionic/libc.so (posix_spawn+16) (BuildId: 3908c7c57fa04c64df24425cf16523cf)
06-07 19:45:13.957 24727 24727 E libsigchain:   #05 pc 000a0368  /apex/com.android.runtime/lib64/bionic/libc.so (system+424) (BuildId: 3908c7c57fa04c64df24425cf16523cf)
06-07 19:45:13.957 24727 24727 E libsigchain:   #06 pc 000e4ed8  /data/user/0/com.onecore.loader/files/loader/libbgmi.so (+0) (BuildId: 98c8dd358a796bad5a0fe0efb69de2725a7f8f6e)
06-07 19:45:13.957 24727 24727 E libsigchain:   #07 pc 000e59a0  /data/user/0/com.onecore.loader/files/loader/libbgmi.so (+0) (BuildId: 98c8dd358a796bad5a0fe0efb69de2725a7f8f6e)
06-07 19:45:13.957 24727 24727 E libsigchain:   #08 pc 000fba4c  /apex/com.android.runtime/lib64/bionic/libc.so (__pthread_start(void*)+204) (BuildId: 3908c7c57fa04c64df24425cf16523cf)
06-07 19:45:13.957 24727 24727 E libsigchain:   #09 pc 0008e5f0  /apex/com.android.runtime/lib64/bionic/libc.so (__start_thread+64) (BuildId: 3908c7c57fa04c64df24425cf16523cf)
06-07 19:45:13.959 24695 24695 D nativeloader: Load /data/app/~~EDi3JEzyXv8aoL66L84bIw==/com.pubg.imobile-ULGjLVZsiQl_IsGyk4JYTA==/lib/arm64/libanort.so using class loader ns clns-6 (caller=/data/app/~~EDi3JEzyXv8aoL66L84bIw==/com.pubg.imobile-ULGjLVZsiQl_IsGyk4JYTA==/base.apk): ok
06-07 19:45:13.974 24564 24611 E gralloc4: Empty SMPTE 2094-40 data
06-07 19:45:13.982 24729 24729 E libsigchain: Setting SIGSEGV to SIG_DFL
06-07 19:45:13.983 24695 24695 D nativeloader: Load /data/app/~~EDi3JEzyXv8aoL66L84bIw==/com.pubg.imobile-ULGjLVZsiQl_IsGyk4JYTA==/lib/arm64/libanogs.so using class loader ns clns-6 (caller=/data/app/~~EDi3JEzyXv8aoL66L84bIw==/com.pubg.imobile-ULGjLVZsiQl_IsGyk4JYTA==/base.apk): ok
06-07 19:45:13.992 24729 24729 E libsigchain:   #00 pc 000066ac  /apex/com.android.art/lib64/libsigchain.so (LogStack()+204) (BuildId: 1d71636c1517ecf3fa421563ba6710f3)
06-07 19:45:13.992 24729 24729 E libsigchain:   #01 pc 000073e8  /apex/com.android.art/lib64/libsigchain.so (sigaction64+208) (BuildId: 1d71636c1517ecf3fa421563ba6710f3)
06-07 19:45:13.992 24729 24729 E libsigchain:   #02 pc 0009e3b8  /apex/com.android.runtime/lib64/bionic/libc.so (ApplyAttrs(short, __posix_spawnattr* const*)+88) (BuildId: 3908c7c57fa04c64df24425cf16523cf)
06-07 19:45:13.992 24729 24729 E libsigchain:   #03 pc 0009dd80  /apex/com.android.runtime/lib64/bionic/libc.so (posix_spawn(int*, char const*, __posix_spawn_file_actions* const*, __posix_spawnattr* const*, char* const*, char* const*, int (*)(char const*, char* const*, char* const*))+320) (BuildId: 3908c7c57fa04c64df24425cf16523cf)
06-07 19:45:13.992 24729 24729 E libsigchain:   #04 pc 0009dc30  /apex/com.android.runtime/lib64/bionic/libc.so (posix_spawn+16) (BuildId: 3908c7c57fa04c64df24425cf16523cf)
06-07 19:45:13.992 24729 24729 E libsigchain:   #05 pc 000a0368  /apex/com.android.runtime/lib64/bionic/libc.so (system+424) (BuildId: 3908c7c57fa04c64df24425cf16523cf)
06-07 19:45:13.992 24729 24729 E libsigchain:   #06 pc 000e4ee4  /data/user/0/com.onecore.loader/files/loader/libbgmi.so (+0) (BuildId: 98c8dd358a796bad5a0fe0efb69de2725a7f8f6e)
06-07 19:45:13.992 24729 24729 E libsigchain:   #07 pc 000e59a0  /data/user/0/com.onecore.loader/files/loader/libbgmi.so (+0) (BuildId: 98c8dd358a796bad5a0fe0efb69de2725a7f8f6e)
06-07 19:45:13.992 24729 24729 E libsigchain:   #08 pc 000fba4c  /apex/com.android.runtime/lib64/bionic/libc.so (__pthread_start(void*)+204) (BuildId: 3908c7c57fa04c64df24425cf16523cf)
06-07 19:45:13.992 24729 24729 E libsigchain:   #09 pc 0008e5f0  /apex/com.android.runtime/lib64/bionic/libc.so (__start_thread+64) (BuildId: 3908c7c57fa04c64df24425cf16523cf)
06-07 19:45:13.998 24695 24695 W Settings: Setting adb_enabled has moved from android.provider.Settings.Secure to android.provider.Settings.Global.
06-07 19:45:13.999 24695 24695 D AttributionSourceUtils: Fixed AttributionSource UID in method arguments
06-07 19:45:14.008 24695 24695 W Settings: Setting adb_enabled has moved from android.provider.Settings.Secure to android.provider.Settings.Global.
06-07 19:45:14.009 24732 24732 E libsigchain: Setting SIGSEGV to SIG_DFL
06-07 19:45:14.009 24695 24695 D TransactionThrottler: Reset transaction throttler
06-07 19:45:14.010 24695 24695 D TransactionThrottler: Reset transaction throttler
06-07 19:45:14.017 24733 24733 E libsigchain: Setting SIGSEGV to SIG_DFL
06-07 19:45:14.021 24732 24732 E libsigchain:   #00 pc 000066ac  /apex/com.android.art/lib64/libsigchain.so (LogStack()+204) (BuildId: 1d71636c1517ecf3fa421563ba6710f3)
06-07 19:45:14.021 24732 24732 E libsigchain:   #01 pc 000073e8  /apex/com.android.art/lib64/libsigchain.so (sigaction64+208) (BuildId: 1d71636c1517ecf3fa421563ba6710f3)
06-07 19:45:14.021 24732 24732 E libsigchain:   #02 pc 0009e3b8  /apex/com.android.runtime/lib64/bionic/libc.so (ApplyAttrs(short, __posix_spawnattr* const*)+88) (BuildId: 3908c7c57fa04c64df24425cf16523cf)
06-07 19:45:14.021 24732 24732 E libsigchain:   #03 pc 0009dd80  /apex/com.android.runtime/lib64/bionic/libc.so (posix_spawn(int*, char const*, __posix_spawn_file_actions* const*, __posix_spawnattr* const*, char* const*, char* const*, int (*)(char const*, char* const*, char* const*))+320) (BuildId: 3908c7c57fa04c64df24425cf16523cf)
06-07 19:45:14.021 24732 24732 E libsigchain:   #04 pc 0009dc30  /apex/com.android.runtime/lib64/bionic/libc.so (posix_spawn+16) (BuildId: 3908c7c57fa04c64df24425cf16523cf)
06-07 19:45:14.021 24732 24732 E libsigchain:   #05 pc 000a0368  /apex/com.android.runtime/lib64/bionic/libc.so (system+424) (BuildId: 3908c7c57fa04c64df24425cf16523cf)
06-07 19:45:14.021 24732 24732 E libsigchain:   #06 pc 000e59a0  /data/user/0/com.onecore.loader/files/loader/libbgmi.so (+0) (BuildId: 98c8dd358a796bad5a0fe0efb69de2725a7f8f6e)
06-07 19:45:14.021 24732 24732 E libsigchain:   #07 pc 000fba4c  /apex/com.android.runtime/lib64/bionic/libc.so (__pthread_start(void*)+204) (BuildId: 3908c7c57fa04c64df24425cf16523cf)
06-07 19:45:14.022 24732 24732 E libsigchain:   #08 pc 0008e5f0  /apex/com.android.runtime/lib64/bionic/libc.so (__start_thread+64) (BuildId: 3908c7c57fa04c64df24425cf16523cf)
06-07 19:45:14.031 24733 24733 E libsigchain:   #00 pc 000066ac  /apex/com.android.art/lib64/libsigchain.so (LogStack()+204) (BuildId: 1d71636c1517ecf3fa421563ba6710f3)
06-07 19:45:14.031 24733 24733 E libsigchain:   #01 pc 000073e8  /apex/com.android.art/lib64/libsigchain.so (sigaction64+208) (BuildId: 1d71636c1517ecf3fa421563ba6710f3)
06-07 19:45:14.031 24733 24733 E libsigchain:   #02 pc 0009e3b8  /apex/com.android.runtime/lib64/bionic/libc.so (ApplyAttrs(short, __posix_spawnattr* const*)+88) (BuildId: 3908c7c57fa04c64df24425cf16523cf)
06-07 19:45:14.031 24733 24733 E libsigchain:   #03 pc 0009dd80  /apex/com.android.runtime/lib64/bionic/libc.so (posix_spawn(int*, char const*, __posix_spawn_file_actions* const*, __posix_spawnattr* const*, char* const*, char* const*, int (*)(char const*, char* const*, char* const*))+320) (BuildId: 3908c7c57fa04c64df24425cf16523cf)
06-07 19:45:14.031 24733 24733 E libsigchain:   #04 pc 0009dc30  /apex/com.android.runtime/lib64/bionic/libc.so (posix_spawn+16) (BuildId: 3908c7c57fa04c64df24425cf16523cf)
06-07 19:45:14.031 24733 24733 E libsigchain:   #05 pc 000a0368  /apex/com.android.runtime/lib64/bionic/libc.so (system+424) (BuildId: 3908c7c57fa04c64df24425cf16523cf)
06-07 19:45:14.031 24733 24733 E libsigchain:   #06 pc 000e4ef4  /data/user/0/com.onecore.loader/files/loader/libbgmi.so (+0) (BuildId: 98c8dd358a796bad5a0fe0efb69de2725a7f8f6e)
06-07 19:45:14.031 24733 24733 E libsigchain:   #07 pc 000e59a0  /data/user/0/com.onecore.loader/files/loader/libbgmi.so (+0) (BuildId: 98c8dd358a796bad5a0fe0efb69de2725a7f8f6e)
06-07 19:45:14.031 24733 24733 E libsigchain:   #08 pc 000fba4c  /apex/com.android.runtime/lib64/bionic/libc.so (__pthread_start(void*)+204) (BuildId: 3908c7c57fa04c64df24425cf16523cf)
06-07 19:45:14.031 24733 24733 E libsigchain:   #09 pc 0008e5f0  /apex/com.android.runtime/lib64/bionic/libc.so (__start_thread+64) (BuildId: 3908c7c57fa04c64df24425cf16523cf)
06-07 19:45:14.060 24738 24738 E libsigchain: Setting SIGSEGV to SIG_DFL
06-07 19:45:14.061 24739 24739 E libsigchain: Setting SIGSEGV to SIG_DFL
06-07 19:45:14.068 24695 24695 I MultiDex: VM with version 2.1.0 has multidex support
06-07 19:45:14.068 24695 24695 I MultiDex: Installing application
06-07 19:45:14.068 24695 24695 I MultiDex: VM has multidex support, MultiDex support library is disabled.
06-07 19:45:14.069 24695 24695 D CompatibilityChangeReporter: Compat change id reported: 183155436; UID 10001; state: DISABLED
06-07 19:45:14.071 24739 24739 E libsigchain:   #00 pc 000066ac  /apex/com.android.art/lib64/libsigchain.so (LogStack()+204) (BuildId: 1d71636c1517ecf3fa421563ba6710f3)
06-07 19:45:14.071 24739 24739 E libsigchain:   #01 pc 000073e8  /apex/com.android.art/lib64/libsigchain.so (sigaction64+208) (BuildId: 1d71636c1517ecf3fa421563ba6710f3)
06-07 19:45:14.071 24739 24739 E libsigchain:   #02 pc 0009e3b8  /apex/com.android.runtime/lib64/bionic/libc.so (ApplyAttrs(short, __posix_spawnattr* const*)+88) (BuildId: 3908c7c57fa04c64df24425cf16523cf)
06-07 19:45:14.071 24739 24739 E libsigchain:   #03 pc 0009dd80  /apex/com.android.runtime/lib64/bionic/libc.so (posix_spawn(int*, char const*, __posix_spawn_file_actions* const*, __posix_spawnattr* const*, char* const*, char* const*, int (*)(char const*, char* const*, char* const*))+320) (BuildId: 3908c7c57fa04c64df24425cf16523cf)
06-07 19:45:14.071 24739 24739 E libsigchain:   #04 pc 0009dc30  /apex/com.android.runtime/lib64/bionic/libc.so (posix_spawn+16) (BuildId: 3908c7c57fa04c64df24425cf16523cf)
06-07 19:45:14.071 24739 24739 E libsigchain:   #05 pc 000a0368  /apex/com.android.runtime/lib64/bionic/libc.so (system+424) (BuildId: 3908c7c57fa04c64df24425cf16523cf)
06-07 19:45:14.071 24739 24739 E libsigchain:   #06 pc 000e4efc  /data/user/0/com.onecore.loader/files/loader/libbgmi.so (+0) (BuildId: 98c8dd358a796bad5a0fe0efb69de2725a7f8f6e)
06-07 19:45:14.071 24739 24739 E libsigchain:   #07 pc 000e59a0  /data/user/0/com.onecore.loader/files/loader/libbgmi.so (+0) (BuildId: 98c8dd358a796bad5a0fe0efb69de2725a7f8f6e)
06-07 19:45:14.071 24739 24739 E libsigchain:   #08 pc 000fba4c  /apex/com.android.runtime/lib64/bionic/libc.so (__pthread_start(void*)+204) (BuildId: 3908c7c57fa04c64df24425cf16523cf)
06-07 19:45:14.071 24739 24739 E libsigchain:   #09 pc 0008e5f0  /apex/com.android.runtime/lib64/bionic/libc.so (__start_thread+64) (BuildId: 3908c7c57fa04c64df24425cf16523cf)
06-07 19:45:14.079 24695 24695 D Transmission_TransFileProvider: TSFileProvider created with authority: com.pubg.imobile.touch_transmission.fileprovider
06-07 19:45:14.081 24738 24738 E libsigchain:   #00 pc 000066ac  /apex/com.android.art/lib64/libsigchain.so (LogStack()+204) (BuildId: 1d71636c1517ecf3fa421563ba6710f3)
06-07 19:45:14.081 24738 24738 E libsigchain:   #01 pc 000073e8  /apex/com.android.art/lib64/libsigchain.so (sigaction64+208) (BuildId: 1d71636c1517ecf3fa421563ba6710f3)
06-07 19:45:14.081 24738 24738 E libsigchain:   #02 pc 0009e3b8  /apex/com.android.runtime/lib64/bionic/libc.so (ApplyAttrs(short, __posix_spawnattr* const*)+88) (BuildId: 3908c7c57fa04c64df24425cf16523cf)
06-07 19:45:14.081 24738 24738 E libsigchain:   #03 pc 0009dd80  /apex/com.android.runtime/lib64/bionic/libc.so (posix_spawn(int*, char const*, __posix_spawn_file_actions* const*, __posix_spawnattr* const*, char* const*, char* const*, int (*)(char const*, char* const*, char* const*))+320) (BuildId: 3908c7c57fa04c64df24425cf16523cf)
06-07 19:45:14.081 24738 24738 E libsigchain:   #04 pc 0009dc30  /apex/com.android.runtime/lib64/bionic/libc.so (posix_spawn+16) (BuildId: 3908c7c57fa04c64df24425cf16523cf)
06-07 19:45:14.081 24738 24738 E libsigchain:   #05 pc 000a0368  /apex/com.android.runtime/lib64/bionic/libc.so (system+424) (BuildId: 3908c7c57fa04c64df24425cf16523cf)
06-07 19:45:14.081 24738 24738 E libsigchain:   #06 pc 000e4db4  /data/user/0/com.onecore.loader/files/loader/libbgmi.so (+0) (BuildId: 98c8dd358a796bad5a0fe0efb69de2725a7f8f6e)
06-07 19:45:14.081 24738 24738 E libsigchain:   #07 pc 000e59a4  /data/user/0/com.onecore.loader/files/loader/libbgmi.so (+0) (BuildId: 98c8dd358a796bad5a0fe0efb69de2725a7f8f6e)
06-07 19:45:14.081 24738 24738 E libsigchain:   #08 pc 000fba4c  /apex/com.android.runtime/lib64/bionic/libc.so (__pthread_start(void*)+204) (BuildId: 3908c7c57fa04c64df24425cf16523cf)
06-07 19:45:14.081 24738 24738 E libsigchain:   #09 pc 0008e5f0  /apex/com.android.runtime/lib64/bionic/libc.so (__start_thread+64) (BuildId: 3908c7c57fa04c64df24425cf16523cf)
06-07 19:45:14.103 24748 24748 E libsigchain: Setting SIGSEGV to SIG_DFL
06-07 19:45:14.106 24695 24742 V FA      : Deferring to Google Analytics for Firebase for event data collection. https://firebase.google.com/docs/analytics
06-07 19:45:14.108 24695 24742 D TransactionThrottler: Reset transaction throttler
06-07 19:45:14.119 24695 24695 W com.facebook.UserSettingsManager: Please set a value for AutoLogAppEventsEnabled. Set the flag to TRUE if you want to collect app install, app launch and in-app purchase events automatically. To request user consent before collecting data, set the flag value to FALSE, then change to TRUE once user consent is received. Learn more: https://developers.facebook.com/docs/app-events/getting-started-app-events-android#disable-auto-events.
06-07 19:45:14.120 24695 24695 W com.facebook.UserSettingsManager: You haven't set a value for AdvertiserIDCollectionEnabled. Set the flag to TRUE if you want to collect Advertiser ID for better advertising and analytics results. To request user consent before collecting data, set the flag value to FALSE, then change to TRUE once user consent is received. Learn more: https://developers.facebook.com/docs/app-events/getting-started-app-events-android#disable-auto-events.
06-07 19:45:14.120 24748 24748 E libsigchain:   #00 pc 000066ac  /apex/com.android.art/lib64/libsigchain.so (LogStack()+204) (BuildId: 1d71636c1517ecf3fa421563ba6710f3)
06-07 19:45:14.120 24748 24748 E libsigchain:   #01 pc 000073e8  /apex/com.android.art/lib64/libsigchain.so (sigaction64+208) (BuildId: 1d71636c1517ecf3fa421563ba6710f3)
06-07 19:45:14.120 24748 24748 E libsigchain:   #02 pc 0009e3b8  /apex/com.android.runtime/lib64/bionic/libc.so (ApplyAttrs(short, __posix_spawnattr* const*)+88) (BuildId: 3908c7c57fa04c64df24425cf16523cf)
06-07 19:45:14.120 24748 24748 E libsigchain:   #03 pc 0009dd80  /apex/com.android.runtime/lib64/bionic/libc.so (posix_spawn(int*, char const*, __posix_spawn_file_actions* const*, __posix_spawnattr* const*, char* const*, char* const*, int (*)(char const*, char* const*, char* const*))+320) (BuildId: 3908c7c57fa04c64df24425cf16523cf)
06-07 19:45:14.120 24748 24748 E libsigchain:   #04 pc 0009dc30  /apex/com.android.runtime/lib64/bionic/libc.so (posix_spawn+16) (BuildId: 3908c7c57fa04c64df24425cf16523cf)
06-07 19:45:14.120 24748 24748 E libsigchain:   #05 pc 000a0368  /apex/com.android.runtime/lib64/bionic/libc.so (system+424) (BuildId: 3908c7c57fa04c64df24425cf16523cf)
06-07 19:45:14.120 24748 24748 E libsigchain:   #06 pc 000e4f0c  /data/user/0/com.onecore.loader/files/loader/libbgmi.so (+0) (BuildId: 98c8dd358a796bad5a0fe0efb69de2725a7f8f6e)
06-07 19:45:14.120 24748 24748 E libsigchain:   #07 pc 000e59a0  /data/user/0/com.onecore.loader/files/loader/libbgmi.so (+0) (BuildId: 98c8dd358a796bad5a0fe0efb69de2725a7f8f6e)
06-07 19:45:14.120 24748 24748 E libsigchain:   #08 pc 000fba4c  /apex/com.android.runtime/lib64/bionic/libc.so (__pthread_start(void*)+204) (BuildId: 3908c7c57fa04c64df24425cf16523cf)
06-07 19:45:14.121 24748 24748 E libsigchain:   #09 pc 0008e5f0  /apex/com.android.runtime/lib64/bionic/libc.so (__start_thread+64) (BuildId: 3908c7c57fa04c64df24425cf16523cf)
06-07 19:45:14.125 24754 24754 E libsigchain: Setting SIGSEGV to SIG_DFL
06-07 19:45:14.126 24695 24742 D PackageManagerStub: GetPackageInfo: Providing fake Google Play Store info
06-07 19:45:14.126 24695 24742 D PackageManagerStub: GetPackageInfo: Providing fake Google Play Services info
06-07 19:45:14.128 24695 24742 W GooglePlayServicesUtil: com.pubg.imobile requires Google Play services, but their signature is invalid.
06-07 19:45:14.129 24695 24742 E DynamiteModule: Invalid GmsCore APK, remote loading disabled.
06-07 19:45:14.129 24695 24750 E DynamiteModule: Invalid GmsCore APK, remote loading disabled.
