06-07 19:45:16.718 24695 24881 I OpenGLRenderer: Davey! duration=754ms; Flags=1, FrameTimelineVsyncId=276073469, IntendedVsync=961222988570298, Vsync=961223602934615, InputEventId=0, HandleInputStart=961223619330677, AnimationStart=961223619331984, PerformTraversalsStart=961223619445523, DrawStart=961223723857215, FrameDeadline=961223008570298, FrameInterval=961223618931984, FrameStartTime=16604441, SyncQueued=961223724413215, SyncStart=961223724487908, IssueDrawCommandsStart=961223724549446, SwapBuffers=961223740456292, FrameCompleted=961223742959984, DequeueBufferDuration=7691154, QueueBufferDuration=620923, GpuCompleted=961223742959984, SwapBuffersCompleted=961223742769138, DisplayPresentTime=0, CommandSubmissionCompleted=961223740456292, 
06-07 19:45:16.718 24695 24935 D TransactionThrottler: Reset transaction throttler
06-07 19:45:16.740 24564 24564 D BLASTBufferQueue: [VRI[LauncherActivity]#5](f:0,a:1) destructor()
06-07 19:45:16.740 24564 24564 D BufferQueueConsumer: [VRI[LauncherActivity]#5(BLAST Consumer)5](id:5ff400000005,api:0,p:-1,c:24564) disconnect
06-07 19:45:16.743 24589 24666 D ActivityStack: startActivityLocked : ActivityInfo{25beb2e com.pubg.imobile.DownloaderActivity}
06-07 19:45:16.756 24589 24666 D ActivityStack: ActivityInfo{25beb2e com.pubg.imobile.DownloaderActivity}, windowIsTranslucent: false
06-07 19:45:16.783 24695 24695 E BinderMonitor: err open binder_delay errno=2
06-07 19:45:16.783 24695 24695 E FileUtils: err write to mi_exception_log
06-07 19:45:16.786 24695 24695 E FileUtils: err write to mi_exception_log
06-07 19:45:16.794 24564 24611 I GED     : ged_boost_gpu_freq, level 100, eOrigin 2, final_idx 42, oppidx_max 42, oppidx_min 0
06-07 19:45:16.799 24695 24695 D SurfaceView: UPDATE Surface(name=SurfaceView[com.pubg.imobile/com.epicgames.ue4.GameActivity])/@0x4cbe75c, mIsProjectionMode = false
06-07 19:45:16.799 24695 24695 D SurfaceControl: nativeSetScreenProjection ===> setScreenProjection
06-07 19:45:16.799 24695 24695 D SurfaceControl: nativeSetScreenProjection ===> setScreenProjection
06-07 19:45:16.799 24695 24695 D SurfaceControl: nativeSetScreenProjection ===> setScreenProjection
06-07 19:45:16.806 24695 24798 E gralloc4: Empty SMPTE 2094-40 data
06-07 19:45:16.811 24695 24798 E gralloc4: Empty SMPTE 2094-40 data
06-07 19:45:16.820 24695 24695 D FirebaseRemoteConfigImplJava: remoteConfig complete with success
06-07 19:45:16.820 24695 24695 W HCallbackStub: handleLaunchActivity: Null activity record
06-07 19:45:16.821 24695 24695 W HCallbackStub: handleLaunchActivity: Null activity record
06-07 19:45:16.822 24695 24695 D MiuiMultiWindowAdapter: MiuiMultiWindowAdapter::getFreeformVideoWhiteListInSystem::LIST_ABOUT_SUPPORT_LANDSCAPE_VIDEO = [com.hunantv.imgo.activity, com.tencent.qqlive, com.qiyi.video, com.hunantv.imgo.activity.inter, com.tencent.qqlivei18n, com.iqiyi.i18n, tv.danmaku.bili]
06-07 19:45:16.824 24695 24695 V threaded_app: ConfigurationChanged: 0x76bf1672c0
06-07 19:45:16.824 24695 24888 V threaded_app: APP_CMD_CONFIG_CHANGED
06-07 19:45:16.824 24695 24888 V threaded_app: Config: mcc=405 mnc=868 lang=en cnt=IN orien=1 touch=3 dens=440 keys=1 nav=1 keysHid=3 navHid=0 sdk=33 size=2 long=2 modetype=10 modenight=2
06-07 19:45:16.825 24695 24695 D UE4     : Case nativeOnConfigurationChanged IsPortrait = 0
06-07 19:45:16.825 24695 24695 D DecorView[]: getWindowModeFromSystem  windowmode is 1
06-07 19:45:16.825 24695 24695 D DecorView[]: updateDecorCaptionStatus windowMode is 1
06-07 19:45:16.826 24695 24695 I ForceDarkHelperStubImpl: setViewRootImplForceDark: false for com.epicgames.ue4.GameActivity@fb15cd8, reason: AppDarkModeEnable
06-07 19:45:16.827 24695 24695 D DecorView[]: updateDecorCaptionStatus windowMode is 1
06-07 19:45:16.827 24695 24695 I ForceDarkHelperStubImpl: setViewRootImplForceDark: false for com.epicgames.ue4.GameActivity@fb15cd8, reason: AppDarkModeEnable
06-07 19:45:16.827 24695 24695 W HCallbackStub: handleLaunchActivity: Null activity record
06-07 19:45:16.846 24695 24935 D nativeloader: Load /data/app/~~EDi3JEzyXv8aoL66L84bIw==/com.pubg.imobile-ULGjLVZsiQl_IsGyk4JYTA==/lib/arm64/libsigner.so using class loader ns clns-6 (caller=/data/app/~~EDi3JEzyXv8aoL66L84bIw==/com.pubg.imobile-ULGjLVZsiQl_IsGyk4JYTA==/base.apk): ok
06-07 19:45:16.854 24695 24935 D PackageManagerStub: GetPackageInfo: Providing fake Google Play Store info
06-07 19:45:16.856 24695 24935 D TransactionThrottler: Reset transaction throttler
06-07 19:45:16.866 24695 24935 D TransactionThrottler: Reset transaction throttler
06-07 19:45:16.868 24695 24935 D TransactionThrottler: Reset transaction throttler
06-07 19:45:16.870 24695 24935 D TransactionThrottler: Reset transaction throttler
06-07 19:45:16.870 24695 24935 E ActivityThread: Failed to find provider info for com.instagram.contentprovider.InstallReferrerProvider
06-07 19:45:16.897 24695 24695 D TransactionThrottler: Reset transaction throttler
06-07 19:45:16.898 24695 24695 D TransactionThrottler: Reset transaction throttler
06-07 19:45:16.901 24695 24695 I TDM     : [TDM][I][2026-06-07 19:45:16 901][0x77f9bad5f0][(com_blue_dm_TBlueData.cpp:84) Java_com_blue_dm_TBlueData_TDMReportEvent] : JNI TDMReportEvent 
06-07 19:45:16.902 24695 24695 I TDM     : [TDM][I][2026-06-07 19:45:16 902][0x77f9bad5f0][(TBlueData.cpp:548) ReportEvent] : srcId:20004,  eventId:100, eventName:tdm_init
06-07 19:45:16.902 24695 24695 I TDM     : [TDM][I][2026-06-07 19:45:16 902][0x77f9bad5f0][(TBlueDataEventManager.cpp:179) PushEvent] : mmap write file srcId:20004, eventId:100, eventName:tdm_init
06-07 19:45:16.902 24695 24695 I TDM     : [TDM][I][2026-06-07 19:45:16 902][0x77f9bad5f0][(TDeviceInfoHolder.cpp:128) IsDeviceInfoEnable] : local enable device info: 
06-07 19:45:16.902 24695 24695 I TDM     : [TDM][I][2026-06-07 19:45:16 902][0x77f9bad5f0][(TDeviceInfoHolder.cpp:138) IsDeviceInfoEnable] : is enable device info: 0
06-07 19:45:16.902 24695 24695 I TDM     : [TDM][I][2026-06-07 19:45:16 902][0x77f9bad5f0][(TDeviceInfoHolder.cpp:128) IsDeviceInfoEnable] : local enable device info: 
06-07 19:45:16.902 24695 24695 I TDM     : [TDM][I][2026-06-07 19:45:16 902][0x77f9bad5f0][(TDeviceInfoHolder.cpp:138) IsDeviceInfoEnable] : is enable device info: 0
06-07 19:45:16.902 24695 24695 I TDM     : [TDM][I][2026-06-07 19:45:16 902][0x77f9bad5f0][(TDeviceInfoHolder.cpp:128) IsDeviceInfoEnable] : local enable device info: 
06-07 19:45:16.902 24695 24695 I TDM     : [TDM][I][2026-06-07 19:45:16 902][0x77f9bad5f0][(TDeviceInfoHolder.cpp:138) IsDeviceInfoEnable] : is enable device info: 0
06-07 19:45:16.902 24695 24695 I TDM     : [TDM][I][2026-06-07 19:45:16 902][0x77f9bad5f0][(TDeviceInfoHolder.cpp:128) IsDeviceInfoEnable] : local enable device info: 
06-07 19:45:16.902 24695 24695 I TDM     : [TDM][I][2026-06-07 19:45:16 902][0x77f9bad5f0][(TDeviceInfoHolder.cpp:138) IsDeviceInfoEnable] : is enable device info: 0
06-07 19:45:16.902 24695 24695 I TDM     : [TDM][I][2026-06-07 19:45:16 902][0x77f9bad5f0][(TDeviceInfoHolder.cpp:128) IsDeviceInfoEnable] : local enable device info: 
06-07 19:45:16.902 24695 24695 I TDM     : [TDM][I][2026-06-07 19:45:16 902][0x77f9bad5f0][(TDeviceInfoHolder.cpp:138) IsDeviceInfoEnable] : is enable device info: 0
06-07 19:45:16.902 24695 24695 I TDM     : [TDM][I][2026-06-07 19:45:16 902][0x77f9bad5f0][(TDeviceInfoHolder.cpp:128) IsDeviceInfoEnable] : local enable device info: 
06-07 19:45:16.902 24695 24695 I TDM     : [TDM][I][2026-06-07 19:45:16 902][0x77f9bad5f0][(TDeviceInfoHolder.cpp:138) IsDeviceInfoEnable] : is enable device info: 0
06-07 19:45:16.905 24695 24695 I TDM     : [TDM][I][2026-06-07 19:45:16 905][0x77f9bad5f0][(TBlueDataEventManager.cpp:193) PushEvent] : save push event success
06-07 19:45:16.909 24695 24695 I TDM     : [TDM][I][2026-06-07 19:45:16 909][0x77f9bad5f0][(com_blue_dm_TBlueData.cpp:84) Java_com_blue_dm_TBlueData_TDMReportEvent] : JNI TDMReportEvent 
06-07 19:45:16.909 24695 24695 I TDM     : [TDM][I][2026-06-07 19:45:16 909][0x77f9bad5f0][(TBlueData.cpp:548) ReportEvent] : srcId:20004,  eventId:100, eventName:tdm_plugin
06-07 19:45:16.910 24695 24695 I TDM     : [TDM][I][2026-06-07 19:45:16 910][0x77f9bad5f0][(TBlueDataEventManager.cpp:179) PushEvent] : mmap write file srcId:20004, eventId:100, eventName:tdm_plugin
06-07 19:45:16.910 24695 24695 I TDM     : [TDM][I][2026-06-07 19:45:16 910][0x77f9bad5f0][(TDeviceInfoHolder.cpp:128) IsDeviceInfoEnable] : local enable device info: 
06-07 19:45:16.910 24695 24695 I TDM     : [TDM][I][2026-06-07 19:45:16 910][0x77f9bad5f0][(TDeviceInfoHolder.cpp:138) IsDeviceInfoEnable] : is enable device info: 0
06-07 19:45:16.910 24695 24695 I TDM     : [TDM][I][2026-06-07 19:45:16 910][0x77f9bad5f0][(TDeviceInfoHolder.cpp:128) IsDeviceInfoEnable] : local enable device info: 
06-07 19:45:16.910 24695 24695 I TDM     : [TDM][I][2026-06-07 19:45:16 910][0x77f9bad5f0][(TDeviceInfoHolder.cpp:138) IsDeviceInfoEnable] : is enable device info: 0
06-07 19:45:16.910 24695 24695 I TDM     : [TDM][I][2026-06-07 19:45:16 910][0x77f9bad5f0][(TDeviceInfoHolder.cpp:128) IsDeviceInfoEnable] : local enable device info: 
06-07 19:45:16.910 24695 24695 I TDM     : [TDM][I][2026-06-07 19:45:16 910][0x77f9bad5f0][(TDeviceInfoHolder.cpp:138) IsDeviceInfoEnable] : is enable device info: 0
06-07 19:45:16.910 24695 24695 I TDM     : [TDM][I][2026-06-07 19:45:16 910][0x77f9bad5f0][(TDeviceInfoHolder.cpp:128) IsDeviceInfoEnable] : local enable device info: 
06-07 19:45:16.910 24695 24695 I TDM     : [TDM][I][2026-06-07 19:45:16 910][0x77f9bad5f0][(TDeviceInfoHolder.cpp:138) IsDeviceInfoEnable] : is enable device info: 0
06-07 19:45:16.910 24695 24695 I TDM     : [TDM][I][2026-06-07 19:45:16 910][0x77f9bad5f0][(TDeviceInfoHolder.cpp:128) IsDeviceInfoEnable] : local enable device info: 
06-07 19:45:16.910 24695 24695 I TDM     : [TDM][I][2026-06-07 19:45:16 910][0x77f9bad5f0][(TDeviceInfoHolder.cpp:138) IsDeviceInfoEnable] : is enable device info: 0
06-07 19:45:16.910 24695 24695 I TDM     : [TDM][I][2026-06-07 19:45:16 910][0x77f9bad5f0][(TDeviceInfoHolder.cpp:128) IsDeviceInfoEnable] : local enable device info: 
06-07 19:45:16.910 24695 24695 I TDM     : [TDM][I][2026-06-07 19:45:16 910][0x77f9bad5f0][(TDeviceInfoHolder.cpp:138) IsDeviceInfoEnable] : is enable device info: 0
06-07 19:45:16.913 24695 24695 I TDM     : [TDM][I][2026-06-07 19:45:16 913][0x77f9bad5f0][(TBlueDataEventManager.cpp:193) PushEvent] : save push event success
06-07 19:45:16.915 24695 24695 I TDM     : [TDM][I][2026-06-07 19:45:16 915][0x77f9bad5f0][(com_blue_dm_TBlueData.cpp:84) Java_com_blue_dm_TBlueData_TDMReportEvent] : JNI TDMReportEvent 
06-07 19:45:16.916 24695 24695 I TDM     : [TDM][I][2026-06-07 19:45:16 916][0x77f9bad5f0][(TBlueData.cpp:548) ReportEvent] : srcId:20004,  eventId:100, eventName:tdm_plugin
06-07 19:45:16.916 24695 24695 I TDM     : [TDM][I][2026-06-07 19:45:16 916][0x77f9bad5f0][(TBlueDataEventManager.cpp:179) PushEvent] : mmap write file srcId:20004, eventId:100, eventName:tdm_plugin
06-07 19:45:16.916 24695 24695 I TDM     : [TDM][I][2026-06-07 19:45:16 916][0x77f9bad5f0][(TDeviceInfoHolder.cpp:128) IsDeviceInfoEnable] : local enable device info: 
06-07 19:45:16.916 24695 24695 I TDM     : [TDM][I][2026-06-07 19:45:16 916][0x77f9bad5f0][(TDeviceInfoHolder.cpp:138) IsDeviceInfoEnable] : is enable device info: 0
06-07 19:45:16.916 24695 24695 I TDM     : [TDM][I][2026-06-07 19:45:16 916][0x77f9bad5f0][(TDeviceInfoHolder.cpp:128) IsDeviceInfoEnable] : local enable device info: 
06-07 19:45:16.916 24695 24695 I TDM     : [TDM][I][2026-06-07 19:45:16 916][0x77f9bad5f0][(TDeviceInfoHolder.cpp:138) IsDeviceInfoEnable] : is enable device info: 0
06-07 19:45:16.916 24695 24695 I TDM     : [TDM][I][2026-06-07 19:45:16 916][0x77f9bad5f0][(TDeviceInfoHolder.cpp:128) IsDeviceInfoEnable] : local enable device info: 
06-07 19:45:16.916 24695 24695 I TDM     : [TDM][I][2026-06-07 19:45:16 916][0x77f9bad5f0][(TDeviceInfoHolder.cpp:138) IsDeviceInfoEnable] : is enable device info: 0
06-07 19:45:16.916 24695 24695 I TDM     : [TDM][I][2026-06-07 19:45:16 916][0x77f9bad5f0][(TDeviceInfoHolder.cpp:128) IsDeviceInfoEnable] : local enable device info: 
06-07 19:45:16.916 24695 24695 I TDM     : [TDM][I][2026-06-07 19:45:16 916][0x77f9bad5f0][(TDeviceInfoHolder.cpp:138) IsDeviceInfoEnable] : is enable device info: 0
06-07 19:45:16.916 24695 24695 I TDM     : [TDM][I][2026-06-07 19:45:16 916][0x77f9bad5f0][(TDeviceInfoHolder.cpp:128) IsDeviceInfoEnable] : local enable device info: 
06-07 19:45:16.916 24695 24695 I TDM     : [TDM][I][2026-06-07 19:45:16 916][0x77f9bad5f0][(TDeviceInfoHolder.cpp:138) IsDeviceInfoEnable] : is enable device info: 0
06-07 19:45:16.917 24695 24695 I TDM     : [TDM][I][2026-06-07 19:45:16 917][0x77f9bad5f0][(TDeviceInfoHolder.cpp:128) IsDeviceInfoEnable] : local enable device info: 
06-07 19:45:16.917 24695 24695 I TDM     : [TDM][I][2026-06-07 19:45:16 917][0x77f9bad5f0][(TDeviceInfoHolder.cpp:138) IsDeviceInfoEnable] : is enable device info: 0
06-07 19:45:16.919 24695 24695 I TDM     : [TDM][I][2026-06-07 19:45:16 919][0x77f9bad5f0][(TBlueDataEventManager.cpp:193) PushEvent] : save push event success
06-07 19:45:16.921 24695 24695 I TDM     : [TDM][I][2026-06-07 19:45:16 921][0x77f9bad5f0][(com_blue_dm_TBlueData.cpp:84) Java_com_blue_dm_TBlueData_TDMReportEvent] : JNI TDMReportEvent 
06-07 19:45:16.921 24695 24695 I TDM     : [TDM][I][2026-06-07 19:45:16 921][0x77f9bad5f0][(TBlueData.cpp:548) ReportEvent] : srcId:20004,  eventId:100, eventName:tdm_plugin
06-07 19:45:16.921 24695 24695 I TDM     : [TDM][I][2026-06-07 19:45:16 921][0x77f9bad5f0][(TBlueDataEventManager.cpp:179) PushEvent] : mmap write file srcId:20004, eventId:100, eventName:tdm_plugin
06-07 19:45:16.921 24695 24695 I TDM     : [TDM][I][2026-06-07 19:45:16 921][0x77f9bad5f0][(TDeviceInfoHolder.cpp:128) IsDeviceInfoEnable] : local enable device info: 
06-07 19:45:16.921 24695 24695 I TDM     : [TDM][I][2026-06-07 19:45:16 921][0x77f9bad5f0][(TDeviceInfoHolder.cpp:138) IsDeviceInfoEnable] : is enable device info: 0
06-07 19:45:16.921 24695 24695 I TDM     : [TDM][I][2026-06-07 19:45:16 921][0x77f9bad5f0][(TDeviceInfoHolder.cpp:128) IsDeviceInfoEnable] : local enable device info: 
06-07 19:45:16.921 24695 24695 I TDM     : [TDM][I][2026-06-07 19:45:16 921][0x77f9bad5f0][(TDeviceInfoHolder.cpp:138) IsDeviceInfoEnable] : is enable device info: 0
06-07 19:45:16.921 24695 24695 I TDM     : [TDM][I][2026-06-07 19:45:16 921][0x77f9bad5f0][(TDeviceInfoHolder.cpp:128) IsDeviceInfoEnable] : local enable device info: 
06-07 19:45:16.921 24695 24695 I TDM     : [TDM][I][2026-06-07 19:45:16 921][0x77f9bad5f0][(TDeviceInfoHolder.cpp:138) IsDeviceInfoEnable] : is enable device info: 0
06-07 19:45:16.922 24695 24695 I TDM     : [TDM][I][2026-06-07 19:45:16 922][0x77f9bad5f0][(TDeviceInfoHolder.cpp:128) IsDeviceInfoEnable] : local enable device info: 
06-07 19:45:16.922 24695 24695 I TDM     : [TDM][I][2026-06-07 19:45:16 922][0x77f9bad5f0][(TDeviceInfoHolder.cpp:138) IsDeviceInfoEnable] : is enable device info: 0
06-07 19:45:16.922 24695 24695 I TDM     : [TDM][I][2026-06-07 19:45:16 922][0x77f9bad5f0][(TDeviceInfoHolder.cpp:128) IsDeviceInfoEnable] : local enable device info: 
06-07 19:45:16.922 24695 24695 I TDM     : [TDM][I][2026-06-07 19:45:16 922][0x77f9bad5f0][(TDeviceInfoHolder.cpp:138) IsDeviceInfoEnable] : is enable device info: 0
06-07 19:45:16.922 24695 24695 I TDM     : [TDM][I][2026-06-07 19:45:16 922][0x77f9bad5f0][(TDeviceInfoHolder.cpp:128) IsDeviceInfoEnable] : local enable device info: 
06-07 19:45:16.922 24695 24695 I TDM     : [TDM][I][2026-06-07 19:45:16 922][0x77f9bad5f0][(TDeviceInfoHolder.cpp:138) IsDeviceInfoEnable] : is enable device info: 0
06-07 19:45:16.925 24695 24695 I TDM     : [TDM][I][2026-06-07 19:45:16 925][0x77f9bad5f0][(TBlueDataEventManager.cpp:193) PushEvent] : save push event success
06-07 19:45:16.928 24695 24695 I TDM     : [TDM][I][2026-06-07 19:45:16 928][0x77f9bad5f0][(com_blue_dm_TBlueData.cpp:84) Java_com_blue_dm_TBlueData_TDMReportEvent] : JNI TDMReportEvent 
06-07 19:45:16.928 24695 24695 I TDM     : [TDM][I][2026-06-07 19:45:16 928][0x77f9bad5f0][(TBlueData.cpp:548) ReportEvent] : srcId:20004,  eventId:100, eventName:tdm_plugin
06-07 19:45:16.928 24695 24695 I TDM     : [TDM][I][2026-06-07 19:45:16 928][0x77f9bad5f0][(TBlueDataEventManager.cpp:179) PushEvent] : mmap write file srcId:20004, eventId:100, eventName:tdm_plugin
06-07 19:45:16.928 24695 24695 I TDM     : [TDM][I][2026-06-07 19:45:16 928][0x77f9bad5f0][(TDeviceInfoHolder.cpp:128) IsDeviceInfoEnable] : local enable device info: 
06-07 19:45:16.928 24695 24695 I TDM     : [TDM][I][2026-06-07 19:45:16 928][0x77f9bad5f0][(TDeviceInfoHolder.cpp:138) IsDeviceInfoEnable] : is enable device info: 0
06-07 19:45:16.928 24695 24695 I TDM     : [TDM][I][2026-06-07 19:45:16 928][0x77f9bad5f0][(TDeviceInfoHolder.cpp:128) IsDeviceInfoEnable] : local enable device info: 
06-07 19:45:16.928 24695 24695 I TDM     : [TDM][I][2026-06-07 19:45:16 928][0x77f9bad5f0][(TDeviceInfoHolder.cpp:138) IsDeviceInfoEnable] : is enable device info: 0
06-07 19:45:16.928 24695 24695 I TDM     : [TDM][I][2026-06-07 19:45:16 928][0x77f9bad5f0][(TDeviceInfoHolder.cpp:128) IsDeviceInfoEnable] : local enable device info: 
06-07 19:45:16.929 24695 24695 I TDM     : [TDM][I][2026-06-07 19:45:16 929][0x77f9bad5f0][(TDeviceInfoHolder.cpp:138) IsDeviceInfoEnable] : is enable device info: 0
06-07 19:45:16.929 24695 24695 I TDM     : [TDM][I][2026-06-07 19:45:16 929][0x77f9bad5f0][(TDeviceInfoHolder.cpp:128) IsDeviceInfoEnable] : local enable device info: 
06-07 19:45:16.929 24695 24695 I TDM     : [TDM][I][2026-06-07 19:45:16 929][0x77f9bad5f0][(TDeviceInfoHolder.cpp:138) IsDeviceInfoEnable] : is enable device info: 0
06-07 19:45:16.929 24695 24695 I TDM     : [TDM][I][2026-06-07 19:45:16 929][0x77f9bad5f0][(TDeviceInfoHolder.cpp:128) IsDeviceInfoEnable] : local enable device info: 
06-07 19:45:16.929 24695 24695 I TDM     : [TDM][I][2026-06-07 19:45:16 929][0x77f9bad5f0][(TDeviceInfoHolder.cpp:138) IsDeviceInfoEnable] : is enable device info: 0
06-07 19:45:16.929 24695 24695 I TDM     : [TDM][I][2026-06-07 19:45:16 929][0x77f9bad5f0][(TDeviceInfoHolder.cpp:128) IsDeviceInfoEnable] : local enable device info: 
06-07 19:45:16.929 24695 24695 I TDM     : [TDM][I][2026-06-07 19:45:16 929][0x77f9bad5f0][(TDeviceInfoHolder.cpp:138) IsDeviceInfoEnable] : is enable device info: 0
06-07 19:45:16.932 24695 24695 I TDM     : [TDM][I][2026-06-07 19:45:16 932][0x77f9bad5f0][(TBlueDataEventManager.cpp:193) PushEvent] : save push event success
06-07 19:45:16.935 24695 24695 I TDM     : [TDM][I][2026-06-07 19:45:16 935][0x77f9bad5f0][(com_blue_dm_TBlueData.cpp:84) Java_com_blue_dm_TBlueData_TDMReportEvent] : JNI TDMReportEvent 
06-07 19:45:16.936 24695 24695 I TDM     : [TDM][I][2026-06-07 19:45:16 936][0x77f9bad5f0][(TBlueData.cpp:548) ReportEvent] : srcId:20004,  eventId:100, eventName:tdm_plugin
06-07 19:45:16.936 24695 24695 I TDM     : [TDM][I][2026-06-07 19:45:16 936][0x77f9bad5f0][(TBlueDataEventManager.cpp:179) PushEvent] : mmap write file srcId:20004, eventId:100, eventName:tdm_plugin
06-07 19:45:16.937 24695 24695 I TDM     : [TDM][I][2026-06-07 19:45:16 937][0x77f9bad5f0][(TDeviceInfoHolder.cpp:128) IsDeviceInfoEnable] : local enable device info: 
06-07 19:45:16.937 24695 24695 I TDM     : [TDM][I][2026-06-07 19:45:16 937][0x77f9bad5f0][(TDeviceInfoHolder.cpp:138) IsDeviceInfoEnable] : is enable device info: 0
06-07 19:45:16.937 24695 24695 I TDM     : [TDM][I][2026-06-07 19:45:16 937][0x77f9bad5f0][(TDeviceInfoHolder.cpp:128) IsDeviceInfoEnable] : local enable device info: 
06-07 19:45:16.937 24695 24695 I TDM     : [TDM][I][2026-06-07 19:45:16 937][0x77f9bad5f0][(TDeviceInfoHolder.cpp:138) IsDeviceInfoEnable] : is enable device info: 0
06-07 19:45:16.937 24695 24695 I TDM     : [TDM][I][2026-06-07 19:45:16 937][0x77f9bad5f0][(TDeviceInfoHolder.cpp:128) IsDeviceInfoEnable] : local enable device info: 
06-07 19:45:16.937 24695 24695 I TDM     : [TDM][I][2026-06-07 19:45:16 937][0x77f9bad5f0][(TDeviceInfoHolder.cpp:138) IsDeviceInfoEnable] : is enable device info: 0
06-07 19:45:16.937 24695 24695 I TDM     : [TDM][I][2026-06-07 19:45:16 937][0x77f9bad5f0][(TDeviceInfoHolder.cpp:128) IsDeviceInfoEnable] : local enable device info: 
06-07 19:45:16.937 24695 24695 I TDM     : [TDM][I][2026-06-07 19:45:16 937][0x77f9bad5f0][(TDeviceInfoHolder.cpp:138) IsDeviceInfoEnable] : is enable device info: 0
06-07 19:45:16.937 24695 24695 I TDM     : [TDM][I][2026-06-07 19:45:16 937][0x77f9bad5f0][(TDeviceInfoHolder.cpp:128) IsDeviceInfoEnable] : local enable device info: 
06-07 19:45:16.937 24695 24695 I TDM     : [TDM][I][2026-06-07 19:45:16 937][0x77f9bad5f0][(TDeviceInfoHolder.cpp:138) IsDeviceInfoEnable] : is enable device info: 0
06-07 19:45:16.937 24695 24695 I TDM     : [TDM][I][2026-06-07 19:45:16 937][0x77f9bad5f0][(TDeviceInfoHolder.cpp:128) IsDeviceInfoEnable] : local enable device info: 
06-07 19:45:16.937 24695 24695 I TDM     : [TDM][I][2026-06-07 19:45:16 937][0x77f9bad5f0][(TDeviceInfoHolder.cpp:138) IsDeviceInfoEnable] : is enable device info: 0
06-07 19:45:16.940 24695 24695 I TDM     : [TDM][I][2026-06-07 19:45:16 940][0x77f9bad5f0][(TBlueDataEventManager.cpp:193) PushEvent] : save push event success
06-07 19:45:16.943 24695 24695 I TDM     : [TDM][I][2026-06-07 19:45:16 943][0x77f9bad5f0][(com_blue_dm_TBlueData.cpp:84) Java_com_blue_dm_TBlueData_TDMReportEvent] : JNI TDMReportEvent 
06-07 19:45:16.943 24695 24695 I TDM     : [TDM][I][2026-06-07 19:45:16 943][0x77f9bad5f0][(TBlueData.cpp:548) ReportEvent] : srcId:20004,  eventId:100, eventName:tdm_log
06-07 19:45:16.943 24695 24695 I TDM     : [TDM][I][2026-06-07 19:45:16 943][0x77f9bad5f0][(TBlueDataEventManager.cpp:179) PushEvent] : mmap write file srcId:20004, eventId:100, eventName:tdm_log
06-07 19:45:16.943 24695 24695 I TDM     : [TDM][I][2026-06-07 19:45:16 943][0x77f9bad5f0][(TDeviceInfoHolder.cpp:128) IsDeviceInfoEnable] : local enable device info: 
06-07 19:45:16.943 24695 24695 I TDM     : [TDM][I][2026-06-07 19:45:16 943][0x77f9bad5f0][(TDeviceInfoHolder.cpp:138) IsDeviceInfoEnable] : is enable device info: 0
06-07 19:45:16.944 24695 24695 I TDM     : [TDM][I][2026-06-07 19:45:16 944][0x77f9bad5f0][(TDeviceInfoHolder.cpp:128) IsDeviceInfoEnable] : local enable device info: 
06-07 19:45:16.944 24695 24695 I TDM     : [TDM][I][2026-06-07 19:45:16 944][0x77f9bad5f0][(TDeviceInfoHolder.cpp:138) IsDeviceInfoEnable] : is enable device info: 0
06-07 19:45:16.944 24695 24695 I TDM     : [TDM][I][2026-06-07 19:45:16 944][0x77f9bad5f0][(TDeviceInfoHolder.cpp:128) IsDeviceInfoEnable] : local enable device info: 
06-07 19:45:16.944 24695 24695 I TDM     : [TDM][I][2026-06-07 19:45:16 944][0x77f9bad5f0][(TDeviceInfoHolder.cpp:138) IsDeviceInfoEnable] : is enable device info: 0
06-07 19:45:16.944 24695 24695 I TDM     : [TDM][I][2026-06-07 19:45:16 944][0x77f9bad5f0][(TDeviceInfoHolder.cpp:128) IsDeviceInfoEnable] : local enable device info: 
06-07 19:45:16.944 24695 24695 I TDM     : [TDM][I][2026-06-07 19:45:16 944][0x77f9bad5f0][(TDeviceInfoHolder.cpp:138) IsDeviceInfoEnable] : is enable device info: 0
06-07 19:45:16.944 24695 24695 I TDM     : [TDM][I][2026-06-07 19:45:16 944][0x77f9bad5f0][(TDeviceInfoHolder.cpp:128) IsDeviceInfoEnable] : local enable device info: 
06-07 19:45:16.944 24695 24695 I TDM     : [TDM][I][2026-06-07 19:45:16 944][0x77f9bad5f0][(TDeviceInfoHolder.cpp:138) IsDeviceInfoEnable] : is enable device info: 0
06-07 19:45:16.944 24695 24695 I TDM     : [TDM][I][2026-06-07 19:45:16 944][0x77f9bad5f0][(TDeviceInfoHolder.cpp:128) IsDeviceInfoEnable] : local enable device info: 
06-07 19:45:16.944 24695 24695 I TDM     : [TDM][I][2026-06-07 19:45:16 944][0x77f9bad5f0][(TDeviceInfoHolder.cpp:138) IsDeviceInfoEnable] : is enable device info: 0
06-07 19:45:16.945 24695 24695 I TDM     : [TDM][I][2026-06-07 19:45:16 945][0x77f9bad5f0][(TBlueDataEventManager.cpp:193) PushEvent] : save push event success
06-07 19:45:16.947 24695 24695 E FileUtils: err write to mi_exception_log
06-07 19:45:16.947 24695 24695 W HCallbackStub: handleLaunchActivity: Null activity record
06-07 19:45:16.948 24695 24695 W HCallbackStub: handleLaunchActivity: Null activity record
06-07 19:45:16.949 24695 24695 V threaded_app: Pause: 0x76bf1672c0
06-07 19:45:16.949 24695 24888 V threaded_app: activityState=13
06-07 19:45:16.949 24695 24888 D UE4     : Case APP_CMD_PAUSE
06-07 19:45:16.954 24695 24695 I         : genericobserver pos:0 className:com.blue.dm.hdmpve.lifecycle.PluginReportLifecycle
06-07 19:45:16.954 24695 24695 I TDM     : [TDM][I][2026-06-07 19:45:16 954][0x77f9bad5f0][(com_blue_dm_TBlueData.cpp:43) Java_com_blue_dm_TBlueData_TDMPause] : JNI TDMPause 
06-07 19:45:16.954 24695 24695 I TDM     : [TDM][I][2026-06-07 19:45:16 954][0x77f9bad5f0][(TBlueData.cpp:430) ReportHang] : [ReportStat]
06-07 19:45:16.954 24695 24695 I TDM     : [TDM][I][2026-06-07 19:45:16 954][0x77f9bad5f0][(TBlueDataEventManager.cpp:179) PushEvent] : mmap write file srcId:1, eventId:602, eventName:StatSDK
06-07 19:45:16.955 24695 24695 I TDM     : [TDM][I][2026-06-07 19:45:16 955][0x77f9bad5f0][(TDeviceInfoHolder.cpp:128) IsDeviceInfoEnable] : local enable device info: 
06-07 19:45:16.955 24695 24695 I TDM     : [TDM][I][2026-06-07 19:45:16 955][0x77f9bad5f0][(TDeviceInfoHolder.cpp:138) IsDeviceInfoEnable] : is enable device info: 0
06-07 19:45:16.955 24695 24695 I TDM     : [TDM][I][2026-06-07 19:45:16 955][0x77f9bad5f0][(TDeviceInfoHolder.cpp:128) IsDeviceInfoEnable] : local enable device info: 
06-07 19:45:16.955 24695 24695 I TDM     : [TDM][I][2026-06-07 19:45:16 955][0x77f9bad5f0][(TDeviceInfoHolder.cpp:138) IsDeviceInfoEnable] : is enable device info: 0
06-07 19:45:16.955 24695 24695 I TDM     : [TDM][I][2026-06-07 19:45:16 955][0x77f9bad5f0][(TDeviceInfoHolder.cpp:128) IsDeviceInfoEnable] : local enable device info: 
06-07 19:45:16.955 24695 24695 I TDM     : [TDM][I][2026-06-07 19:45:16 955][0x77f9bad5f0][(TDeviceInfoHolder.cpp:138) IsDeviceInfoEnable] : is enable device info: 0
06-07 19:45:16.955 24695 24695 I TDM     : [TDM][I][2026-06-07 19:45:16 955][0x77f9bad5f0][(TDeviceInfoHolder.cpp:128) IsDeviceInfoEnable] : local enable device info: 
06-07 19:45:16.955 24695 24695 I TDM     : [TDM][I][2026-06-07 19:45:16 955][0x77f9bad5f0][(TDeviceInfoHolder.cpp:138) IsDeviceInfoEnable] : is enable device info: 0
06-07 19:45:16.955 24695 24695 I TDM     : [TDM][I][2026-06-07 19:45:16 955][0x77f9bad5f0][(TDeviceInfoHolder.cpp:128) IsDeviceInfoEnable] : local enable device info: 
06-07 19:45:16.955 24695 24695 I TDM     : [TDM][I][2026-06-07 19:45:16 955][0x77f9bad5f0][(TDeviceInfoHolder.cpp:138) IsDeviceInfoEnable] : is enable device info: 0
06-07 19:45:16.955 24695 24695 I TDM     : [TDM][I][2026-06-07 19:45:16 955][0x77f9bad5f0][(TDeviceInfoHolder.cpp:128) IsDeviceInfoEnable] : local enable device info: 
06-07 19:45:16.955 24695 24695 I TDM     : [TDM][I][2026-06-07 19:45:16 955][0x77f9bad5f0][(TDeviceInfoHolder.cpp:138) IsDeviceInfoEnable] : is enable device info: 0
06-07 19:45:16.957 24695 24695 I TDM     : [TDM][I][2026-06-07 19:45:16 957][0x77f9bad5f0][(TBlueDataEventManager.cpp:193) PushEvent] : save push event success
06-07 19:45:16.957 24695 24695 I TDM     : [TDM][I][2026-06-07 19:45:16 957][0x77f9bad5f0][(TBlueData.cpp:451) ReportHang] : [ReportHang]
06-07 19:45:16.957 24695 24695 I TDM     : [TDM][I][2026-06-07 19:45:16 957][0x77f9bad5f0][(TBlueDataEventManager.cpp:179) PushEvent] : mmap write file srcId:1, eventId:102, eventName:HangUp
06-07 19:45:16.957 24695 24695 I TDM     : [TDM][I][2026-06-07 19:45:16 957][0x77f9bad5f0][(TDeviceInfoHolder.cpp:128) IsDeviceInfoEnable] : local enable device info: 
06-07 19:45:16.957 24695 24695 I TDM     : [TDM][I][2026-06-07 19:45:16 957][0x77f9bad5f0][(TDeviceInfoHolder.cpp:138) IsDeviceInfoEnable] : is enable device info: 0
06-07 19:45:16.957 24695 24695 I TDM     : [TDM][I][2026-06-07 19:45:16 957][0x77f9bad5f0][(TDeviceInfoHolder.cpp:128) IsDeviceInfoEnable] : local enable device info: 
06-07 19:45:16.957 24695 24695 I TDM     : [TDM][I][2026-06-07 19:45:16 957][0x77f9bad5f0][(TDeviceInfoHolder.cpp:138) IsDeviceInfoEnable] : is enable device info: 0
06-07 19:45:16.957 24695 24695 I TDM     : [TDM][I][2026-06-07 19:45:16 957][0x77f9bad5f0][(TDeviceInfoHolder.cpp:128) IsDeviceInfoEnable] : local enable device info: 
06-07 19:45:16.957 24695 24695 I TDM     : [TDM][I][2026-06-07 19:45:16 957][0x77f9bad5f0][(TDeviceInfoHolder.cpp:138) IsDeviceInfoEnable] : is enable device info: 0
06-07 19:45:16.958 24695 24695 I TDM     : [TDM][I][2026-06-07 19:45:16 958][0x77f9bad5f0][(TDeviceInfoHolder.cpp:128) IsDeviceInfoEnable] : local enable device info: 
06-07 19:45:16.958 24695 24695 I TDM     : [TDM][I][2026-06-07 19:45:16 958][0x77f9bad5f0][(TDeviceInfoHolder.cpp:138) IsDeviceInfoEnable] : is enable device info: 0
06-07 19:45:16.958 24695 24695 I TDM     : [TDM][I][2026-06-07 19:45:16 958][0x77f9bad5f0][(TDeviceInfoHolder.cpp:128) IsDeviceInfoEnable] : local enable device info: 
06-07 19:45:16.958 24695 24695 I TDM     : [TDM][I][2026-06-07 19:45:16 958][0x77f9bad5f0][(TDeviceInfoHolder.cpp:138) IsDeviceInfoEnable] : is enable device info: 0
06-07 19:45:16.958 24695 24695 I TDM     : [TDM][I][2026-06-07 19:45:16 958][0x77f9bad5f0][(TDeviceInfoHolder.cpp:128) IsDeviceInfoEnable] : local enable device info: 
06-07 19:45:16.958 24695 24695 I TDM     : [TDM][I][2026-06-07 19:45:16 958][0x77f9bad5f0][(TDeviceInfoHolder.cpp:138) IsDeviceInfoEnable] : is enable device info: 0
06-07 19:45:16.959 24695 24695 I TDM     : [TDM][I][2026-06-07 19:45:16 959][0x77f9bad5f0][(TBlueDataEventManager.cpp:193) PushEvent] : save push event success
06-07 19:45:16.959 24695 24695 I TDM     : [TDM][W][2026-06-07 19:45:16 959][0x77f9bad5f0][(TBlueDataReporter.cpp:78) SetState] : state: 1
06-07 19:45:16.959 24695 24695 I HDmpve  : onPause
06-07 19:45:16.959 24695 24695 I         : genericobserver pos:0 className:com.blue.dm.hdmpve.lifecycle.PluginReportLifecycle
06-07 19:45:16.959 24695 24695 I HDmpvePluginManger: onPause
06-07 19:45:16.959 24695 24695 I RoosterJava: call rooster pause interface
06-07 19:45:16.959 24695 24695 I AntsVoice: [2026-06-07 19:45:16 959] | Info | [AntsVoice] |24695| AntsVoiceEngineHelper.cpp:152 |Java_com_antssdk_ants_voice_AntsVoiceEngineHelper_Pause| Java_com_antssdk_ants_voice_AntsVoiceEngineHelper_Pause
06-07 19:45:16.959 24695 24695 I AntsVoice: [2026-06-07 19:45:16 959] | Info | [AntsVoice] |24695| AntsVoiceEngine.cpp:1884 |Pause| AntsVoiceEngine::Pause
06-07 19:45:16.959 24695 24695 E AntsVoice: [2026-06-07 19:45:16 959] | Error | [AntsVoice] |24695| AntsVoiceEngine.cpp:1890 |Pause| you have not Init, please Init first!
06-07 19:45:16.978 24695 24756 W GooglePlayServicesUtil: com.pubg.imobile requires Google Play services, but their signature is invalid.
06-07 19:45:16.980 24695 24756 D TransactionThrottler: Reset transaction throttler
06-07 19:45:16.988 24695 24695 V threaded_app: NativeWindowResized: 0x76bf1672c0 -- 0x768915b810
06-07 19:45:16.988 24695 24888 D UE4     : Case APP_CMD_WINDOW_RESIZED
06-07 19:45:16.988 24695 24695 V threaded_app: NativeWindowRedrawNeeded: 0x76bf1672c0 -- 0x768915b810
06-07 19:45:16.988 24695 24888 D UE4     : Case APP_CMD_WINDOW_REDRAW_NEEDED
06-07 19:45:16.988 24695 24695 E SurfaceSyncer: Failed to find sync for id=0
06-07 19:45:16.988 24695 24695 E SurfaceSyncer: Failed to find sync for id=1
06-07 19:45:16.995 24695 24798 E gralloc4: Empty SMPTE 2094-40 data
06-07 19:45:16.995 24695 24798 D BLASTBufferQueue: [VRI[GameActivity]#1](f:0,a:2) producer disconnected before: mAbandoned=0
06-07 19:45:16.995 24695 24798 D BLASTBufferQueue: - BufferQueue mMaxAcquiredBufferCount=2 mMaxDequeuedBufferCount=2
06-07 19:45:16.995 24695 24798 D BLASTBufferQueue:   mDequeueBufferCannotBlock=0 mAsyncMode=0
06-07 19:45:16.995 24695 24798 D BLASTBufferQueue:   mQueueBufferCanDrop=0 mLegacyBufferDrop=1
06-07 19:45:16.995 24695 24798 D BLASTBufferQueue:   default-size=[2400x1080] default-format=1   transform-hint=04 frame-counter=3
06-07 19:45:16.995 24695 24798 D BLASTBufferQueue:   mTransformHintInUse=04 mAutoPrerotation=0
06-07 19:45:16.995 24695 24798 D BLASTBufferQueue: FIFO(0):
06-07 19:45:16.995 24695 24798 D BLASTBufferQueue: (mConsumerName=VRI[GameActivity]#1(BLAST Consumer)1, mConnectedApi=1, mConsumerUsageBits=2304, mId=607700000001, producer=[24695:com.pubg.imobile], consumer=[24695:com.pubg.imobile])
06-07 19:45:16.995 24695 24798 D BLASTBufferQueue: Slots:
06-07 19:45:16.995 24695 24798 D BLASTBufferQueue:  >[00:0x76892df400] state=ACQUIRED 0x76588cb900 frame=3 [1080x2400:1088,  1]
06-07 19:45:16.995 24695 24798 D BLASTBufferQueue:   [01:0x0] state=FREE    
06-07 19:45:16.995 24695 24798 D BLASTBufferQueue:   [02:0x0] state=FREE    
06-07 19:45:16.995 24695 24798 D BLASTBufferQueue:   [03:0x0] state=FREE    
06-07 19:45:17.012 24695 24798 E gralloc4: Empty SMPTE 2094-40 data
06-07 19:45:17.012 24695 24798 D BLASTBufferQueue: [VRI[GameActivity]#0](f:0,a:2) producer disconnected before: mAbandoned=0
06-07 19:45:17.012 24695 24798 D BLASTBufferQueue: - BufferQueue mMaxAcquiredBufferCount=2 mMaxDequeuedBufferCount=2
06-07 19:45:17.012 24695 24798 D BLASTBufferQueue:   mDequeueBufferCannotBlock=0 mAsyncMode=0
06-07 19:45:17.012 24695 24798 D BLASTBufferQueue:   mQueueBufferCanDrop=0 mLegacyBufferDrop=1
06-07 19:45:17.012 24695 24798 D BLASTBufferQueue:   default-size=[2400x1080] default-format=2   transform-hint=04 frame-counter=3
06-07 19:45:17.012 24695 24798 D BLASTBufferQueue:   mTransformHintInUse=04 mAutoPrerotation=0
06-07 19:45:17.012 24695 24798 D BLASTBufferQueue: FIFO(0):
06-07 19:45:17.012 24695 24798 D BLASTBufferQueue: (mConsumerName=VRI[GameActivity]#0(BLAST Consumer)0, mConnectedApi=1, mConsumerUsageBits=2304, mId=607700000000, producer=[24695:com.pubg.imobile], consumer=[24695:com.pubg.imobile])
06-07 19:45:17.012 24695 24798 D BLASTBufferQueue: Slots:
06-07 19:45:17.012 24695 24798 D BLASTBufferQueue:  >[00:0x76892df700] state=ACQUIRED 0x768916aa00 frame=3 [1080x2400:1088,  1]
06-07 19:45:17.012 24695 24798 D BLASTBufferQueue:   [01:0x0] state=FREE    
06-07 19:45:17.012 24695 24798 D BLASTBufferQueue:   [02:0x0] state=FREE    
06-07 19:45:17.012 24695 24798 D BLASTBufferQueue:   [03:0x0] state=FREE    
06-07 19:45:17.020 24589 24666 D ActivityStack: onActivityCreated : ComponentInfo{com.pubg.imobile/com.pubg.imobile.DownloaderActivity}
06-07 19:45:17.021 24695 24695 W HCallbackStub: handleLaunchActivity: Null activity info
06-07 19:45:17.023 24695 24987 D libMEOW : meow new tls: 0x76a8dbfac0
06-07 19:45:17.023 24695 24987 D libMEOW : applied 1 plugins for [com.pubg.imobile]:
06-07 19:45:17.023 24695 24987 D libMEOW :   plugin 1: [libMEOW_gift.so]:
06-07 19:45:17.023 24695 24987 D libMEOW : meow delete tls: 0x76a8dbfac0
06-07 19:45:17.023 24695 24695 D MiuiMultiWindowAdapter: MiuiMultiWindowAdapter::getFreeformVideoWhiteListInSystem::LIST_ABOUT_SUPPORT_LANDSCAPE_VIDEO = [com.hunantv.imgo.activity, com.tencent.qqlive, com.qiyi.video, com.hunantv.imgo.activity.inter, com.tencent.qqlivei18n, com.iqiyi.i18n, tv.danmaku.bili]
06-07 19:45:17.026 24695 24695 D AppInstrumentation: callActivityOnCreate: com.pubg.imobile.DownloaderActivity
06-07 19:45:17.038 24695 24695 D IS_CTS_MODE: false
06-07 19:45:17.038 24695 24695 D MULTI_WINDOW_ENABLED: false
06-07 19:45:17.039 24695 24695 D DecorView[]: getWindowModeFromSystem  windowmode is 1
06-07 19:45:17.096 24695 24695 E FileUtils: err write to mi_exception_log
06-07 19:45:17.097 24695 24695 W HCallbackStub: handleLaunchActivity: Null activity record
06-07 19:45:17.098 24695 24695 W HCallbackStub: handleLaunchActivity: Null activity record
06-07 19:45:17.098 24695 24695 W HCallbackStub: handleLaunchActivity: Null activity record
06-07 19:45:17.102 24695 24798 E gralloc4: Empty SMPTE 2094-40 data
06-07 19:45:17.118 24695 24695 D DecorView[]: onWindowFocusChanged hasWindowFocus false
06-07 19:45:17.118 24695 24695 W HCallbackStub: handleLaunchActivity: Null activity record
06-07 19:45:17.118 24695 24695 W HCallbackStub: handleLaunchActivity: Null activity record
06-07 19:45:17.119 24695 24695 D CompatibilityChangeReporter: Compat change id reported: 78294732; UID 10001; state: DISABLED
06-07 19:45:17.119 24695 24695 I         : genericobserver pos:0 className:com.blue.dm.hdmpve.lifecycle.PluginReportLifecycle
06-07 19:45:17.119 24695 24695 I HDmpve  : OnActivityResult requestCode:80001 resultCode:-1
06-07 19:45:17.119 24695 24695 I         : genericobserver pos:0 className:com.blue.dm.hdmpve.lifecycle.PluginReportLifecycle
06-07 19:45:17.123 24695 24695 V threaded_app: Resume: 0x76bf1672c0
06-07 19:45:17.123 24695 24888 V threaded_app: activityState=11
06-07 19:45:17.123 24695 24888 D UE4     : Case APP_CMD_RESUME
06-07 19:45:17.143 24695 24695 D TransactionThrottler: Reset transaction throttler
06-07 19:45:17.143 24695 24695 D TransactionThrottler: Reset transaction throttler
06-07 19:45:17.143 24695 24695 D BlackManager: Creating service for: top.niunaijun.blackbox.core.system.notification.IBNotificationManagerService$Stub
06-07 19:45:17.143 24695 24695 D BlackManager: Successfully created service: notification_manager
06-07 19:45:17.144 24695 24695 I         : genericobserver pos:0 className:com.blue.dm.hdmpve.lifecycle.PluginReportLifecycle
06-07 19:45:17.144 24695 24695 I TDM     : [TDM][I][2026-06-07 19:45:17 144][0x77f9bad5f0][(com_blue_dm_TBlueData.cpp:35) Java_com_blue_dm_TBlueData_TDMResume] : JNI TDMResume 
06-07 19:45:17.144 24695 24695 I TDM     : [TDM][I][2026-06-07 19:45:17 144][0x77f9bad5f0][(TBlueData.cpp:477) ReportResume] : [ReportResume]
06-07 19:45:17.144 24695 24695 I TDM     : [TDM][W][2026-06-07 19:45:17 144][0x77f9bad5f0][(TBlueDataReporter.cpp:78) SetState] : state: 0
06-07 19:45:17.144 24695 24695 I HDmpve  : onResume
06-07 19:45:17.144 24695 24695 I         : genericobserver pos:0 className:com.blue.dm.hdmpve.lifecycle.PluginReportLifecycle
06-07 19:45:17.144 24695 24695 I HDmpvePluginManger: onResume
06-07 19:45:17.144 24695 24695 I RoosterJava: call rooster resume interface
06-07 19:45:17.144 24695 24695 I AntsVoice: [2026-06-07 19:45:17 144] | Info | [AntsVoice] |24695| AntsVoiceEngineHelper.cpp:167 |Java_com_antssdk_ants_voice_AntsVoiceEngineHelper_Resume| Java_com_antssdk_ants_voice_AntsVoiceEngineHelper_Resume
06-07 19:45:17.144 24695 24695 I AntsVoice: [2026-06-07 19:45:17 144] | Info | [AntsVoice] |24695| AntsVoiceEngine.cpp:1922 |Resume| AntsVoiceEngine::Resume
06-07 19:45:17.144 24695 24695 E AntsVoice: [2026-06-07 19:45:17 144] | Error | [AntsVoice] |24695| AntsVoiceEngine.cpp:1928 |Resume| you have not Init, please Init first!
06-07 19:45:17.145 24695 24695 W HCallbackStub: handleLaunchActivity: Null activity record
06-07 19:45:17.147 24695 24695 D DecorView[]: onWindowFocusChanged hasWindowFocus true
06-07 19:45:17.147 24695 24695 I HandWritingStubImpl: refreshLastKeyboardType: 1
06-07 19:45:17.147 24695 24695 I HandWritingStubImpl: getCurrentKeyboardType: 1
06-07 19:45:17.153 24695 24695 W HCallbackStub: handleLaunchActivity: Null activity record
06-07 19:45:17.158 24695 24695 I HandWritingStubImpl: getCurrentKeyboardType: 1
06-07 19:45:17.174 24695 24765 D TransactionThrottler: Reset transaction throttler
06-07 19:45:17.218 24695 24765 D TransactionThrottler: Reset transaction throttler
06-07 19:45:17.220 24695 24765 D JobServiceStub: Schedule: Processing JobInfo for package: com.pubg.imobile
06-07 19:45:17.222 24695 24765 D JobServiceStub: Schedule: Successfully created proxy JobInfo
06-07 19:45:17.764 24695 24716 I AVIWA   :  @OWNERHUBEE BYPASS LOADED
06-07 19:45:17.764 24695 24716 I AVIWA   : UE4 size : 0x0000 | ANOGS size : 0x0000
06-07 19:45:17.764 24695 24716 I AVIWA   : ====================================================
06-07 19:45:17.764 24695 24716 I AVIWA   : =====< LIBRARY LOADED BY @OWNERHUBEE >======
06-07 19:45:17.764 24695 24716 I AVIWA   : ====================================================
06-07 19:45:17.766 24695 24716 I AVIWA   : permissions restored
06-07 19:45:17.843 24695 24896 I TDM     : [TDM][I][2026-06-07 19:45:17 843][0x77f9bad5f0][(TDMHTTPClient.cpp:289) SendJsonPostRequest] : Http network call back
06-07 19:45:17.843 24695 24896 I TDM     : [TDM][E][2026-06-07 19:45:17 843][0x77f9bad5f0][(TBlueDataReportManager.cpp:243) OnHTTPRouteResp] : OnHTTPRouteResp ret != 0 or respBody is empty
06-07 19:45:18.090 24695 24887 D libMEOW : meow new tls: 0x7647412800
06-07 19:45:18.090 24695 24887 D libMEOW : applied 1 plugins for [com.pubg.imobile]:
06-07 19:45:18.090 24695 24887 D libMEOW :   plugin 1: [libMEOW_gift.so]:
06-07 19:45:18.091 24695 24887 I GED     : [GT]_get_procNameprocess pid(24695)
06-07 19:45:18.091 24695 24887 I GED     : [GT]_getprocess name(com.pubg.imobile)
06-07 19:45:18.091 24695 24887 I ecore.loader:p0: [GT] ret(1) gt_status(00000000) aniso_debug_level(0) gt_aniso_max_level(16) ani so mask(00000001) tri mask(00000002)
06-07 19:45:18.092 24695 24887 I GED     : [GT]_get_procNameprocess pid(24695)
06-07 19:45:18.092 24695 24887 I GED     : [GT]_getprocess name(com.pubg.imobile)
06-07 19:45:18.092 24695 24887 I ecore.loader:p0: [GT] ret(1) gt_status(00000000) aniso_debug_level(0) gt_aniso_max_level(16) ani so mask(00000001) tri mask(00000002)
06-07 19:45:18.092 24695 24887 I GED     : [GT]_get_procNameprocess pid(24695)
06-07 19:45:18.092 24695 24887 I GED     : [GT]_getprocess name(com.pubg.imobile)
06-07 19:45:18.093 24695 24887 I ecore.loader:p0: [GT] ret(1) gt_status(00000000) aniso_debug_level(0) gt_aniso_max_level(16) ani so mask(00000001) tri mask(00000002)
06-07 19:45:18.145 25005 25005 E libsigchain: Setting SIGSEGV to SIG_DFL
06-07 19:45:18.148 24695 24798 E gralloc4: Empty SMPTE 2094-40 data
06-07 19:45:18.158 25005 25005 E libsigchain:   #00 pc 000066ac  /apex/com.android.art/lib64/libsigchain.so (LogStack()+204) (BuildId: 1d71636c1517ecf3fa421563ba6710f3)
06-07 19:45:18.158 25005 25005 E libsigchain:   #01 pc 000073e8  /apex/com.android.art/lib64/libsigchain.so (sigaction64+208) (BuildId: 1d71636c1517ecf3fa421563ba6710f3)
06-07 19:45:18.158 25005 25005 E libsigchain:   #02 pc 0009e3b8  /apex/com.android.runtime/lib64/bionic/libc.so (ApplyAttrs(short, __posix_spawnattr* const*)+88) (BuildId: 3908c7c57fa04c64df24425cf16523cf)
06-07 19:45:18.158 25005 25005 E libsigchain:   #03 pc 0009dd80  /apex/com.android.runtime/lib64/bionic/libc.so (posix_spawn(int*, char const*, __posix_spawn_file_actions* const*, __posix_spawnattr* const*, char* const*, char* const*, int (*)(char const*, char* const*, char* const*))+320) (BuildId: 3908c7c57fa04c64df24425cf16523cf)
06-07 19:45:18.158 25005 25005 E libsigchain:   #04 pc 0009dc30  /apex/com.android.runtime/lib64/bionic/libc.so (posix_spawn+16) (BuildId: 3908c7c57fa04c64df24425cf16523cf)
06-07 19:45:18.158 25005 25005 E libsigchain:   #05 pc 000a0368  /apex/com.android.runtime/lib64/bionic/libc.so (system+424) (BuildId: 3908c7c57fa04c64df24425cf16523cf)
06-07 19:45:18.158 25005 25005 E libsigchain:   #06 pc 000e493c  /data/user/0/com.onecore.loader/files/loader/libbgmi.so (+0) (BuildId: 98c8dd358a796bad5a0fe0efb69de2725a7f8f6e)
06-07 19:45:18.158 25005 25005 E libsigchain:   #07 pc 000fba4c  /apex/com.android.runtime/lib64/bionic/libc.so (__pthread_start(void*)+204) (BuildId: 3908c7c57fa04c64df24425cf16523cf)
06-07 19:45:18.158 25005 25005 E libsigchain:   #08 pc 0008e5f0  /apex/com.android.runtime/lib64/bionic/libc.so (__start_thread+64) (BuildId: 3908c7c57fa04c64df24425cf16523cf)
06-07 19:45:18.523 24695 24887 D GameActitivy: AndroidThunkJava_IsRunningInGoogleHPE: false
06-07 19:45:18.527 24695 24887 D VirtualSpoof: [spoof] ro.product.model = Pixel 6
06-07 19:45:18.829 24695 24887 I GED     : [GT]_get_procNameprocess pid(24695)
06-07 19:45:18.829 24695 24887 I GED     : [GT]_getprocess name(com.pubg.imobile)
06-07 19:45:18.829 24695 24887 I ecore.loader:p0: [GT] ret(1) gt_status(00000000) aniso_debug_level(0) gt_aniso_max_level(16) ani so mask(00000001) tri mask(00000002)
06-07 19:45:18.830 24695 24887 I GED     : [GT]_get_procNameprocess pid(24695)
06-07 19:45:18.830 24695 24887 I GED     : [GT]_getprocess name(com.pubg.imobile)
06-07 19:45:18.830 24695 24887 I ecore.loader:p0: [GT] ret(1) gt_status(00000000) aniso_debug_level(0) gt_aniso_max_level(16) ani so mask(00000001) tri mask(00000002)
06-07 19:45:18.831 24695 24887 I GED     : [GT]_get_procNameprocess pid(24695)
06-07 19:45:18.831 24695 24887 I GED     : [GT]_getprocess name(com.pubg.imobile)
06-07 19:45:18.831 24695 24887 I ecore.loader:p0: [GT] ret(1) gt_status(00000000) aniso_debug_level(0) gt_aniso_max_level(16) ani so mask(00000001) tri mask(00000002)
06-07 19:45:20.764 24695 25028 D ecore.loader:p0: PlayerBase::PlayerBase()
06-07 19:45:20.765 24695 25028 D ecore.loader:p0: TrackPlayerBase::TrackPlayerBase()
06-07 19:45:20.765 24695 25028 W libOpenSLES: Leaving Object::GetInterface (SL_RESULT_FEATURE_UNSUPPORTED)
06-07 19:45:20.765 24695 25028 I libOpenSLES: Emulating old channel mask behavior (ignoring positional mask 0x3, using default mask 0x3 based on channel count of 2)
06-07 19:45:20.765 24695 25028 D AudioTrack: INSP: type=audio,case=1,set=0x7740bc3a00,stream_type=3,sample_rate=48000,format=0x1,channel_mask=0x3,frame_count=0,flags=0x104,notification_frames=-16,session_id=2702729,transfer_type=0,uid=-1,pid=-1
06-07 19:45:20.765 24695 25028 D AudioTrack: getCallingPackageName packagename_processed is com.pubg.imobile
06-07 19:45:20.766 24695 25028 D AudioTrack: set: mPowerTrackStatus=0
06-07 19:45:20.766 24695 25028 W AudioTrack: set(): notificationFrames=-16 clamped to the range -1 to -8
06-07 19:45:20.780 24695 25028 I AudioTrack: createTrack_l(1635078445): AUDIO_OUTPUT_FLAG_FAST successful; frameCount 0 -> 2048
06-07 19:45:20.780 24695 25028 D AudioTrack: createTrack_l(7456): 0x7740bc3a00, mCblk = 0x780052d000, mLatency = 84, mAfLatency = 42, frameCount = 2048, mSampleRate = 48000, mFlags = 0x4, mReqFrameCount = 2048, mNotificationFramesAct = 256
06-07 19:45:20.784 24695 25028 D AudioTrack: start(7456): 0x7740bc3a00, prior state:STATE_STOPPED
--------- beginning of crash
06-07 19:45:21.248 24695 24887 F libc    : FORTIFY: pthread_mutex_lock called on a destroyed mutex (0x780053f2e4)
06-07 19:45:21.248 24695 24887 F libc    : Fatal signal 6 (SIGABRT), code -1 (SI_QUEUE) in tid 24887 (Thread-15), pid 24695 (MainThread-UE4)
06-07 19:45:21.295 24695 24718 I AntsVoice: [2026-06-07 19:45:21 295] | Info | [AntsVoice] |24718| av_httprequest_android.inc:22 |~AVHttpRequest| env_->DeleteLocalRef
06-07 19:45:21.321 24695 25028 F libc    : FORTIFY: pthread_mutex_lock called on a destroyed mutex (0x7698b78588)
06-07 19:45:21.376 24695 24966 F libc    : FORTIFY: pthread_mutex_lock called on a destroyed mutex (0x78070334d8)
06-07 19:45:21.376 25034 25034 I crash_dump64: obtaining output fd from tombstoned, type: kDebuggerdTombstoneProto
06-07 19:45:21.377 24695 24967 F libc    : FORTIFY: pthread_mutex_lock called on a destroyed mutex (0x78070334d8)
06-07 19:45:21.381 25034 25034 I crash_dump64: performing dump of process 24695 (target tid = 24887)
06-07 19:45:21.945 24695 25030 I AudioTrack: isLongTimeZeroData zoer date time 1 Seconds
06-07 19:45:22.037 25034 25034 F DEBUG   : *** *** *** *** *** *** *** *** *** *** *** *** *** *** *** ***
06-07 19:45:22.037 25034 25034 F DEBUG   : Build fingerprint: 'Redmi/secret_in/secret:13/TP1A.220624.014/V14.0.11.0.TKLINXM:user/release-keys'
06-07 19:45:22.037 25034 25034 F DEBUG   : Revision: '0'
06-07 19:45:22.037 25034 25034 F DEBUG   : ABI: 'arm64'
06-07 19:45:22.037 25034 25034 F DEBUG   : Timestamp: 2026-06-07 19:45:21.403765075+0530
06-07 19:45:22.037 25034 25034 F DEBUG   : Process uptime: 9s
06-07 19:45:22.037 25034 25034 F DEBUG   : ZygotePid: 853
06-07 19:45:22.037 25034 25034 F DEBUG   : Cmdline: com.pubg.imobile
06-07 19:45:22.037 25034 25034 F DEBUG   : pid: 24695, tid: 24887, name: Thread-15  >>> com.pubg.imobile <<<
06-07 19:45:22.037 25034 25034 F DEBUG   : uid: 10466
06-07 19:45:22.037 25034 25034 F DEBUG   : signal 6 (SIGABRT), code -1 (SI_QUEUE), fault addr --------
06-07 19:45:22.037 25034 25034 F DEBUG   : Abort message: 'FORTIFY: pthread_mutex_lock called on a destroyed mutex (0x780053f2e4)'
06-07 19:45:22.037 25034 25034 F DEBUG   :     x0  0000000000000000  x1  0000000000006137  x2  0000000000000006  x3  0000007688c529c0
06-07 19:45:22.037 25034 25034 F DEBUG   :     x4  0000000000008080  x5  0000000000008080  x6  0000000000008080  x7  8080000000000000
06-07 19:45:22.037 25034 25034 F DEBUG   :     x8  00000000000000f0  x9  00000077f9ad6bb0  x10 0000000000000001  x11 00000077f9b4bb50
06-07 19:45:22.037 25034 25034 F DEBUG   :     x12 0101010101010101  x13 000000006a257cf9  x14 000e6d060e2b6de2  x15 0000000000000078
06-07 19:45:22.037 25034 25034 F DEBUG   :     x16 00000077f9bbba58  x17 00000077f9b94690  x18 000000762659d8f0  x19 0000000000006077
06-07 19:45:22.037 25034 25034 F DEBUG   :     x20 0000000000006137  x21 00000000ffffffff  x22 0000000000000001  x23 0000007688c52c58
06-07 19:45:22.037 25034 25034 F DEBUG   :     x24 0000000000000018  x25 0000000000000006  x26 0000000000000000  x27 00000076c05af120
06-07 19:45:22.037 25034 25034 F DEBUG   :     x28 000000000000dfb3  x29 0000007688c52a40
06-07 19:45:22.037 25034 25034 F DEBUG   :     lr  00000077f9b3bd88  sp  0000007688c529a0  pc  00000077f9b3bdb4  pst 0000000000001000
06-07 19:45:22.037 25034 25034 F DEBUG   : backtrace:
06-07 19:45:22.037 25034 25034 F DEBUG   :       #00 pc 000000000008cdb4  /apex/com.android.runtime/lib64/bionic/libc.so (abort+164) (BuildId: 3908c7c57fa04c64df24425cf16523cf)
06-07 19:45:22.037 25034 25034 F DEBUG   :       #01 pc 000000000008ec3c  /apex/com.android.runtime/lib64/bionic/libc.so (__fortify_fatal(char const*, ...)+124) (BuildId: 3908c7c57fa04c64df24425cf16523cf)
