06-07 19:45:22.037 25034 25034 F DEBUG   :       #02 pc 00000000000fcdec  /apex/com.android.runtime/lib64/bionic/libc.so (HandleUsingDestroyedMutex(pthread_mutex_t*, char const*)+60) (BuildId: 3908c7c57fa04c64df24425cf16523cf)
06-07 19:45:22.037 25034 25034 F DEBUG   :       #03 pc 00000000000fcc80  /apex/com.android.runtime/lib64/bionic/libc.so (pthread_mutex_lock+208) (BuildId: 3908c7c57fa04c64df24425cf16523cf)
06-07 19:45:22.037 25034 25034 F DEBUG   :       #04 pc 0000000009bc1eb0  /data/app/~~EDi3JEzyXv8aoL66L84bIw==/com.pubg.imobile-ULGjLVZsiQl_IsGyk4JYTA==/lib/arm64/libUE4.so
06-07 19:45:22.037 25034 25034 F DEBUG   :       #05 pc 0000000009bc1518  /data/app/~~EDi3JEzyXv8aoL66L84bIw==/com.pubg.imobile-ULGjLVZsiQl_IsGyk4JYTA==/lib/arm64/libUE4.so
06-07 19:45:22.037 25034 25034 F DEBUG   :       #06 pc 000000000822e5d0  /data/app/~~EDi3JEzyXv8aoL66L84bIw==/com.pubg.imobile-ULGjLVZsiQl_IsGyk4JYTA==/lib/arm64/libUE4.so
06-07 19:45:22.037 25034 25034 F DEBUG   :       #07 pc 000000000822e6b8  /data/app/~~EDi3JEzyXv8aoL66L84bIw==/com.pubg.imobile-ULGjLVZsiQl_IsGyk4JYTA==/lib/arm64/libUE4.so
06-07 19:45:22.037 25034 25034 F DEBUG   :       #08 pc 000000000822e8f8  /data/app/~~EDi3JEzyXv8aoL66L84bIw==/com.pubg.imobile-ULGjLVZsiQl_IsGyk4JYTA==/lib/arm64/libUE4.so
06-07 19:45:22.037 25034 25034 F DEBUG   :       #09 pc 0000000008b1cb50  /data/app/~~EDi3JEzyXv8aoL66L84bIw==/com.pubg.imobile-ULGjLVZsiQl_IsGyk4JYTA==/lib/arm64/libUE4.so
06-07 19:45:22.037 25034 25034 F DEBUG   :       #10 pc 0000000008b1ab28  /data/app/~~EDi3JEzyXv8aoL66L84bIw==/com.pubg.imobile-ULGjLVZsiQl_IsGyk4JYTA==/lib/arm64/libUE4.so
06-07 19:45:22.037 25034 25034 F DEBUG   :       #11 pc 0000000008b19e24  /data/app/~~EDi3JEzyXv8aoL66L84bIw==/com.pubg.imobile-ULGjLVZsiQl_IsGyk4JYTA==/lib/arm64/libUE4.so
06-07 19:45:22.037 25034 25034 F DEBUG   :       #12 pc 0000000008b00938  /data/app/~~EDi3JEzyXv8aoL66L84bIw==/com.pubg.imobile-ULGjLVZsiQl_IsGyk4JYTA==/lib/arm64/libUE4.so
06-07 19:45:22.037 25034 25034 F DEBUG   :       #13 pc 0000000008b200e8  /data/app/~~EDi3JEzyXv8aoL66L84bIw==/com.pubg.imobile-ULGjLVZsiQl_IsGyk4JYTA==/lib/arm64/libUE4.so
06-07 19:45:22.037 25034 25034 F DEBUG   :       #14 pc 0000000008b02754  /data/app/~~EDi3JEzyXv8aoL66L84bIw==/com.pubg.imobile-ULGjLVZsiQl_IsGyk4JYTA==/lib/arm64/libUE4.so
06-07 19:45:22.037 25034 25034 F DEBUG   :       #15 pc 0000000008b02e58  /data/app/~~EDi3JEzyXv8aoL66L84bIw==/com.pubg.imobile-ULGjLVZsiQl_IsGyk4JYTA==/lib/arm64/libUE4.so
06-07 19:45:22.037 25034 25034 F DEBUG   :       #16 pc 000000000561c920  /data/app/~~EDi3JEzyXv8aoL66L84bIw==/com.pubg.imobile-ULGjLVZsiQl_IsGyk4JYTA==/lib/arm64/libUE4.so
06-07 19:45:22.038 25034 25034 F DEBUG   :       #17 pc 0000000005613b24  /data/app/~~EDi3JEzyXv8aoL66L84bIw==/com.pubg.imobile-ULGjLVZsiQl_IsGyk4JYTA==/lib/arm64/libUE4.so
06-07 19:45:22.038 25034 25034 F DEBUG   :       #18 pc 0000000005612934  /data/app/~~EDi3JEzyXv8aoL66L84bIw==/com.pubg.imobile-ULGjLVZsiQl_IsGyk4JYTA==/lib/arm64/libUE4.so
06-07 19:45:22.038 25034 25034 F DEBUG   :       #19 pc 0000000005617068  /data/app/~~EDi3JEzyXv8aoL66L84bIw==/com.pubg.imobile-ULGjLVZsiQl_IsGyk4JYTA==/lib/arm64/libUE4.so
06-07 19:45:22.038 25034 25034 F DEBUG   :       #20 pc 0000000005632bec  /data/app/~~EDi3JEzyXv8aoL66L84bIw==/com.pubg.imobile-ULGjLVZsiQl_IsGyk4JYTA==/lib/arm64/libUE4.so
06-07 19:45:22.038 25034 25034 F DEBUG   :       #21 pc 00000000000fba4c  /apex/com.android.runtime/lib64/bionic/libc.so (__pthread_start(void*)+204) (BuildId: 3908c7c57fa04c64df24425cf16523cf)
06-07 19:45:22.038 25034 25034 F DEBUG   :       #22 pc 000000000008e5f0  /apex/com.android.runtime/lib64/bionic/libc.so (__start_thread+64) (BuildId: 3908c7c57fa04c64df24425cf16523cf)
06-07 19:45:22.092 25034 25034 I crash_dump64: start notify aee_aed tombstone path: /data/tombstones/.temporary369
06-07 19:45:22.092 25034 25034 I crash_dump64: socket name: android:aee_aed, sfd: 9
06-07 19:45:22.105 25034 25034 I crash_dump64: crash_temporary_file_notify: 
06-07 19:45:22.105 25034 25034 I crash_dump64: crash_temporary_file_notify exit
06-07 19:45:22.107 25034 25034 I crash_dump64: start aee dumping
06-07 19:45:22.107 25034 25034 E crash_dump64: crash_mini_dump_notify: writing 'start dumping' fail: Broken pipe
06-07 19:45:22.107 25034 25034 I crash_dump64: crash_mini_dump_notify exit!
06-07 19:45:22.109 25034 25034 E MIUINDBG: miui_native_debug_process_O
06-07 19:45:22.109 25034 25034 E MIUINDBG: unable to connect to mqsas native socket
06-07 19:45:22.112 24695 24695 W HCallbackStub: handleLaunchActivity: Null activity record
06-07 19:45:22.272 24589 24764 W BProcessManager: App Died: pkg=com.pubg.imobile, process=com.pubg.imobile, pid=24695, userId=0
06-07 19:45:22.272 24589 24764 I Process : Sending signal. PID: 24695 SIG: 9
06-07 19:45:22.287 24564 24564 I ForceDarkHelperStubImpl: setViewRootImplForceDark: false for top.niunaijun.blackbox.app.LauncherActivity@c971a45, reason: AppDarkModeEnable
06-07 19:45:22.299 24564 24708 D AppScoutStateMachine: 24564-ScoutStateMachinecreated
06-07 19:45:22.358 24564 24564 E FileUtils: err write to mi_exception_log
06-07 19:45:22.388 24564 24564 D BufferQueueConsumer: [](id:5ff400000006,api:0,p:-1,c:24564) connect: controlledByApp=false
06-07 19:45:22.409 24564 24611 E gralloc4: Empty SMPTE 2094-40 data
06-07 19:45:22.409 24564 24611 D BLASTBufferQueue: [VRI[LauncherActivity]#6](f:0,a:1) acquireNextBufferLocked size=1080x2400 mFrameNumber=1 applyTransaction=true mTimestamp=961229451023985(auto) mPendingTransactions.size=0 graphicBufferId=105501576658968 transform=0
06-07 19:45:22.410 24564 24564 E FileUtils: err write to mi_exception_log
06-07 19:45:22.431 24564 24564 I ForceDarkHelperStubImpl: setViewRootImplForceDark: false for com.onecore.loader.activity.MainActivity@73a46fe, reason: AppDarkModeEnable
06-07 19:45:22.445 24564 24564 D BufferQueueConsumer: [](id:5ff400000007,api:0,p:-1,c:24564) connect: controlledByApp=false
06-07 19:45:22.462 24564 24611 E gralloc4: Empty SMPTE 2094-40 data
06-07 19:45:22.462 24564 24611 D BLASTBufferQueue: [VRI[MainActivity]#7](f:0,a:1) acquireNextBufferLocked size=1080x2400 mFrameNumber=1 applyTransaction=true mTimestamp=961229504536523(auto) mPendingTransactions.size=0 graphicBufferId=105501576658972 transform=0
06-07 19:45:22.469 24564 24564 D MiuiMultiWindowAdapter: MiuiMultiWindowAdapter::getFreeformVideoWhiteListInSystem::LIST_ABOUT_SUPPORT_LANDSCAPE_VIDEO = [com.hunantv.imgo.activity, com.tencent.qqlive, com.qiyi.video, com.hunantv.imgo.activity.inter, com.tencent.qqlivei18n, com.iqiyi.i18n, tv.danmaku.bili]
06-07 19:45:22.471 24564 24564 E .onecore.loader: Invalid ID 0x00000000.
06-07 19:45:22.471 24564 24564 E .onecore.loader: Invalid ID 0x00000000.
06-07 19:45:22.472 24564 24564 D DecorView[]: getWindowModeFromSystem  windowmode is 1
06-07 19:45:22.472 24564 24564 D DecorView[]: updateDecorCaptionStatus windowMode is 1
06-07 19:45:22.472 24564 24564 I ForceDarkHelperStubImpl: setViewRootImplForceDark: false for top.niunaijun.blackbox.app.LauncherActivity@c971a45, reason: AppDarkModeEnable
06-07 19:45:22.477 24564 24611 E gralloc4: Empty SMPTE 2094-40 data
06-07 19:45:22.482 24564 24611 E gralloc4: Empty SMPTE 2094-40 data
06-07 19:45:22.495 24564 24611 E gralloc4: Empty SMPTE 2094-40 data
06-07 19:45:22.495 24564 24611 D BLASTBufferQueue: [VRI[LauncherActivity]#6](f:0,a:3) producer disconnected before: mAbandoned=0
06-07 19:45:22.495 24564 24611 D BLASTBufferQueue: - BufferQueue mMaxAcquiredBufferCount=2 mMaxDequeuedBufferCount=2
06-07 19:45:22.495 24564 24611 D BLASTBufferQueue:   mDequeueBufferCannotBlock=0 mAsyncMode=0
06-07 19:45:22.495 24564 24611 D BLASTBufferQueue:   mQueueBufferCanDrop=0 mLegacyBufferDrop=1
06-07 19:45:22.495 24564 24611 D BLASTBufferQueue:   default-size=[1080x2400] default-format=2   transform-hint=04 frame-counter=3
06-07 19:45:22.495 24564 24611 D BLASTBufferQueue:   mTransformHintInUse=04 mAutoPrerotation=0
06-07 19:45:22.495 24564 24611 D BLASTBufferQueue: FIFO(0):
06-07 19:45:22.495 24564 24611 D BLASTBufferQueue: (mConsumerName=VRI[LauncherActivity]#6(BLAST Consumer)6, mConnectedApi=1, mConsumerUsageBits=2304, mId=5ff400000006, producer=[24564:com.onecore.loader], consumer=[24564:com.onecore.loader])
06-07 19:45:22.495 24564 24611 D BLASTBufferQueue: Slots:
06-07 19:45:22.495 24564 24611 D BLASTBufferQueue:  >[00:0x772d867000] state=ACQUIRED 0x7817683c80 frame=3 [2400x1080:2400,  1]
06-07 19:45:22.495 24564 24611 D BLASTBufferQueue:   [01:0x0] state=FREE    
06-07 19:45:22.495 24564 24611 D BLASTBufferQueue:   [02:0x0] state=FREE    
06-07 19:45:22.495 24564 24611 D BLASTBufferQueue:   [03:0x0] state=FREE    
06-07 19:45:22.498 24564 24564 D View    : [Warning] assignParent to null: this = DecorView@87c237c[LauncherActivity]
06-07 19:45:22.514 24564 24576 D BLASTBufferQueue: [VRI[LauncherActivity]#6](f:0,a:1) destructor()
06-07 19:45:22.514 24564 24576 D BufferQueueConsumer: [VRI[LauncherActivity]#6(BLAST Consumer)6](id:5ff400000006,api:0,p:-1,c:24564) disconnect
06-07 19:45:22.573 24564 24564 E FileUtils: err write to mi_exception_log
06-07 19:45:22.573 24564 24564 E FileUtils: err write to mi_exception_log
06-07 19:45:22.625 24564 24611 E gralloc4: Empty SMPTE 2094-40 data
06-07 19:45:22.626 24564 24611 D BLASTBufferQueue: [VRI[MainActivity]#7](f:0,a:2) producer disconnected before: mAbandoned=0
06-07 19:45:22.626 24564 24611 D BLASTBufferQueue: - BufferQueue mMaxAcquiredBufferCount=2 mMaxDequeuedBufferCount=2
06-07 19:45:22.626 24564 24611 D BLASTBufferQueue:   mDequeueBufferCannotBlock=0 mAsyncMode=0
06-07 19:45:22.626 24564 24611 D BLASTBufferQueue:   mQueueBufferCanDrop=0 mLegacyBufferDrop=1
06-07 19:45:22.626 24564 24611 D BLASTBufferQueue:   default-size=[1080x2400] default-format=2   transform-hint=00 frame-counter=3
06-07 19:45:22.626 24564 24611 D BLASTBufferQueue:   mTransformHintInUse=00 mAutoPrerotation=0
06-07 19:45:22.626 24564 24611 D BLASTBufferQueue: FIFO(0):
06-07 19:45:22.626 24564 24611 D BLASTBufferQueue: (mConsumerName=VRI[MainActivity]#7(BLAST Consumer)7, mConnectedApi=1, mConsumerUsageBits=2304, mId=5ff400000007, producer=[24564:com.onecore.loader], consumer=[24564:com.onecore.loader])
06-07 19:45:22.626 24564 24611 D BLASTBufferQueue: Slots:
06-07 19:45:22.626 24564 24611 D BLASTBufferQueue:  >[00:0x7740bbd300] state=ACQUIRED 0x7817728080 frame=3 [1080x2400:1088,  1]
06-07 19:45:22.626 24564 24611 D BLASTBufferQueue:   [01:0x0] state=FREE    
06-07 19:45:22.626 24564 24611 D BLASTBufferQueue:   [02:0x0] state=FREE    
06-07 19:45:22.626 24564 24611 D BLASTBufferQueue:   [03:0x0] state=FREE    
06-07 19:45:22.695 24564 24564 D DecorView[]: onWindowFocusChanged hasWindowFocus true
06-07 19:45:22.695 24564 24564 I HandWritingStubImpl: refreshLastKeyboardType: 1
06-07 19:45:22.695 24564 24564 I HandWritingStubImpl: getCurrentKeyboardType: 1
06-07 19:45:23.247 24564 24611 E gralloc4: Empty SMPTE 2094-40 data
06-07 19:45:23.264 24564 24611 E gralloc4: Empty SMPTE 2094-40 data
06-07 19:45:23.490 24564 24611 E gralloc4: Empty SMPTE 2094-40 data
06-07 19:45:23.781 24589 24589 D BProcessManager: init bUid = 10001, bPid = 0
06-07 19:45:23.781 24589 24589 D BProcessManager: initProcess: com.pubg.imobile
06-07 19:45:23.792 25062 25062 I libc    : SetHeapTaggingLevel: tag level set to 0
06-07 19:45:23.798 25062 25062 I ecore.loader:p0: Using CollectorTypeCC GC.
06-07 19:45:23.804 25062 25062 D nativeloader: Load libframework-connectivity-tiramisu-jni.so using APEX ns com_android_tethering for caller /apex/com.android.tethering/javalib/framework-connectivity-t.jar: ok
06-07 19:45:23.808 25062 25062 I MessageMonitor: Load libmiui_runtime
06-07 19:45:23.816 25062 25062 D CompatibilityChangeReporter: Compat change id reported: 171979766; UID 10466; state: DISABLED
06-07 19:45:23.822 25062 25062 D ApplicationLoaders: Returning zygote-cached class loader: /system/framework/android.test.base.jar
06-07 19:45:23.827 25062 25062 D nativeloader: Configuring clns-4 for other apk /data/app/~~RWnGDkVeE8ki_tQwHd2P_w==/com.onecore.loader-BTivvbaOS0a4fWVpHcH3Cw==/base.apk. target_sdk_version=28, uses_libraries=, library_path=/data/app/~~RWnGDkVeE8ki_tQwHd2P_w==/com.onecore.loader-BTivvbaOS0a4fWVpHcH3Cw==/lib/arm64:/data/app/~~RWnGDkVeE8ki_tQwHd2P_w==/com.onecore.loader-BTivvbaOS0a4fWVpHcH3Cw==/base.apk!/lib/arm64-v8a, permitted_path=/data:/mnt/expand:/data/user/0/com.onecore.loader
06-07 19:45:23.827 25062 25062 D nativeloader: Extending system_exposed_libraries: libteeservice_client.trustonic.so:libmisys_jni.xiaomi.so:libapuwareapusys.mtk.so:libapuwareapusys_v2.mtk.so:libapuwarexrp.mtk.so:libapuwarexrp_v2.mtk.so:libapuwareutils.mtk.so:libapuwareutils_v2.mtk.so:libapuwarehmp.mtk.so:libmcv_runtime_usdk.mtk.so:libneuron_graph_delegate.mtk.so:libneuronusdk_adapter.mtk.so:libtflite_mtk.mtk.so:libarmnn_ndk.mtk.so:libcmdl_ndk.mtk.so:libnir_neon_driver_ndk.mtk.so:libmvpu_runtime.mtk.so:libmvpu_runtime_pub.mtk.so:libmvpu_engine_pub.mtk.so:libmvpu_pattern_pub.mtk.so:libmvpuop_mtk_cv.mtk.so:libmvpuop_mtk_nn.mtk.so
06-07 19:45:23.835 25062 25062 D nativeloader: Load libframework-connectivity-jni.so using APEX ns com_android_tethering for caller /apex/com.android.tethering/javalib/framework-connectivity.jar: ok
06-07 19:45:23.837 25062 25062 V GraphicsEnvironment: ANGLE Developer option for 'com.onecore.loader' set to: 'default'
06-07 19:45:23.837 25062 25062 V GraphicsEnvironment: ANGLE GameManagerService for com.onecore.loader: false
06-07 19:45:23.837 25062 25062 V GraphicsEnvironment: Neither updatable production driver nor prerelease driver is supported.
06-07 19:45:23.842 25062 25062 I ForceDarkHelperStubImpl: initialize for com.onecore.loader , ForceDarkAppConfig: null
06-07 19:45:23.843 25062 25062 D nativeloader: Load libforcedarkimpl.so using system ns (caller=/system_ext/framework/miui-framework.jar): ok
06-07 19:45:23.843 25062 25062 D ecore.loader:p0: JNI_OnLoad success
06-07 19:45:23.843 25062 25062 I MiuiForceDarkConfig: setConfig density:2.750000, mainRule:0, secondaryRule:0, tertiaryRule:0
06-07 19:45:23.845 25062 25062 D NetworkSecurityConfig: Using Network Security Config from resource network_security_config debugBuild: false
06-07 19:45:23.845 25062 25062 D NetworkSecurityConfig: Using Network Security Config from resource network_security_config debugBuild: false
06-07 19:45:23.847 25062 25062 D nativeloader: Load /data/app/~~RWnGDkVeE8ki_tQwHd2P_w==/com.onecore.loader-BTivvbaOS0a4fWVpHcH3Cw==/lib/arm64/libMCoreEsp.so using class loader ns clns-4 (caller=/data/app/~~RWnGDkVeE8ki_tQwHd2P_w==/com.onecore.loader-BTivvbaOS0a4fWVpHcH3Cw==/base.apk): ok
06-07 19:45:23.848 25062 25062 D SimpleCrashFix: Installing essential crash fix...
06-07 19:45:23.848 25062 25062 D SimpleCrashFix: Global exception handler installed successfully
06-07 19:45:23.848 25062 25062 D ContextWrapperHook: Installing ContextWrapper hook...
06-07 19:45:23.848 25062 25062 D ContextWrapperHook: ContextWrapper.getResources() method hooked successfully
06-07 19:45:23.848 25062 25062 D ContextWrapperHook: ContextWrapper hook installed successfully
06-07 19:45:23.848 25062 25062 D SimpleCrashFix: Context wrapper hook installed
06-07 19:45:23.848 25062 25062 D SimpleCrashFix: Essential crash fix installed successfully
06-07 19:45:23.849 25062 25062 D BlackBoxCore: Simple crash fix installed at class loading time
06-07 19:45:23.849 25062 25062 D BlackBoxCore: Stack trace filter installed at class loading time
06-07 19:45:23.849 25062 25062 D SocialMediaCrashPrevention: Initializing social media app crash prevention...
06-07 19:45:23.849 25062 25062 D SocialMediaCrashPrevention: WebView constructor hook prepared
06-07 19:45:23.849 25062 25062 D SocialMediaCrashPrevention: WebView crash prevention installed
06-07 19:45:23.849 25062 25062 D SocialMediaCrashPrevention: AttributionSource crash prevention installed
06-07 19:45:23.849 25062 25062 W SocialMediaCrashPrevention: Host context is null, attempting to recover
06-07 19:45:23.849 25062 25062 D SocialMediaCrashPrevention: Successfully recovered context
06-07 19:45:23.849 25062 25062 D SocialMediaCrashPrevention: Context crash prevention installed
06-07 19:45:23.849 25062 25062 D SocialMediaCrashPrevention: Permission crash prevention installed
06-07 19:45:23.849 25062 25062 D SocialMediaCrashPrevention: Media crash prevention installed
06-07 19:45:23.849 25062 25062 D SocialMediaCrashPrevention: Social media app crash prevention initialized successfully
06-07 19:45:23.849 25062 25062 D BlackBoxCore: Social media app crash prevention initialized at class loading time
06-07 19:45:23.849 25062 25062 I BlackBoxCore: Early DEX/native crash prevention hooks disabled for UE4 compatibility
06-07 19:45:23.849 25062 25062 D CrashMonitor: Initializing comprehensive crash monitoring system...
06-07 19:45:23.849 25062 25062 D CrashMonitor: Registered 5 recovery strategies
06-07 19:45:23.849 25062 25062 D CrashMonitor: System error handler prepared
06-07 19:45:23.849 25062 25062 D CrashMonitor: Global crash handlers installed
06-07 19:45:23.849 25062 25062 D CrashMonitor: Crash monitoring started
06-07 19:45:23.849 25062 25062 D CrashMonitor: Crash monitoring system initialized successfully
06-07 19:45:23.849 25062 25062 D BlackBoxCore: Comprehensive crash monitoring initialized at class loading time
06-07 19:45:23.851 25062 25062 D VirtualSpoof: Spoof installed successfully
06-07 19:45:23.851 25062 25062 D VirtualSpoof: VirtualSpoof: __system_property_get hook loaded
06-07 19:45:23.851 25062 25062 D AntiDetection: Installing anti-detection hooks...
06-07 19:45:23.851 25062 25062 D AntiDetection: Installing actual file system hooks...
06-07 19:45:23.851 25062 25062 D AntiDetection: File system hooks installed successfully
06-07 19:45:23.851 25062 25062 D AntiDetection: Anti-detection hooks installation complete
06-07 19:45:23.851 25062 25062 D nativeloader: Load /data/app/~~RWnGDkVeE8ki_tQwHd2P_w==/com.onecore.loader-BTivvbaOS0a4fWVpHcH3Cw==/lib/arm64/libblackbox.so using class loader ns clns-4 (caller=/data/app/~~RWnGDkVeE8ki_tQwHd2P_w==/com.onecore.loader-BTivvbaOS0a4fWVpHcH3Cw==/base.apk!classes2.dex): ok
06-07 19:45:23.851 25062 25062 D NativeCore: set disableHiddenApi
06-07 19:45:23.851 25062 25062 D VirtualSpoof: [spoof] ro.build.version.sdk = 31
06-07 19:45:23.852 25062 25062 D NativeCore: found: 7770200000-777039b000 r--p 00000000 fd:0b 85                             /apex/com.android.art/lib64/libart.so
06-07 19:45:23.852 25062 25062 D NativeCore: update path: /apex/com.android.art/lib64/libart.so
06-07 19:45:23.852 25062 25062 D NativeCore: get module base /apex/com.android.art/lib64/libart.so: 7770200000
06-07 19:45:23.853 25062 25062 E NativeCore: HiddenAPI: Didn't find setHiddenApiExemptions in any form
06-07 19:45:23.853 25062 25062 D NativeCore: set disableHiddenApi Fail!!!
06-07 19:45:23.853 25062 25062 E ecore.loader:p0: hiddenapi: Accessing hidden method Ldalvik/system/VMRuntime;->setHiddenApiExemptions([Ljava/lang/String;)V (runtime_flags=CorePlatformApi, domain=core-platform, api=blocked,core-platform-api) from Ltop/niunaijun/blackbox/core/NativeCore; (domain=app, TargetSdkVersion=28) using reflection: denied
06-07 19:45:23.853 25062 25062 W NativeCore: Hidden API fallback failed: dalvik.system.VMRuntime.setHiddenApiExemptions [class [Ljava.lang.String;]
06-07 19:45:23.853 25062 25062 D NativeCore: set disableResourceLoading
06-07 19:45:23.853 25062 25062 D NativeCore: ResourceLoading: Could not find ApkAssets.nativeLoad symbol
06-07 19:45:23.853 25062 25062 D NativeCore: ResourceLoading: Found open function at 0x77f9b48a50
06-07 19:45:23.853 25062 25062 D NativeCore: ResourceLoading: Native resource loading hooks initialized (without system properties)
06-07 19:45:23.853 25062 25062 W BlackBoxCore: Could not access ResourcesManager overlay field: No field mDisableOverlayLoading in class Landroid/app/ResourcesManager; (declaration of 'android.app.ResourcesManager' appears in /system/framework/framework.jar)
06-07 19:45:23.853 25062 25062 W BlackBoxCore: Could not access WindowManager leak field: No field mIgnoreWindowLeaks in class Landroid/view/WindowManager; (declaration of 'android.view.WindowManager' appears in /system/framework/framework.jar!classes3.dex)
06-07 19:45:23.853 25062 25062 D SimpleCrashFix: Simple crash fix already installed
06-07 19:45:23.853 25062 25062 D BlackBoxCore: System hooks installed successfully
06-07 19:45:23.856 25062 25062 D BEnvironment: load: Already exists sVirtualRoot: /data/user/0/com.onecore.loader/blackbox
06-07 19:45:23.857 25062 25062 D BEnvironment: load: Already exists sExternalVirtualRoot: /storage/emulated/0/NewBlackBox
06-07 19:45:23.858 25062 25062 D BEnvironment: load: Already exists systemDir: /data/user/0/com.onecore.loader/blackbox/system
06-07 19:45:23.858 25062 25062 D BEnvironment: load: Already exists cacheDir: /data/user/0/com.onecore.loader/blackbox/cache
06-07 19:45:23.858 25062 25062 D BEnvironment: load: Already exists procDir: /data/user/0/com.onecore.loader/blackbox/proc
06-07 19:45:23.858 25062 25062 D BEnvironment: load: Already exists appRootDir: /data/user/0/com.onecore.loader/blackbox/data/app
06-07 19:45:23.861 25062 25062 D BEnvironment: load: Already exists userDir0: /data/user/0/com.onecore.loader/blackbox/data/user/0
06-07 19:45:23.862 25062 25062 D BEnvironment: load: Already exists externalUserDir0: /storage/emulated/0/SdCard
06-07 19:45:23.862 25062 25062 D BlackBoxCore: VPN network mode disabled, using normal network
06-07 19:45:23.865 25062 25062 D ClassLoaderProxy: Added host class loader as fallback
06-07 19:45:23.865 25062 25062 D ClassLoaderProxy: Added system class loader as fallback
06-07 19:45:23.865 25062 25062 D ClassLoaderProxy: Added boot class loader as fallback
06-07 19:45:23.872 25062 25062 D HookManager: hook: top.niunaijun.blackbox.fake.service.ContentResolverProxy@472c33c
06-07 19:45:23.872 25062 25062 D HookManager: hook: top.niunaijun.blackbox.fake.service.FeatureFlagUtilsProxy@a7fc41
06-07 19:45:23.872 25062 25062 D HookManager: hook: top.niunaijun.blackbox.fake.service.IXiaomiSettingsProxy@1a865e6
06-07 19:45:23.872 25062 25062 D HookManager: hook: top.niunaijun.blackbox.fake.service.ISystemUpdateProxy@9a3a727
06-07 19:45:23.872 25062 25062 D HookManager: hook: top.niunaijun.blackbox.fake.service.IShortcutManagerProxy@484fa72
06-07 19:45:23.873 25062 25062 D HookManager: hook: top.niunaijun.blackbox.fake.service.IWifiScannerProxy@f7c541f
06-07 19:45:23.875 25062 25062 D HookManager: hook: top.niunaijun.blackbox.fake.service.vivo.IVivoPermissionServiceProxy@ad565ca
06-07 19:45:23.875 25062 25062 W System.err: java.lang.ClassNotFoundException: vivo.app.security.IVivoPermissionService$Stub
06-07 19:45:23.876 25062 25062 W System.err: 	at java.lang.Class.classForName(Native Method)
06-07 19:45:23.876 25062 25062 W System.err: 	at java.lang.Class.forName(Class.java:591)
06-07 19:45:23.876 25062 25062 W System.err: 	at java.lang.Class.forName(Class.java:496)
06-07 19:45:23.876 25062 25062 W System.err: 	at top.niunaijun.blackreflection.BlackReflection.getClassNameByBlackClass(BlackReflection.java:239)
06-07 19:45:23.876 25062 25062 W System.err: 	at top.niunaijun.blackreflection.BlackReflection.create(BlackReflection.java:55)
06-07 19:45:23.876 25062 25062 W System.err: 	at top.niunaijun.blackbox.fake.service.vivo.IVivoPermissionServiceProxy.getWho(r8-map-id-a519337f95231ec8b2b4d24bb4403f3a3bd387666103e73a22b8b06635df3b17:1)
06-07 19:45:23.876 25062 25062 W System.err: 	at top.niunaijun.blackbox.fake.hook.ClassInvocationStub.injectHook(r8-map-id-a519337f95231ec8b2b4d24bb4403f3a3bd387666103e73a22b8b06635df3b17:1)
06-07 19:45:23.876 25062 25062 W System.err: 	at top.niunaijun.blackbox.fake.hook.HookManager.injectAll(r8-map-id-a519337f95231ec8b2b4d24bb4403f3a3bd387666103e73a22b8b06635df3b17:4)
06-07 19:45:23.876 25062 25062 W System.err: 	at top.niunaijun.blackbox.fake.hook.HookManager.init(r8-map-id-a519337f95231ec8b2b4d24bb4403f3a3bd387666103e73a22b8b06635df3b17:124)
06-07 19:45:23.876 25062 25062 W System.err: 	at top.niunaijun.blackbox.BlackBoxCore.doAttachBaseContext(r8-map-id-a519337f95231ec8b2b4d24bb4403f3a3bd387666103e73a22b8b06635df3b17:1070)
06-07 19:45:23.876 25062 25062 W System.err: 	at com.onecore.loader.BoxApplication.attachBaseContext(BoxApplication.java:52)
06-07 19:45:23.876 25062 25062 W System.err: 	at android.app.Application.attach(Application.java:355)
06-07 19:45:23.876 25062 25062 W System.err: 	at android.app.Instrumentation.newApplication(Instrumentation.java:1250)
06-07 19:45:23.876 25062 25062 W System.err: 	at android.app.LoadedApk.makeApplicationInner(LoadedApk.java:1493)
06-07 19:45:23.876 25062 25062 W System.err: 	at android.app.LoadedApk.makeApplicationInner(LoadedApk.java:1426)
06-07 19:45:23.876 25062 25062 W System.err: 	at android.app.ActivityThread.handleBindApplication(ActivityThread.java:7048)
06-07 19:45:23.876 25062 25062 W System.err: 	at android.app.ActivityThread.-$$Nest$mhandleBindApplication(Unknown Source:0)
06-07 19:45:23.876 25062 25062 W System.err: 	at android.app.ActivityThread$H.handleMessage(ActivityThread.java:2253)
06-07 19:45:23.876 25062 25062 W System.err: 	at android.os.Handler.dispatchMessage(Handler.java:106)
06-07 19:45:23.876 25062 25062 W System.err: 	at android.os.Looper.loopOnce(Looper.java:211)
06-07 19:45:23.876 25062 25062 W System.err: 	at android.os.Looper.loop(Looper.java:300)
06-07 19:45:23.876 25062 25062 W System.err: 	at android.app.ActivityThread.main(ActivityThread.java:8232)
06-07 19:45:23.876 25062 25062 W System.err: 	at java.lang.reflect.Method.invoke(Native Method)
06-07 19:45:23.876 25062 25062 W System.err: 	at com.android.internal.os.RuntimeInit$MethodAndArgsCaller.run(RuntimeInit.java:580)
06-07 19:45:23.876 25062 25062 W System.err: 	at com.android.internal.os.ZygoteInit.main(ZygoteInit.java:1028)
06-07 19:45:23.876 25062 25062 W System.err: Caused by: java.lang.ClassNotFoundException: vivo.app.security.IVivoPermissionService$Stub
06-07 19:45:23.876 25062 25062 W System.err: 	... 25 more
06-07 19:45:23.877 25062 25062 D HookManager: hook error: top.niunaijun.blackbox.fake.service.vivo.IVivoPermissionServiceProxy@ad565ca
06-07 19:45:23.877 25062 25062 E HookManager: Hook failed: IVivoPermissionServiceProxy - Attempt to invoke interface method 'android.os.IInterface black.model.vivo.IVivoPermissionServiceStubStatic.asInterface(android.os.IBinder)' on a null object reference
06-07 19:45:23.877 25062 25062 E HookManager: java.lang.NullPointerException: Attempt to invoke interface method 'android.os.IInterface black.model.vivo.IVivoPermissionServiceStubStatic.asInterface(android.os.IBinder)' on a null object reference
06-07 19:45:23.877 25062 25062 E HookManager: 	at top.niunaijun.blackbox.fake.service.vivo.IVivoPermissionServiceProxy.getWho(r8-map-id-a519337f95231ec8b2b4d24bb4403f3a3bd387666103e73a22b8b06635df3b17:2)
06-07 19:45:23.877 25062 25062 E HookManager: 	at top.niunaijun.blackbox.fake.hook.ClassInvocationStub.injectHook(r8-map-id-a519337f95231ec8b2b4d24bb4403f3a3bd387666103e73a22b8b06635df3b17:1)
06-07 19:45:23.877 25062 25062 E HookManager: 	at top.niunaijun.blackbox.fake.hook.HookManager.injectAll(r8-map-id-a519337f95231ec8b2b4d24bb4403f3a3bd387666103e73a22b8b06635df3b17:4)
06-07 19:45:23.877 25062 25062 E HookManager: 	at top.niunaijun.blackbox.fake.hook.HookManager.init(r8-map-id-a519337f95231ec8b2b4d24bb4403f3a3bd387666103e73a22b8b06635df3b17:124)
06-07 19:45:23.877 25062 25062 E HookManager: 	at top.niunaijun.blackbox.BlackBoxCore.doAttachBaseContext(r8-map-id-a519337f95231ec8b2b4d24bb4403f3a3bd387666103e73a22b8b06635df3b17:1070)
06-07 19:45:23.877 25062 25062 E HookManager: 	at com.onecore.loader.BoxApplication.attachBaseContext(BoxApplication.java:52)
06-07 19:45:23.877 25062 25062 E HookManager: 	at android.app.Application.attach(Application.java:355)
06-07 19:45:23.877 25062 25062 E HookManager: 	at android.app.Instrumentation.newApplication(Instrumentation.java:1250)
06-07 19:45:23.877 25062 25062 E HookManager: 	at android.app.LoadedApk.makeApplicationInner(LoadedApk.java:1493)
06-07 19:45:23.877 25062 25062 E HookManager: 	at android.app.LoadedApk.makeApplicationInner(LoadedApk.java:1426)
06-07 19:45:23.877 25062 25062 E HookManager: 	at android.app.ActivityThread.handleBindApplication(ActivityThread.java:7048)
06-07 19:45:23.877 25062 25062 E HookManager: 	at android.app.ActivityThread.-$$Nest$mhandleBindApplication(Unknown Source:0)
06-07 19:45:23.877 25062 25062 E HookManager: 	at android.app.ActivityThread$H.handleMessage(ActivityThread.java:2253)
06-07 19:45:23.877 25062 25062 E HookManager: 	at android.os.Handler.dispatchMessage(Handler.java:106)
06-07 19:45:23.877 25062 25062 E HookManager: 	at android.os.Looper.loopOnce(Looper.java:211)
06-07 19:45:23.877 25062 25062 E HookManager: 	at android.os.Looper.loop(Looper.java:300)
06-07 19:45:23.877 25062 25062 E HookManager: 	at android.app.ActivityThread.main(ActivityThread.java:8232)
06-07 19:45:23.877 25062 25062 E HookManager: 	at java.lang.reflect.Method.invoke(Native Method)
06-07 19:45:23.877 25062 25062 E HookManager: 	at com.android.internal.os.RuntimeInit$MethodAndArgsCaller.run(RuntimeInit.java:580)
06-07 19:45:23.877 25062 25062 E HookManager: 	at com.android.internal.os.ZygoteInit.main(ZygoteInit.java:1028)
06-07 19:45:23.877 25062 25062 D HookManager: hook: top.niunaijun.blackbox.fake.service.IStorageStatsManagerProxy@92ea817
06-07 19:45:23.878 25062 25062 D HookManager: hook: top.niunaijun.blackbox.fake.service.IVpnManagerProxy@861c70
06-07 19:45:23.880 25062 25062 D HookManager: hook: top.niunaijun.blackbox.fake.service.WorkManagerProxy@fb4412b
06-07 19:45:23.880 25062 25062 W WorkManagerProxy: Failed to get WorkManager instance
06-07 19:45:23.880 25062 25062 W WorkManagerProxy: java.lang.reflect.InvocationTargetException
06-07 19:45:23.880 25062 25062 W WorkManagerProxy: 	at java.lang.reflect.Method.invoke(Native Method)
06-07 19:45:23.880 25062 25062 W WorkManagerProxy: 	at top.niunaijun.blackbox.fake.service.WorkManagerProxy.getWho(r8-map-id-a519337f95231ec8b2b4d24bb4403f3a3bd387666103e73a22b8b06635df3b17:6)
06-07 19:45:23.880 25062 25062 W WorkManagerProxy: 	at top.niunaijun.blackbox.fake.hook.ClassInvocationStub.injectHook(r8-map-id-a519337f95231ec8b2b4d24bb4403f3a3bd387666103e73a22b8b06635df3b17:1)
06-07 19:45:23.880 25062 25062 W WorkManagerProxy: 	at top.niunaijun.blackbox.fake.hook.HookManager.injectAll(r8-map-id-a519337f95231ec8b2b4d24bb4403f3a3bd387666103e73a22b8b06635df3b17:4)
06-07 19:45:23.880 25062 25062 W WorkManagerProxy: 	at top.niunaijun.blackbox.fake.hook.HookManager.init(r8-map-id-a519337f95231ec8b2b4d24bb4403f3a3bd387666103e73a22b8b06635df3b17:124)
06-07 19:45:23.880 25062 25062 W WorkManagerProxy: 	at top.niunaijun.blackbox.BlackBoxCore.doAttachBaseContext(r8-map-id-a519337f95231ec8b2b4d24bb4403f3a3bd387666103e73a22b8b06635df3b17:1070)
06-07 19:45:23.880 25062 25062 W WorkManagerProxy: 	at com.onecore.loader.BoxApplication.attachBaseContext(BoxApplication.java:52)
06-07 19:45:23.880 25062 25062 W WorkManagerProxy: 	at android.app.Application.attach(Application.java:355)
06-07 19:45:23.880 25062 25062 W WorkManagerProxy: 	at android.app.Instrumentation.newApplication(Instrumentation.java:1250)
06-07 19:45:23.880 25062 25062 W WorkManagerProxy: 	at android.app.LoadedApk.makeApplicationInner(LoadedApk.java:1493)
06-07 19:45:23.880 25062 25062 W WorkManagerProxy: 	at android.app.LoadedApk.makeApplicationInner(LoadedApk.java:1426)
06-07 19:45:23.880 25062 25062 W WorkManagerProxy: 	at android.app.ActivityThread.handleBindApplication(ActivityThread.java:7048)
06-07 19:45:23.880 25062 25062 W WorkManagerProxy: 	at android.app.ActivityThread.-$$Nest$mhandleBindApplication(Unknown Source:0)
06-07 19:45:23.880 25062 25062 W WorkManagerProxy: 	at android.app.ActivityThread$H.handleMessage(ActivityThread.java:2253)
06-07 19:45:23.880 25062 25062 W WorkManagerProxy: 	at android.os.Handler.dispatchMessage(Handler.java:106)
06-07 19:45:23.880 25062 25062 W WorkManagerProxy: 	at android.os.Looper.loopOnce(Looper.java:211)
06-07 19:45:23.880 25062 25062 W WorkManagerProxy: 	at android.os.Looper.loop(Looper.java:300)
06-07 19:45:23.880 25062 25062 W WorkManagerProxy: 	at android.app.ActivityThread.main(ActivityThread.java:8232)
06-07 19:45:23.880 25062 25062 W WorkManagerProxy: 	at java.lang.reflect.Method.invoke(Native Method)
06-07 19:45:23.880 25062 25062 W WorkManagerProxy: 	at com.android.internal.os.RuntimeInit$MethodAndArgsCaller.run(RuntimeInit.java:580)
06-07 19:45:23.880 25062 25062 W WorkManagerProxy: 	at com.android.internal.os.ZygoteInit.main(ZygoteInit.java:1028)
06-07 19:45:23.880 25062 25062 W WorkManagerProxy: Caused by: java.lang.IllegalStateException: WorkManager is not initialized properly.  You have explicitly disabled WorkManagerInitializer in your manifest, have not manually called WorkManager#initialize at this point, and your Application does not implement Configuration.Provider.
06-07 19:45:23.880 25062 25062 W WorkManagerProxy: 	at androidx.work.impl.WorkManagerImpl.getInstance(WorkManagerImpl.java:170)
06-07 19:45:23.880 25062 25062 W WorkManagerProxy: 	at androidx.work.WorkManager.getInstance(WorkManager.java:184)
06-07 19:45:23.880 25062 25062 W WorkManagerProxy: 	... 21 more
06-07 19:45:23.880 25062 25062 D HookManager: hook: top.niunaijun.blackbox.fake.service.IAppWidgetManagerProxy@350cf46
06-07 19:45:23.881 25062 25062 D HookManager: hook: top.niunaijun.blackbox.fake.service.IAudioServiceProxy@f3daaa3
06-07 19:45:23.881 25062 25062 D AudioServiceProxy: Failed Android 16+ path, trying alternative: Method was null!
06-07 19:45:23.881 25062 25062 D AudioServiceProxy: Failed alternative path: Method was null!
06-07 19:45:23.882 25062 25062 D AudioServiceProxy: Successfully obtained IAudioService interface
06-07 19:45:23.883 25062 25062 D HookManager: hook: top.niunaijun.blackbox.fake.service.INetworkManagementServiceProxy@884811e
06-07 19:45:23.884 25062 25062 D HookManager: hook: top.niunaijun.blackbox.fake.service.IAutofillManagerProxy@76bcb1b
06-07 19:45:23.885 25062 25062 D HookManager: hook: top.niunaijun.blackbox.fake.service.IActivityClientProxy@b9195f6
06-07 19:45:23.887 25062 25062 D HookManager: hook: top.niunaijun.blackbox.fake.service.ISettingsProviderProxy@9c4b4ef
06-07 19:45:23.887 25062 25062 D HookManager: hook: top.niunaijun.blackbox.fake.service.IAccessibilityManagerProxy@7bc0bfc
06-07 19:45:23.888 25062 25062 D HookManager: hook: top.niunaijun.blackbox.fake.service.IPersistentDataBlockServiceProxy@c6852e7
06-07 19:45:23.889 25062 25062 D HookManager: hook: top.niunaijun.blackbox.fake.service.WebViewProxy@4736932
06-07 19:45:23.889 25062 25062 D HookManager: hook: top.niunaijun.blackbox.fake.service.DeviceIdProxy@ddd3683
06-07 19:45:23.889 25062 25062 D HookManager: hook: top.niunaijun.blackbox.fake.service.ILocationManagerProxy@a1e5000
06-07 19:45:23.890 25062 25062 D HookManager: hook: top.niunaijun.blackbox.fake.service.ISystemSensorManagerProxy@d63a6f5
06-07 19:45:23.890 25062 25062 D HookManager: hook: top.niunaijun.blackbox.fake.service.INotificationManagerProxy@6caec8a
06-07 19:45:23.891 25062 25062 D HookManager: hook: top.niunaijun.blackbox.fake.service.AndroidIdProxy@994bd71
06-07 19:45:23.891 25062 25062 D HookManager: hook: top.niunaijun.blackbox.fake.service.IConnectivityManagerProxy@c734756
06-07 19:45:23.892 25062 25062 D HookManager: hook: top.niunaijun.blackbox.fake.service.IActivityTaskManagerProxy@48c673
06-07 19:45:23.895 25062 25062 D HookManager: hook: top.niunaijun.blackbox.fake.service.IAlarmManagerProxy@f3f8c3a
06-07 19:45:23.895 25062 25062 D HookManager: hook: top.niunaijun.blackbox.fake.delegate.AppInstrumentation@db950c7
06-07 19:45:23.896 25062 25062 D HookManager: hook: top.niunaijun.blackbox.fake.service.HCallbackProxy@3876892
06-07 19:45:23.896 25062 25062 D HookManager: hook: top.niunaijun.blackbox.fake.service.FileSystemProxy@5d64f19
06-07 19:45:23.896 25062 25062 D HookManager: hook: top.niunaijun.blackbox.fake.service.IWebViewUpdateServiceProxy@eaf7bde
06-07 19:45:23.896 25062 25062 D HookManager: hook: top.niunaijun.blackbox.fake.service.ILauncherAppsProxy@42991bf
06-07 19:45:23.897 25062 25062 D HookManager: hook: top.niunaijun.blackbox.fake.service.ReLinkerProxy@aaf0978
06-07 19:45:23.897 25062 25062 D HookManager: hook: top.niunaijun.blackbox.fake.service.ITelephonyManagerProxy@c39c851
06-07 19:45:23.902 25062 25062 D HookManager: hook: top.niunaijun.blackbox.fake.service.MediaRecorderProxy@db71a42
06-07 19:45:23.902 25062 25062 D HookManager: hook: top.niunaijun.blackbox.fake.service.SystemLibraryProxy@2027a53
06-07 19:45:23.902 25062 25062 D HookManager: hook: top.niunaijun.blackbox.fake.service.IActivityManagerProxy@b858f90
06-07 19:45:23.904 25062 25062 D HookManager: hook: top.niunaijun.blackbox.fake.service.IDeviceIdentifiersPolicyProxy@66e4c45
06-07 19:45:23.906 25062 25062 D HookManager: hook: top.niunaijun.blackbox.fake.service.ApkAssetsProxy@9cb2b66
06-07 19:45:23.906 25062 25062 D HookManager: hook: top.niunaijun.blackbox.fake.service.IAccountManagerProxy@99ebea7
06-07 19:45:23.906 25062 25062 D HookManager: hook: top.niunaijun.blackbox.fake.service.IMiuiSecurityManagerProxy@223fcc0
06-07 19:45:23.907 25062 25062 D HookManager: hook: top.niunaijun.blackbox.fake.service.ISensorPrivacyManagerProxy@cd54df9
06-07 19:45:23.908 25062 25062 D SensorPrivacyProxy: Failed Android 16+ path, trying alternative: Method was null!
06-07 19:45:23.908 25062 25062 D SensorPrivacyProxy: Failed alternative path: Method was null!
06-07 19:45:23.909 25062 25062 D SensorPrivacyProxy: Successfully obtained ISensorPrivacyManager interface
06-07 19:45:23.910 25062 25062 D HookManager: hook: top.niunaijun.blackbox.fake.service.IUserManagerProxy@1ac24ec
06-07 19:45:23.911 25062 25062 D HookManager: hook: top.niunaijun.blackbox.fake.service.ILocaleManagerProxy@a7dc331
06-07 19:45:23.912 25062 25062 D HookManager: hook: top.niunaijun.blackbox.fake.service.context.RestrictionsManagerStub@958e1a2
06-07 19:45:23.913 25062 25062 D HookManager: hook: top.niunaijun.blackbox.fake.service.IWindowManagerProxy@42fea8f
06-07 19:45:23.918 25062 25062 D HookManager: hook: top.niunaijun.blackbox.fake.service.IAppOpsManagerProxy@14454c6
06-07 19:45:23.920 25062 25062 D HookManager: hook: top.niunaijun.blackbox.fake.service.IXiaomiMiuiServicesProxy@b7d3cd9
06-07 19:45:23.920 25062 25062 D HookManager: hook: top.niunaijun.blackbox.fake.service.IDisplayManagerProxy@5b3369e
06-07 19:45:23.921 25062 25062 D HookManager: hook: top.niunaijun.blackbox.fake.service.IPhoneSubInfoProxy@e98ae11
06-07 19:45:23.922 25062 25062 D HookManager: hook: top.niunaijun.blackbox.fake.service.AuthenticationProxy@718b5e4
06-07 19:45:23.922 25062 25062 D HookManager: hook: top.niunaijun.blackbox.fake.service.IContextHubServiceProxy@f491a4d
06-07 19:45:23.923 25062 25062 D HookManager: hook: top.niunaijun.blackbox.fake.service.IPackageManagerProxy@c9d4c50
06-07 19:45:23.926 25062 25062 D HookManager: hook: top.niunaijun.blackbox.fake.service.IDnsResolverProxy@a0dd08b
06-07 19:45:23.926 25062 25062 D IDnsResolverProxy: IDnsResolverProxy: Returning null for getWho to avoid reflection issues
06-07 19:45:23.926 25062 25062 D HookManager: hook: top.niunaijun.blackbox.fake.service.libcore.OsStub@3ee5568
06-07 19:45:23.927 25062 25062 D HookManager: hook: top.niunaijun.blackbox.fake.service.IFingerprintManagerProxy@906ea67
06-07 19:45:23.928 25062 25062 D HookManager: hook: top.niunaijun.blackbox.fake.service.ClassLoaderProxy@e046980
06-07 19:45:23.928 25062 25062 D HookManager: hook: top.niunaijun.blackbox.fake.service.IContentProviderProxy@9061bb9
06-07 19:45:23.928 25062 25062 D HookManager: hook: top.niunaijun.blackbox.fake.service.MediaRecorderClassProxy@e225bfe
06-07 19:45:23.928 25062 25062 D HookManager: hook: top.niunaijun.blackbox.fake.service.IStorageManagerProxy@11cbf5f
06-07 19:45:23.928 25062 25062 D HookManager: hook: top.niunaijun.blackbox.fake.service.IVibratorServiceProxy@715e898
06-07 19:45:23.929 25062 25062 D HookManager: hook: top.niunaijun.blackbox.fake.service.IJobServiceProxy@6e5c32d
06-07 19:45:23.930 25062 25062 D HookManager: hook: top.niunaijun.blackbox.fake.service.ISettingsSystemProxy@f9bc0ae
06-07 19:45:23.930 25062 25062 D HookManager: hook: top.niunaijun.blackbox.fake.service.context.ContentServiceStub@e9a3e4f
06-07 19:45:23.930 25062 25062 D HookManager: hook: top.niunaijun.blackbox.fake.service.WebViewFactoryProxy@ea0a7c8
06-07 19:45:23.930 25062 25062 D HookManager: hook: top.niunaijun.blackbox.fake.service.ITelephonyRegistryProxy@a369061
06-07 19:45:23.931 25062 25062 D HookManager: hook: top.niunaijun.blackbox.fake.service.IPowerManagerProxy@d474612
06-07 19:45:23.938 25062 25062 D HookManager: hook: top.niunaijun.blackbox.fake.service.IMediaSessionManagerProxy@aad593f
06-07 19:45:23.945 25062 25062 D HookManager: hook: top.niunaijun.blackbox.fake.service.GoogleAccountManagerProxy@fb192f8
06-07 19:45:23.947 25062 25062 D HookManager: hook: top.niunaijun.blackbox.fake.service.ResourcesManagerProxy@2485c0d
06-07 19:45:23.947 25062 25062 D HookManager: hook: top.niunaijun.blackbox.fake.service.IDevicePolicyManagerProxy@3e957c2
06-07 19:45:23.950 24564 24564 W Choreographer: Frame time is 0.073998  now = 961230992144293  timestampNanos = 961230992218291 ms in the future!  Check that graphics HAL is generating vsync timestamps using the correct timebase.
06-07 19:45:23.954 25062 25062 D HookManager: hook: top.niunaijun.blackbox.fake.service.IWifiManagerProxy@3f5102f
06-07 19:45:23.959 25062 25062 D HookManager: hook: top.niunaijun.blackbox.fake.service.AudioRecordProxy@21e1d1a
06-07 19:45:23.959 25062 25062 D HookManager: hook: top.niunaijun.blackbox.fake.service.GmsProxy@fcc804b
06-07 19:45:23.960 25062 25062 E GmsProxy: Failed to get gms service binder
06-07 19:45:23.960 25062 25062 D HookManager: hook: top.niunaijun.blackbox.fake.service.LevelDbProxy@e2baa28
06-07 19:45:23.960 25062 25062 D HookManager: hook: top.niunaijun.blackbox.fake.service.IMediaRouterServiceProxy@95fd341
06-07 19:45:23.963 25062 25062 D HookManager: hook: top.niunaijun.blackbox.fake.service.SQLiteDatabaseProxy@3cb3572
06-07 19:45:23.963 25062 25062 D HookManager: hook: top.niunaijun.blackbox.fake.service.IPermissionManagerProxy@ffaadc3
06-07 19:45:23.965 25062 25062 W System.err: java.lang.Exception: Oops!
06-07 19:45:23.965 25062 25062 W System.err: 	at top.niunaijun.blackbox.utils.Reflector.set(r8-map-id-a519337f95231ec8b2b4d24bb4403f3a3bd387666103e73a22b8b06635df3b17:7)
06-07 19:45:23.965 25062 25062 W System.err: 	at top.niunaijun.blackbox.fake.service.IPermissionManagerProxy.inject(r8-map-id-a519337f95231ec8b2b4d24bb4403f3a3bd387666103e73a22b8b06635df3b17:11)
06-07 19:45:23.965 25062 25062 W System.err: 	at top.niunaijun.blackbox.fake.hook.ClassInvocationStub.injectHook(r8-map-id-a519337f95231ec8b2b4d24bb4403f3a3bd387666103e73a22b8b06635df3b17:8)
06-07 19:45:23.965 25062 25062 W System.err: 	at top.niunaijun.blackbox.fake.hook.HookManager.injectAll(r8-map-id-a519337f95231ec8b2b4d24bb4403f3a3bd387666103e73a22b8b06635df3b17:4)
06-07 19:45:23.965 25062 25062 W System.err: 	at top.niunaijun.blackbox.fake.hook.HookManager.init(r8-map-id-a519337f95231ec8b2b4d24bb4403f3a3bd387666103e73a22b8b06635df3b17:124)
06-07 19:45:23.965 25062 25062 W System.err: 	at top.niunaijun.blackbox.BlackBoxCore.doAttachBaseContext(r8-map-id-a519337f95231ec8b2b4d24bb4403f3a3bd387666103e73a22b8b06635df3b17:1070)
06-07 19:45:23.965 25062 25062 W System.err: 	at com.onecore.loader.BoxApplication.attachBaseContext(BoxApplication.java:52)
06-07 19:45:23.965 25062 25062 W System.err: 	at android.app.Application.attach(Application.java:355)
06-07 19:45:23.965 25062 25062 W System.err: 	at android.app.Instrumentation.newApplication(Instrumentation.java:1250)
06-07 19:45:23.965 25062 25062 W System.err: 	at android.app.LoadedApk.makeApplicationInner(LoadedApk.java:1493)
06-07 19:45:23.965 25062 25062 W System.err: 	at android.app.LoadedApk.makeApplicationInner(LoadedApk.java:1426)
06-07 19:45:23.965 25062 25062 W System.err: 	at android.app.ActivityThread.handleBindApplication(ActivityThread.java:7048)
06-07 19:45:23.965 25062 25062 W System.err: 	at android.app.ActivityThread.-$$Nest$mhandleBindApplication(Unknown Source:0)
06-07 19:45:23.965 25062 25062 W System.err: 	at android.app.ActivityThread$H.handleMessage(ActivityThread.java:2253)
06-07 19:45:23.965 25062 25062 W System.err: 	at android.os.Handler.dispatchMessage(Handler.java:106)
06-07 19:45:23.965 25062 25062 W System.err: 	at android.os.Looper.loopOnce(Looper.java:211)
06-07 19:45:23.965 25062 25062 W System.err: 	at android.os.Looper.loop(Looper.java:300)
06-07 19:45:23.965 25062 25062 W System.err: 	at android.app.ActivityThread.main(ActivityThread.java:8232)
06-07 19:45:23.965 25062 25062 W System.err: 	at java.lang.reflect.Method.invoke(Native Method)
06-07 19:45:23.965 25062 25062 W System.err: 	at com.android.internal.os.RuntimeInit$MethodAndArgsCaller.run(RuntimeInit.java:580)
06-07 19:45:23.965 25062 25062 W System.err: 	at com.android.internal.os.ZygoteInit.main(ZygoteInit.java:1028)
06-07 19:45:23.965 25062 25062 W System.err: Caused by: java.lang.IllegalArgumentException: field android.app.ApplicationPackageManager.mPermissionManager has type android.permission.PermissionManager, got $Proxy105
06-07 19:45:23.965 25062 25062 W System.err: 	at java.lang.reflect.Field.set(Native Method)
06-07 19:45:23.965 25062 25062 W System.err: 	at top.niunaijun.blackbox.utils.Reflector.set(r8-map-id-a519337f95231ec8b2b4d24bb4403f3a3bd387666103e73a22b8b06635df3b17:4)
06-07 19:45:23.966 25062 25062 W System.err: 	... 20 more
06-07 19:45:23.966 25062 25062 D HookManager: hook: top.niunaijun.blackbox.fake.service.IGraphicsStatsProxy@f4800ca
06-07 19:45:23.966 25062 25062 D HookManager: hook: top.niunaijun.blackbox.fake.service.IAttributionSourceProxy@822123b
06-07 19:45:23.966 25062 25062 D HookManager: hook: top.niunaijun.blackbox.fake.service.ISensitiveContentProtectionManagerProxy@cb1ed58
06-07 19:45:23.967 25062 25062 D HookManager: hook: top.niunaijun.blackbox.fake.service.IXiaomiAttributionSourceProxy@8230eb1
06-07 19:45:23.977 25062 25062 D SimpleCrashFix: Simple crash fix already installed
06-07 19:45:23.977 25062 25062 D BlackBoxCore: System hooks installed successfully
06-07 19:45:23.977 25062 25062 I SdkProtectionManager: Initialized
06-07 19:45:23.977 25062 25062 I SdkProtectionManager: setEnabled=false
06-07 19:45:23.977 25062 25062 I BlackBoxCore: SDK Protection initialized in UE4-compatible passive mode
06-07 19:45:23.977 25062 25062 D BlackBoxCore: Ensuring proper initialization order...
06-07 19:45:23.978 25062 25062 D NativeCore: NativeCore init.
06-07 19:45:23.978 25062 25062 D BlackBoxCore: NativeCore initialized successfully
06-07 19:45:23.980 24589 24589 E FileUtils: err write to mi_exception_log
06-07 19:45:23.981 24589 24764 D SystemCallProvider: call: VM, Bundle[mParcelledData.dataSize=88]
06-07 19:45:23.981 24589 24764 D SystemCallProvider: Requesting service: activity_manager
06-07 19:45:23.981 24589 24764 D SystemCallProvider: Service activity_manager provided successfully
06-07 19:45:23.981 25062 25062 D BlackBoxCore: getService: activity_manager, android.os.BinderProxy@3048704
06-07 19:45:23.982 24589 24764 D SystemCallProvider: call: VM, Bundle[mParcelledData.dataSize=84]
06-07 19:45:23.982 24589 24764 D SystemCallProvider: Requesting service: package_manager
06-07 19:45:23.982 24589 24764 D SystemCallProvider: Service package_manager provided successfully
06-07 19:45:23.983 25062 25062 D BlackBoxCore: getService: package_manager, android.os.BinderProxy@b28e4ed
06-07 19:45:23.983 24589 24764 D SystemCallProvider: call: VM, Bundle[mParcelledData.dataSize=84]
06-07 19:45:23.983 24589 24764 D SystemCallProvider: Requesting service: storage_manager
06-07 19:45:23.983 24589 24764 D SystemCallProvider: Service storage_manager provided successfully
06-07 19:45:23.983 25062 25062 D BlackBoxCore: getService: storage_manager, android.os.BinderProxy@277df22
06-07 19:45:23.984 24589 24764 D SystemCallProvider: call: VM, Bundle[mParcelledData.dataSize=80]
06-07 19:45:23.984 24589 24764 D SystemCallProvider: Requesting service: user_manager
06-07 19:45:23.984 24589 24764 D SystemCallProvider: Service user_manager provided successfully
06-07 19:45:23.985 25062 25062 D BlackBoxCore: getService: user_manager, android.os.BinderProxy@9528db3
06-07 19:45:23.985 24589 24764 D SystemCallProvider: call: VM, Bundle[mParcelledData.dataSize=76]
06-07 19:45:23.985 24589 24764 D SystemCallProvider: Requesting service: job_manager
06-07 19:45:23.985 24589 24764 D SystemCallProvider: Service job_manager provided successfully
06-07 19:45:23.986 25062 25062 D BlackBoxCore: getService: job_manager, android.os.BinderProxy@ac50f70
06-07 19:45:23.986 24589 24764 D SystemCallProvider: call: VM, Bundle[mParcelledData.dataSize=84]
06-07 19:45:23.986 24589 24764 D SystemCallProvider: Requesting service: account_manager
06-07 19:45:23.986 24589 24764 D SystemCallProvider: Service account_manager provided successfully
06-07 19:45:23.986 25062 25062 D BlackBoxCore: getService: account_manager, android.os.BinderProxy@13be2e9
06-07 19:45:23.987 24589 24764 D SystemCallProvider: call: VM, Bundle[mParcelledData.dataSize=88]
06-07 19:45:23.987 24589 24764 D SystemCallProvider: Requesting service: location_manager
06-07 19:45:23.987 24589 24764 D SystemCallProvider: Service location_manager provided successfully
06-07 19:45:23.988 25062 25062 D BlackBoxCore: getService: location_manager, android.os.BinderProxy@ed8cb6e
06-07 19:45:23.988 24589 24764 D SystemCallProvider: call: VM, Bundle[mParcelledData.dataSize=96]
06-07 19:45:23.988 24589 24764 D SystemCallProvider: Requesting service: notification_manager
